******************************************************************************
               TMS320C6x Linker PC v8.0.1                      
******************************************************************************
>> Linked Wed Feb 24 21:09:28 2016

OUTPUT FILE NAME:   <Adaptive_filter_all.out>
ENTRY POINT SYMBOL: "_c_int00"  address: 0080d5c0


MEMORY CONFIGURATION

         name            origin    length      used     unused   attr    fill
----------------------  --------  ---------  --------  --------  ----  --------
  L2SRAM                00800000   00080000  0001caca  00063536  RW X
  MSMCSRAM              0c000000   00400000  00000000  00400000  RW X
  DDR3                  80000000   20000000  00000000  20000000  RWIX


SEGMENT ALLOCATION MAP

run origin  load origin   length   init length attrs members
----------  ----------- ---------- ----------- ----- -------
00800000    00800000    00010ba0   00010ba0    r-x
  00800000    00800000    00010ba0   00010ba0    r-x .text
00810ba0    00810ba0    00007148   00000000    rw-
  00810ba0    00810ba0    00007148   00000000    rw- .far
00817ce8    00817ce8    0000272e   0000272e    r--
  00817ce8    00817ce8    0000272e   0000272e    r-- .const
0081a418    0081a418    00001dd0   00000000    rw-
  0081a418    0081a418    00001000   00000000    rw- .stack
  0081b418    0081b418    00000cac   00000000    rw- .fardata
  0081c0c8    0081c0c8    00000120   00000000    rw- .cio
0081c1e8    0081c1e8    00000038   00000038    r--
  0081c1e8    0081c1e8    00000038   00000038    r-- .switch
0081c220    0081c220    00000024   00000000    rw-
  0081c220    0081c220    00000010   00000000    rw- .bss
  0081c230    0081c230    00000014   00000000    rw- .neardata
0081c400    0081c400    0000088c   0000088c    r-x
  0081c400    0081c400    00000200   00000200    r-x .vecs
  0081c600    0081c600    0000068c   0000068c    r-- .cinit


SECTION ALLOCATION MAP

 output                                  attributes/
section   page    origin      length       input sections
--------  ----  ----------  ----------   ----------------
.stack     0    0081a418    00001000     UNINITIALIZED
                  0081a418    00000008     boot.ae66 : boot.oe66 (.stack)
                  0081a420    00000ff8     --HOLE--

.bss       0    0081c220    00000010     UNINITIALIZED
                  0081c220    00000002     (.common:Input_Data)
                  0081c222    00000002     (.common:Output_Data1)
                  0081c224    00000002     (.common:Output_Data2)
                  0081c226    00000002     (.common:Output_Data3)
                  0081c228    00000002     (.common:Output_Data4)
                  0081c22a    00000002     (.common:Output_Data5)
                  0081c22c    00000002     (.common:Output_Data6)
                  0081c22e    00000002     (.common:Output_Data7)

.neardata 
*          0    0081c230    00000014     UNINITIALIZED
                  0081c230    0000000a     main.obj (.neardata)
                  0081c23a    00000002     --HOLE--
                  0081c23c    00000008     Adaptive.obj (.neardata)

.rodata    0    0081c244    00000000     UNINITIALIZED

.cinit     0    0081c600    0000068c     
                  0081c600    0000063f     (.cinit..fardata.load) [load image, compression = rle]
                  0081cc3f    00000001     --HOLE-- [fill = 0]
                  0081cc40    0000000d     (.cinit..neardata.load) [load image, compression = rle]
                  0081cc4d    00000003     --HOLE-- [fill = 0]
                  0081cc50    0000000c     (__TI_handler_table)
                  0081cc5c    00000008     (.cinit..bss.load) [load image, compression = zero_init]
                  0081cc64    00000008     (.cinit..far.load) [load image, compression = zero_init]
                  0081cc6c    00000020     (__TI_cinit_table)

.init_array 
*          0    00800000    00000000     UNINITIALIZED

.vecs      0    0081c400    00000200     
                  0081c400    00000200     clock_pe66.oe66 (.vecs)

xdc.meta   0    00800000    000000e8     COPY SECTION
                  00800000    000000e8     clock_pe66.oe66 (xdc.meta)

.text      0    00800000    00010ba0     
                  00800000    00000860     ti.targets.rts6000.ae66 : System.oe66 (.text:xdc_runtime_System_doPrint__I)
                  00800860    00000780     sysbios.ae66 : BIOS.obj (.text:ti_sysbios_family_c64p_Exception_handler__I)
                  00800fe0    00000780                  : BIOS.obj (.text:ti_sysbios_knl_Semaphore_pend__E)
                  00801760    000006e0                  : BIOS.obj (.text:ti_sysbios_heaps_HeapMem_alloc__E)
                  00801e40    000006e0                  : BIOS.obj (.text:ti_sysbios_timers_timer64_Timer_Module_startup__E)
                  00802520    00000620                  : BIOS.obj (.text:ti_sysbios_heaps_HeapMem_free__E)
                  00802b40    00000600     rts6600_elf.lib : divd.obj (.text:__c6xabi_divd)
                  00803140    000005a0                     : _printfi.obj (.text:_setfield)
                  008036e0    00000580                     : _printfi.obj (.text:_getarg_diouxp)
                  00803c60    00000540     main.obj (.text)
                  008041a0    00000460     rts6600_elf.lib : _printfi.obj (.text:__TI_printfi)
                  00804600    00000380                     : fputs.obj (.text:fputs)
                  00804980    00000320     sysbios.ae66 : BIOS.obj (.text:ti_sysbios_timers_timer64_Timer_deviceConfig__I)
                  00804ca0    00000300     rts6600_elf.lib : _printfi.obj (.text:_pproc_fgea)
                  00804fa0    00000300     sysbios.ae66 : BIOS.obj (.text:ti_sysbios_knl_Task_Module_startup__E)
                  008052a0    000002e0                  : BIOS.obj (.text:ti_sysbios_heaps_HeapMem_Instance_init__E)
                  00805580    000002c0     rts6600_elf.lib : _printfi.obj (.text:_pproc_fwp)
                  00805840    000002a0                     : _printfi.obj (.text:ecvt)
                  00805ae0    000002a0     sysbios.ae66 : BIOS.obj (.text:ti_sysbios_knl_Clock_workFunc__E)
                  00805d80    00000280     rts6600_elf.lib : _printfi.obj (.text:fcvt)
                  00806000    00000280     ti.targets.rts6000.ae66 : LoggerBuf.oe66 (.text:xdc_runtime_LoggerBuf_write8__E)
                  00806280    00000260     rts6600_elf.lib : _printfi.obj (.text:_pconv_e)
                  008064e0    00000260     sysbios.ae66 : BIOS.obj (.text:ti_sysbios_family_c64p_Hwi_dispatchCore__I)
                  00806740    00000240     rts6600_elf.lib : imath64.obj (.text:__c6xabi_divull)
                  00806980    00000240                     : _printfi.obj (.text:_pproc_diouxp)
                  00806bc0    00000240                     : _printfi.obj (.text:_pproc_str)
                  00806e00    00000240                     : _printfi.obj (.text:acvt)
                  00807040    00000240                     : setvbuf.obj (.text:setvbuf)
                  00807280    00000240     sysbios.ae66 : BIOS.obj (.text:ti_sysbios_family_c64p_Exception_internalHandler__I)
                  008074c0    00000240                  : BIOS.obj (.text:ti_sysbios_knl_Semaphore_post__E)
                  00807700    00000240     clock_pe66.oe66 (.text:xdc_runtime_System_printfExtend__I)
                  00807940    00000220     rts6600_elf.lib : fputc.obj (.text:fputc)
                  00807b60    00000220     sysbios.ae66 : BIOS.obj (.text:ti_sysbios_timers_timer64_Timer_setPeriodMicroSecs__E)
                  00807d80    00000220     ti.targets.rts6000.ae66 : Core-mem.oe66 (.text:xdc_runtime_Core_createObject__I)
                  00807fa0    00000200     rts6600_elf.lib : _printfi.obj (.text:_pconv_g)
                  008081a0    00000200     sysbios.ae66 : c64p_Hwi_disp_always.obj (.text:_ti_sysbios_family_c64p_Hwi_dispatchAlways)
                  008083a0    00000200                  : BIOS.obj (.text:ti_sysbios_knl_Swi_run__I)
                  008085a0    000001e0     rts6600_elf.lib : imath40.obj (.text:__c6xabi_divul)
                  00808780    000001e0     sysbios.ae66 : BIOS.obj (.text:ti_sysbios_gates_GateMutex_enter__E)
                  00808960    000001e0                  : BIOS.obj (.text:ti_sysbios_knl_Task_checkStacks__E)
                  00808b40    000001e0     ti.targets.rts6000.ae66 : Error.oe66 (.text:xdc_runtime_Error_policyDefault__E)
                  00808d20    000001e0                             : Startup.oe66 (.text:xdc_runtime_Startup_startMods__I)
                  00808f00    000001c0     sysbios.ae66 : BIOS.obj (.text:ti_sysbios_timers_timer64_Timer_getFreq__E)
                  008090c0    000001c0     ti.targets.rts6000.ae66 : LoggerBuf.oe66 (.text:xdc_runtime_LoggerBuf_write4__E)
                  00809280    000001c0                             : Text.oe66 (.text:xdc_runtime_Text_putSite__E)
                  00809440    000001a0     rts6600_elf.lib : trgdrv.obj (.text:HOSTrename)
                  008095e0    000001a0                     : _printfi.obj (.text:_pconv_a)
                  00809780    000001a0                     : frexp.obj (.text:frexp)
                  00809920    000001a0     sysbios.ae66 : BIOS.obj (.text:ti_sysbios_knl_Task_schedule__I)
                  00809ac0    000001a0                  : BIOS.obj (.text:ti_sysbios_timers_timer64_Timer_start__E)
                  00809c60    00000180                  : c64p_Exception_asm.obj (.text)
                  00809de0    00000180                  : BIOS.obj (.text:ti_sysbios_knl_Task_exit__E)
                  00809f60    00000180                  : BIOS.obj (.text:ti_sysbios_knl_Task_startCore__E)
                  0080a0e0    00000180     ti.targets.rts6000.ae66 : Core-smem.oe66 (.text:xdc_runtime_Core_constructObject__I)
                  0080a260    00000160     rts6600_elf.lib : copy_decompress_rle.obj (.text:__TI_decompress_rle_core)
                  0080a3c0    00000160                     : _printfi.obj (.text:_mcpy)
                  0080a520    00000140     Adaptive.obj (.text)
                  0080a660    00000140     rts6600_elf.lib : fclose.obj (.text:__TI_closefile)
                  0080a7a0    00000140                     : lowlev.obj (.text:getdevice)
                  0080a8e0    00000140                     : ldexp.obj (.text:ldexp)
                  0080aa20    00000140     sysbios.ae66 : BIOS.obj (.text:ti_sysbios_family_c64p_Hwi_Module_startup__E)
                  0080ab60    00000140                  : BIOS.obj (.text:ti_sysbios_knl_Semaphore_Instance_init__E)
                  0080aca0    00000140                  : BIOS.obj (.text:ti_sysbios_knl_Swi_post__E)
                  0080ade0    00000140                  : BIOS.obj (.text:ti_sysbios_knl_Task_blockI__E)
                  0080af20    00000120     boot.ae66 : autoinit.oe66 (.text:_auto_init_elf)
                  0080b040    00000120     rts6600_elf.lib : fseek.obj (.text:fseek)
                  0080b160    00000120     sysbios.ae66 : BIOS.obj (.text:ti_sysbios_family_c66_Cache_Module_startup__E)
                  0080b280    00000120                  : BIOS.obj (.text:ti_sysbios_knl_Task_unblockI__E)
                  0080b3a0    00000120     ti.targets.rts6000.ae66 : Core-mem.oe66 (.text:xdc_runtime_Core_deleteObject__I)
                  0080b4c0    00000120                             : LoggerBuf.oe66 (.text:xdc_runtime_LoggerBuf_setFilterLevel__E)
                  0080b5e0    00000120                             : Text.oe66 (.text:xdc_runtime_Text_putLab__E)
                  0080b700    00000120                             : Text.oe66 (.text:xdc_runtime_Text_putMod__E)
                  0080b820    00000100     rts6600_elf.lib : trgdrv.obj (.text:HOSTlseek)
                  0080b920    00000100                     : _io_perm.obj (.text:__TI_wrt_ok)
                  0080ba20    00000100                     : _printfi.obj (.text:_ltostr)
                  0080bb20    00000100                     : _printfi.obj (.text:_pproc_fflags)
                  0080bc20    00000100                     : atoi.obj (.text:atoi)
                  0080bd20    00000100     sysbios.ae66 : BIOS.obj (.text:ti_sysbios_knl_Swi_restoreHwi__E)
                  0080be20    00000100                  : BIOS.obj (.text:ti_sysbios_timers_timer64_Timer_initDevice__I)
                  0080bf20    00000100     ti.targets.rts6000.ae66 : LoggerBuf.oe66 (.text:xdc_runtime_LoggerBuf_getFilterLevel__E)
                  0080c020    00000100                             : Startup.oe66 (.text:xdc_runtime_Startup_exec__E)
                  0080c120    000000e0     rts6600_elf.lib : trgdrv.obj (.text:HOSTopen)
                  0080c200    000000e0                     : trgdrv.obj (.text:HOSTwrite)
                  0080c2e0    000000e0                     : _printfi.obj (.text:_div)
                  0080c3c0    000000e0                     : lowlev.obj (.text:close)
                  0080c4a0    000000e0                     : copy_zero_init.obj (.text:decompress:ZI:__TI_zero_init)
                  0080c580    000000e0                     : ltoa.obj (.text:ltoa)
                  0080c660    000000e0                     : memset.obj (.text:memset)
                  0080c740    000000e0                     : printf.obj (.text:printf)
                  0080c820    000000e0     sysbios.ae66 : BIOS.obj (.text:ti_sysbios_knl_Swi_runLoop__I)
                  0080c900    000000e0                  : BIOS.obj (.text:ti_sysbios_timers_timer64_Timer_startup__E)
                  0080c9e0    000000e0     ti.targets.rts6000.ae66 : Error.oe66 (.text:xdc_runtime_Error_print__E)
                  0080cac0    000000e0                             : Memory.oe66 (.text:xdc_runtime_Memory_alloc__E)
                  0080cba0    000000c0     rts6600_elf.lib : trgdrv.obj (.text:HOSTread)
                  0080cc60    000000c0                     : trgdrv.obj (.text:HOSTunlink)
                  0080cd20    000000c0                     : fflush.obj (.text:__TI_doflush)
                  0080cde0    000000c0                     : divu.obj (.text:__divu)
                  0080cea0    000000c0                     : _printfi.obj (.text:_ecpy)
                  0080cf60    000000c0                     : exit.obj (.text:exit)
                  0080d020    000000c0     sysbios.ae66 : BIOS.obj (.text:ti_sysbios_heaps_HeapMem_getStats__E)
                  0080d0e0    000000c0                  : BIOS.obj (.text:ti_sysbios_knl_Clock_logTick__E)
                  0080d1a0    000000c0                  : BIOS.obj (.text:ti_sysbios_knl_Swi_schedule__I)
                  0080d260    000000c0                  : BIOS.obj (.text:ti_sysbios_knl_Task_allBlockedFunction__I)
                  0080d320    000000c0     ti.targets.rts6000.ae66 : Text.oe66 (.text:xdc_runtime_Text_visitRope2__I)
                  0080d3e0    000000a0     rts6600_elf.lib : trgdrv.obj (.text:HOSTclose)
                  0080d480    000000a0                     : fopen.obj (.text:__TI_cleanup)
                  0080d520    000000a0                     : remu.obj (.text:__remu)
                  0080d5c0    000000a0     boot.ae66 : boot.oe66 (.text:_c_int00)
                  0080d660    000000a0     rts6600_elf.lib : _printfi.obj (.text:_fcpy)
                  0080d700    000000a0                     : _printfi.obj (.text:_pconv_f)
                  0080d7a0    000000a0                     : memcpy64.obj (.text:memcpy)
                  0080d840    000000a0     sysbios.ae66 : BIOS.obj (.text:ti_sysbios_family_c64p_Exception_Module_startup__E)
                  0080d8e0    000000a0                  : BIOS.obj (.text:ti_sysbios_family_c64p_Hwi_dispatchC__I)
                  0080d980    000000a0                  : BIOS.obj (.text:ti_sysbios_family_c64p_Hwi_getStackInfo__E)
                  0080da20    000000a0                  : BIOS.obj (.text:ti_sysbios_heaps_HeapMem_init__I)
                  0080dac0    000000a0                  : BIOS.obj (.text:ti_sysbios_timers_timer64_Timer_stop__E)
                  0080db60    000000a0     ti.targets.rts6000.ae66 : Assert.oe66 (.text:xdc_runtime_Assert_raise__I)
                  0080dc00    000000a0                             : Error.oe66 (.text:xdc_runtime_Error_setX__E)
                  0080dca0    000000a0     clock_pe66.oe66 (.text:xdc_runtime_LoggerBuf_Object__create__S)
                  0080dd40    000000a0     ti.targets.rts6000.ae66 : SysMin.oe66 (.text:xdc_runtime_SysMin_flush__E)
                  0080dde0    000000a0                             : SysMin.oe66 (.text:xdc_runtime_SysMin_putch__E)
                  0080de80    000000a0                             : System.oe66 (.text:xdc_runtime_System_formatNum__I)
                  0080df20    000000a0                             : Text.oe66 (.text:xdc_runtime_Text_xprintf__I)
                  0080dfc0    00000080     rts6600_elf.lib : trgmsg.obj (.text:__TI_readmsg)
                  0080e040    00000080                     : trgmsg.obj (.text:__TI_writemsg)
                  0080e0c0    00000080                     : llshift.obj (.text:__c6xabi_llshl)
                  0080e140    00000080     sysbios.ae66 : c62_TaskSupport_asm.obj (.text:_ti_sysbios_family_c62_TaskSupport_swap__E)
                  0080e1c0    00000080     rts6600_elf.lib : lowlev.obj (.text:finddevice)
                  0080e240    00000080                     : _printfi.obj (.text:incr_hex)
                  0080e2c0    00000080     clock_pe66.oe66 (.text:ti_sysbios_BIOS_atExitFunc__I)
                  0080e340    00000080     clock_pe66.oe66 (.text:ti_sysbios_BIOS_registerRTSLock__I)
                  0080e3c0    00000080     sysbios.ae66 : BIOS.obj (.text:ti_sysbios_family_c62_TaskSupport_start__E)
                  0080e440    00000080     clock_pe66.oe66 (.text:ti_sysbios_gates_GateHwi_Object__create__S)
                  0080e4c0    00000080     clock_pe66.oe66 (.text:ti_sysbios_gates_GateMutex_Object__create__S)
                  0080e540    00000080     sysbios.ae66 : BIOS.obj (.text:ti_sysbios_hal_Hwi_checkStack)
                  0080e5c0    00000080                  : BIOS.obj (.text:ti_sysbios_hal_Hwi_initStack)
                  0080e640    00000080     clock_pe66.oe66 (.text:ti_sysbios_heaps_HeapMem_Object__create__S)
                  0080e6c0    00000080     clock_pe66.oe66 (.text:ti_sysbios_knl_Clock_doTick__I)
                  0080e740    00000080     sysbios.ae66 : BIOS.obj (.text:ti_sysbios_knl_Idle_run__E)
                  0080e7c0    00000080                  : BIOS.obj (.text:ti_sysbios_knl_Semaphore_pendTimeout__I)
                  0080e840    00000080                  : BIOS.obj (.text:ti_sysbios_knl_Swi_startup__E)
                  0080e8c0    00000080                  : BIOS.obj (.text:ti_sysbios_knl_Task_restore__E)
                  0080e940    00000080     rts6600_elf.lib : lowlev.obj (.text:unlink)
                  0080e9c0    00000080     ti.targets.rts6000.ae66 : Core-label.oe66 (.text:xdc_runtime_Core_assignLabel__I)
                  0080ea40    00000080                             : Core-params.oe66 (.text:xdc_runtime_Core_assignParams__I)
                  0080eac0    00000080                             : LoggerBuf.oe66 (.text:xdc_runtime_LoggerBuf_Instance_init__E)
                  0080eb40    00000080                             : LoggerBuf.oe66 (.text:xdc_runtime_LoggerBuf_filterOutEvent__I)
                  0080ebc0    00000080                             : SysMin.oe66 (.text:xdc_runtime_SysMin_abort__E)
                  0080ec40    00000080     clock_pe66.oe66 (.text:xdc_runtime_SysMin_output__I)
                  0080ecc0    00000080     ti.targets.rts6000.ae66 : System.oe66 (.text:xdc_runtime_System_atexit__E)
                  0080ed40    00000080                             : System.oe66 (.text:xdc_runtime_System_processAtExit__E)
                  0080edc0    00000080                             : System.oe66 (.text:xdc_runtime_System_putchar__I)
                  0080ee40    00000080                             : Text.oe66 (.text:xdc_runtime_Text_printVisFxn__I)
                  0080eec0    00000060     rts6600_elf.lib : frcmpyd_div.obj (.text:__TI_frcmpyd_div)
                  0080ef20    00000060                     : llshift.obj (.text:__c6xabi_llshru)
                  0080ef80    00000060                     : imath64.obj (.text:_subcull)
                  0080efe0    00000060     sysbios.ae66 : c64p_Hwi_asm_switch.obj (.text:_ti_sysbios_family_c64p_Hwi_switchAndDispatch__I)
                  0080f040    00000060                  : c64p_Hwi_asm_switch.obj (.text:_ti_sysbios_family_xxx_Hwi_switchAndRunFunc)
                  0080f0a0    00000060     rts6600_elf.lib : lowlev.obj (.text:lseek)
                  0080f100    00000060     clock_pe66.oe66 (.text:malloc)
                  0080f160    00000060     rts6600_elf.lib : memccpy.obj (.text:memccpy)
                  0080f1c0    00000060     clock_pe66.oe66 (.text:ti_sysbios_BIOS_errorRaiseHook__I)
                  0080f220    00000060     clock_pe66.oe66 (.text:ti_sysbios_BIOS_removeRTSLock__I)
                  0080f280    00000060     clock_pe66.oe66 (.text:ti_sysbios_gates_GateMutex_Object__delete__S)
                  0080f2e0    00000060     sysbios.ae66 : BIOS.obj (.text:ti_sysbios_knl_Clock_Module_startup__E)
                  0080f340    00000060     clock_pe66.oe66 (.text:ti_sysbios_knl_Queue_construct)
                  0080f3a0    00000060     clock_pe66.oe66 (.text:ti_sysbios_knl_Semaphore_construct)
                  0080f400    00000060     sysbios.ae66 : BIOS.obj (.text:ti_sysbios_knl_Swi_Module_startup__E)
                  0080f460    00000060                  : BIOS.obj (.text:ti_sysbios_knl_Task_enter__I)
                  0080f4c0    00000060     rts6600_elf.lib : _printfi.obj (.text:val_hex)
                  0080f520    00000060                     : lowlev.obj (.text:write)
                  0080f580    00000060     ti.targets.rts6000.ae66 : LoggerBuf.oe66 (.text:xdc_runtime_LoggerBuf_Module_startup__E)
                  0080f5e0    00000060     clock_pe66.oe66 (.text:xdc_runtime_LoggerBuf_Object__delete__S)
                  0080f640    00000060     ti.targets.rts6000.ae66 : Memory.oe66 (.text:xdc_runtime_Memory_valloc__E)
                  0080f6a0    00000060                             : SysMin.oe66 (.text:xdc_runtime_SysMin_Module_startup__E)
                  0080f700    00000060                             : SysMin.oe66 (.text:xdc_runtime_SysMin_exit__E)
                  0080f760    00000060                             : System.oe66 (.text:xdc_runtime_System_avprintf__E)
                  0080f7c0    00000060                             : System.oe66 (.text:xdc_runtime_System_vprintf__E)
                  0080f820    00000060                             : Text.oe66 (.text:xdc_runtime_Text_cordText__E)
                  0080f880    00000040     rts6600_elf.lib : isinf.obj (.text:__c6xabi_isinf)
                  0080f8c0    00000040                     : _printfi.obj (.text:__c6xabi_isnan)
                  0080f900    00000040                     : args_main.obj (.text:_args_main)
                  0080f940    00000040     sysbios.ae66 : c62_TaskSupport_asm.obj (.text:_ti_sysbios_family_c62_TaskSupport_buildTaskStack)
                  0080f980    00000040     clock_pe66.oe66 (.text:free)
                  0080f9c0    00000040     clock_pe66.oe66 (.text:ti_sysbios_BIOS_exitFunc__I)
                  0080fa00    00000040     clock_pe66.oe66 (.text:ti_sysbios_BIOS_rtsLock__I)
                  0080fa40    00000040     clock_pe66.oe66 (.text:ti_sysbios_BIOS_rtsUnlock__I)
                  0080fa80    00000040     clock_pe66.oe66 (.text:ti_sysbios_BIOS_startFunc__I)
                  0080fac0    00000040     sysbios.ae66 : BIOS.obj (.text:ti_sysbios_family_c64p_Hwi_disableInterrupt__E)
                  0080fb00    00000040                  : BIOS.obj (.text:ti_sysbios_family_c64p_Hwi_enableInterrupt__E)
                  0080fb40    00000040     clock_pe66.oe66 (.text:ti_sysbios_gates_GateHwi_Handle__label__S)
                  0080fb80    00000040     clock_pe66.oe66 (.text:ti_sysbios_gates_GateHwi_Object__delete__S)
                  0080fbc0    00000040     clock_pe66.oe66 (.text:ti_sysbios_gates_GateMutex_Handle__label__S)
                  0080fc00    00000040     sysbios.ae66 : BIOS.obj (.text:ti_sysbios_gates_GateMutex_Instance_init__E)
                  0080fc40    00000040                  : BIOS.obj (.text:ti_sysbios_gates_GateMutex_leave__E)
                  0080fc80    00000040     clock_pe66.oe66 (.text:ti_sysbios_heaps_HeapMem_Handle__label__S)
                  0080fcc0    00000040     clock_pe66.oe66 (.text:ti_sysbios_heaps_HeapMem_Object__delete__S)
                  0080fd00    00000040     clock_pe66.oe66 (.text:ti_sysbios_heaps_HeapMem_Object__get__S)
                  0080fd40    00000040     clock_pe66.oe66 (.text:ti_sysbios_knl_Semaphore_Object__destruct__S)
                  0080fd80    00000040     clock_pe66.oe66 (.text:ti_sysbios_knl_Swi_Object__get__S)
                  0080fdc0    00000040     clock_pe66.oe66 (.text:ti_sysbios_knl_Task_Object__get__S)
                  0080fe00    00000040     ti.targets.rts6000.ae66 : Error.oe66 (.text:xdc_runtime_Error_check__E)
                  0080fe40    00000040                             : Error.oe66 (.text:xdc_runtime_Error_init__E)
                  0080fe80    00000040     clock_pe66.oe66 (.text:xdc_runtime_LoggerBuf_Handle__label__S)
                  0080fec0    00000040     ti.targets.rts6000.ae66 : LoggerBuf.oe66 (.text:xdc_runtime_LoggerBuf_Instance_finalize__E)
                  0080ff00    00000040     clock_pe66.oe66 (.text:xdc_runtime_LoggerBuf_Object__get__S)
                  0080ff40    00000040     ti.targets.rts6000.ae66 : LoggerBuf.oe66 (.text:xdc_runtime_LoggerBuf_reset__E)
                  0080ff80    00000040                             : LoggerBuf.oe66 (.text:xdc_runtime_LoggerBuf_write0__E)
                  0080ffc0    00000040                             : Memory.oe66 (.text:xdc_runtime_Memory_free__E)
                  00810000    00000040                             : Registry.oe66 (.text:xdc_runtime_Registry_findById__E)
                  00810040    00000040                             : System.oe66 (.text:xdc_runtime_System_abort__E)
                  00810080    00000040     clock_pe66.oe66 (.text:xdc_runtime_System_aprintf__E)
                  008100c0    00000040     ti.targets.rts6000.ae66 : System.oe66 (.text:xdc_runtime_System_exit__E)
                  00810100    00000040     clock_pe66.oe66 (.text:xdc_runtime_System_printf__E)
                  00810140    00000040     ti.targets.rts6000.ae66 : Text.oe66 (.text:xdc_runtime_Text_ropeText__E)
                  00810180    00000020                             : LoggerBuf.oe66 (.text:LoggerBuf_instanceStartup)
                  008101a0    00000020     rts6600_elf.lib : errno.obj (.text:__c6xabi_errno_addr)
                  008101c0    00000020                     : push.obj (.text:__pop_rts)
                  008101e0    00000020                     : push.obj (.text:__push_rts)
                  00810200    00000020     ti.targets.rts6000.ae66 : xdc_noinit.oe66 (.text:__xdc__init)
                  00810220    00000020     rts6600_elf.lib : _lock.obj (.text:_nop)
                  00810240    00000020                     : printf.obj (.text:_outc)
                  00810260    00000020                     : printf.obj (.text:_outs)
                  00810280    00000020                     : _lock.obj (.text:_register_lock)
                  008102a0    00000020                     : _lock.obj (.text:_register_unlock)
                  008102c0    00000020     sysbios.ae66 : c62_TaskSupport_asm.obj (.text:_ti_sysbios_family_c62_TaskSupport_glue)
                  008102e0    00000020     rts6600_elf.lib : exit.obj (.text:abort)
                  00810300    00000020                     : copy_decompress_none.obj (.text:decompress:none:__TI_decompress_none)
                  00810320    00000020                     : copy_decompress_rle.obj (.text:decompress:rle24:__TI_decompress_rle24)
                  00810340    00000020     clock_pe66.oe66 (.text:ti_sysbios_BIOS_RtsGateProxy_enter__E)
                  00810360    00000020     clock_pe66.oe66 (.text:ti_sysbios_BIOS_RtsGateProxy_leave__E)
                  00810380    00000020     clock_pe66.oe66 (.text:ti_sysbios_BIOS_nullFunc__I)
                  008103a0    00000020     sysbios.ae66 : BIOS.obj (.text:ti_sysbios_BIOS_setThreadType__E)
                  008103c0    00000020     clock_pe66.oe66 (.text:ti_sysbios_family_c62_TaskSupport_Module__startupDone__S)
                  008103e0    00000020     sysbios.ae66 : BIOS.obj (.text:ti_sysbios_family_c62_TaskSupport_checkStack__E)
                  00810400    00000020     clock_pe66.oe66 (.text:ti_sysbios_family_c64p_Hwi_Module__startupDone__F)
                  00810420    00000020     sysbios.ae66 : BIOS.obj (.text:ti_sysbios_family_c64p_Hwi_clearInterrupt__E)
                  00810440    00000020                  : BIOS.obj (.text:ti_sysbios_family_c64p_Hwi_startup__E)
                  00810460    00000020                  : BIOS.obj (.text:ti_sysbios_family_c64p_Hwi_switchFromBootStack__E)
                  00810480    00000020                  : BIOS.obj (.text:ti_sysbios_family_c64p_TimestampProvider_Module_startup__E)
                  008104a0    00000020                  : BIOS.obj (.text:ti_sysbios_family_c64p_TimestampProvider_get32__E)
                  008104c0    00000020                  : BIOS.obj (.text:ti_sysbios_family_c64p_TimestampProvider_get64__E)
                  008104e0    00000020                  : BIOS.obj (.text:ti_sysbios_family_c64p_tci6488_TimerSupport_enable__E)
                  00810500    00000020                  : BIOS.obj (.text:ti_sysbios_gates_GateHwi_Instance_init__E)
                  00810520    00000020                  : BIOS.obj (.text:ti_sysbios_gates_GateHwi_enter__E)
                  00810540    00000020                  : BIOS.obj (.text:ti_sysbios_gates_GateHwi_leave__E)
                  00810560    00000020                  : BIOS.obj (.text:ti_sysbios_gates_GateHwi_query__E)
                  00810580    00000020                  : BIOS.obj (.text:ti_sysbios_gates_GateMutex_Instance_finalize__E)
                  008105a0    00000020                  : BIOS.obj (.text:ti_sysbios_gates_GateMutex_query__E)
                  008105c0    00000020     clock_pe66.oe66 (.text:ti_sysbios_hal_Hwi_HwiProxy_Module__startupDone__S)
                  008105e0    00000020     sysbios.ae66 : BIOS.obj (.text:ti_sysbios_hal_Hwi_Module_startup__E)
                  00810600    00000020     clock_pe66.oe66 (.text:ti_sysbios_heaps_HeapMem_Module_GateProxy_enter__E)
                  00810620    00000020     clock_pe66.oe66 (.text:ti_sysbios_heaps_HeapMem_Module_GateProxy_leave__E)
                  00810640    00000020     sysbios.ae66 : BIOS.obj (.text:ti_sysbios_heaps_HeapMem_isBlocking__E)
                  00810660    00000020     clock_pe66.oe66 (.text:ti_sysbios_knl_Clock_TimerProxy_Module__startupDone__S)
                  00810680    00000020     clock_pe66.oe66 (.text:ti_sysbios_knl_Clock_TimerProxy_getMaxTicks__E)
                  008106a0    00000020     sysbios.ae66 : BIOS.obj (.text:ti_sysbios_knl_Idle_loop__E)
                  008106c0    00000020                  : BIOS.obj (.text:ti_sysbios_knl_Queue_Instance_init__E)
                  008106e0    00000020     clock_pe66.oe66 (.text:ti_sysbios_knl_Queue_Object__destruct__S)
                  00810700    00000020     clock_pe66.oe66 (.text:ti_sysbios_knl_Queue_Object__get__S)
                  00810720    00000020     clock_pe66.oe66 (.text:ti_sysbios_knl_Queue_destruct)
                  00810740    00000020     sysbios.ae66 : BIOS.obj (.text:ti_sysbios_knl_Queue_empty__E)
                  00810760    00000020                  : BIOS.obj (.text:ti_sysbios_knl_Semaphore_Instance_finalize__E)
                  00810780    00000020     clock_pe66.oe66 (.text:ti_sysbios_knl_Semaphore_destruct)
                  008107a0    00000020     sysbios.ae66 : BIOS.obj (.text:ti_sysbios_knl_Swi_disable__E)
                  008107c0    00000020     clock_pe66.oe66 (.text:ti_sysbios_knl_Task_SupportProxy_Module__startupDone__S)
                  008107e0    00000020     sysbios.ae66 : BIOS.obj (.text:ti_sysbios_knl_Task_disable__E)
                  00810800    00000020                  : BIOS.obj (.text:ti_sysbios_knl_Task_startup__E)
                  00810820    00000020     clock_pe66.oe66 (.text:ti_sysbios_timers_timer64_Timer_Module__startupDone__F)
                  00810840    00000020     sysbios.ae66 : BIOS.obj (.text:ti_sysbios_timers_timer64_Timer_getMaxTicks__E)
                  00810860    00000020     ti.targets.rts6000.ae66 : Error.oe66 (.text:xdc_runtime_Error_getSite__E)
                  00810880    00000020                             : Error.oe66 (.text:xdc_runtime_Error_raiseX__E)
                  008108a0    00000020                             : Gate.oe66 (.text:xdc_runtime_Gate_enterSystem__E)
                  008108c0    00000020                             : Gate.oe66 (.text:xdc_runtime_Gate_leaveSystem__E)
                  008108e0    00000020     clock_pe66.oe66 (.text:xdc_runtime_IHeap_alloc)
                  00810900    00000020     clock_pe66.oe66 (.text:xdc_runtime_IHeap_free)
                  00810920    00000020     clock_pe66.oe66 (.text:xdc_runtime_LoggerBuf_Module_GateProxy_enter__E)
                  00810940    00000020     clock_pe66.oe66 (.text:xdc_runtime_LoggerBuf_Module_GateProxy_leave__E)
                  00810960    00000020     ti.targets.rts6000.ae66 : LoggerBuf.oe66 (.text:xdc_runtime_LoggerBuf_disable__E)
                  00810980    00000020                             : LoggerBuf.oe66 (.text:xdc_runtime_LoggerBuf_enable__E)
                  008109a0    00000020                             : LoggerBuf.oe66 (.text:xdc_runtime_LoggerBuf_write1__E)
                  008109c0    00000020                             : LoggerBuf.oe66 (.text:xdc_runtime_LoggerBuf_write2__E)
                  008109e0    00000020     clock_pe66.oe66 (.text:xdc_runtime_Memory_HeapProxy_alloc__E)
                  00810a00    00000020     clock_pe66.oe66 (.text:xdc_runtime_Memory_HeapProxy_free__E)
                  00810a20    00000020     ti.targets.rts6000.ae66 : Memory.oe66 (.text:xdc_runtime_Memory_calloc__E)
                  00810a40    00000020                             : Memory.oe66 (.text:xdc_runtime_Memory_getMaxDefaultTypeAlign__E)
                  00810a60    00000020     clock_pe66.oe66 (.text:xdc_runtime_Startup_exec__I)
                  00810a80    00000020     clock_pe66.oe66 (.text:xdc_runtime_Startup_reset__I)
                  00810aa0    00000020     ti.targets.rts6000.ae66 : SysMin.oe66 (.text:xdc_runtime_SysMin_ready__E)
                  00810ac0    00000020     clock_pe66.oe66 (.text:xdc_runtime_System_Module_GateProxy_enter__E)
                  00810ae0    00000020     clock_pe66.oe66 (.text:xdc_runtime_System_Module_GateProxy_leave__E)
                  00810b00    00000020     ti.targets.rts6000.ae66 : System.oe66 (.text:xdc_runtime_System_Module_startup__E)
                  00810b20    00000020                             : System.oe66 (.text:xdc_runtime_System_aprintf_va__F)
                  00810b40    00000020                             : System.oe66 (.text:xdc_runtime_System_printf_va__F)
                  00810b60    00000020                             : System.oe66 (.text:xdc_runtime_System_vsnprintf__E)
                  00810b80    00000020     clock_pe66.oe66 (.text:xdc_runtime_Text_visitRope__I)

.far       0    00810ba0    00007148     UNINITIALIZED
                  00810ba0    00002000     (.common:ti_sysbios_heaps_HeapMem_Instance_State_0_buf__A)
                  00812ba0    00000800     (.common:buffer0)
                  008133a0    00000800     (.common:buffer1)
                  00813ba0    00000800     (.common:buffer2)
                  008143a0    00000800     (.common:buffer3)
                  00814ba0    00000800     (.common:buffer4)
                  008153a0    00000800     (.common:buffer5)
                  00815ba0    00000800     (.common:buffer6)
                  008163a0    00000800     (.common:buffer7)
                  00816ba0    00000800     clock_pe66.oe66 (.far:taskStackSection)
                  008173a0    00000400     (.common:xdc_runtime_LoggerBuf_Instance_State_0_entryArr__A)
                  008177a0    00000400     (.common:xdc_runtime_SysMin_Module_State_0_outbuf__A)
                  00817ba0    00000140     (.common:__TI_tmpnams)
                  00817ce0    00000008     (.common:parmbuf)

.const     0    00817ce8    0000272e     
                  00817ce8    000015ee     clock_pe66.oe66 (.const:xdc_runtime_Text_charTab__A)
                  008192d6    00000002     clock_pe66.oe66 (.const:ti_sysbios_family_c64p_Exception_Module__id__C)
                  008192d8    00000518     sysbios.ae66 : BIOS.obj (.const:.string)
                  008197f0    00000400     clock_pe66.oe66 (.const:ti_sysbios_family_c66_Cache_marvalues__C)
                  00819bf0    00000101     rts6600_elf.lib : ctype.obj (.const:.string:_ctypes_)
                  00819cf1    00000001     clock_pe66.oe66 (.const:ti_sysbios_timers_timer64_Timer_localTimerBaseId__C)
                  00819cf2    00000002     clock_pe66.oe66 (.const:ti_sysbios_family_c64p_Exception_useInternalBuffer__C)
                  00819cf4    00000004     ti.targets.rts6000.ae66 : Assert.oe66 (.const:.string)
                  00819cf8    000000c8     clock_pe66.oe66 (.const:xdc_runtime_Text_nodeTab__A)
                  00819dc0    00000058     ti.targets.rts6000.ae66 : Error.oe66 (.const:.string)
                  00819e18    00000048     clock_pe66.oe66 (.const:.string)
                  00819e60    00000040     ti.targets.rts6000.ae66 : Text.oe66 (.const:.string)
                  00819ea0    0000003c     clock_pe66.oe66 (.const:xdc_runtime_LoggerBuf_Module__FXNS__C)
                  00819edc    00000004     clock_pe66.oe66 (.const:ti_sysbios_family_c64p_Exception_E_exceptionMax__C)
                  00819ee0    00000030     clock_pe66.oe66 (.const:xdc_runtime_Startup_sfxnTab__A)
                  00819f10    0000002c     main.obj (.const:.string)
                  00819f3c    0000002c     ti.targets.rts6000.ae66 : Startup.oe66 (.const:.string)
                  00819f68    00000028     clock_pe66.oe66 (.const:ti_sysbios_heaps_HeapMem_Module__FXNS__C)
                  00819f90    00000028     clock_pe66.oe66 (.const:xdc_runtime_LoggerBuf_Object__PARAMS__C)
                  00819fb8    00000024     rts6600_elf.lib : _printfi.obj (.const:.string)
                  00819fdc    00000024     clock_pe66.oe66 (.const:ti_sysbios_gates_GateHwi_Module__FXNS__C)
                  0081a000    00000024     clock_pe66.oe66 (.const:ti_sysbios_gates_GateMutex_Module__FXNS__C)
                  0081a024    00000024     clock_pe66.oe66 (.const:ti_sysbios_heaps_HeapMem_Object__PARAMS__C)
                  0081a048    00000024     clock_pe66.oe66 (.const:ti_sysbios_knl_Semaphore_Object__PARAMS__C)
                  0081a06c    00000020     clock_pe66.oe66 (.const:ti_sysbios_gates_GateHwi_Object__DESC__C)
                  0081a08c    00000020     clock_pe66.oe66 (.const:ti_sysbios_gates_GateMutex_Object__DESC__C)
                  0081a0ac    00000020     clock_pe66.oe66 (.const:ti_sysbios_heaps_HeapMem_Object__DESC__C)
                  0081a0cc    00000020     clock_pe66.oe66 (.const:ti_sysbios_knl_Queue_Object__DESC__C)
                  0081a0ec    00000020     clock_pe66.oe66 (.const:ti_sysbios_knl_Semaphore_Object__DESC__C)
                  0081a10c    00000020     clock_pe66.oe66 (.const:xdc_runtime_LoggerBuf_Object__DESC__C)
                  0081a12c    00000018     clock_pe66.oe66 (.const:ti_sysbios_gates_GateHwi_Object__PARAMS__C)
                  0081a144    00000018     clock_pe66.oe66 (.const:ti_sysbios_gates_GateMutex_Object__PARAMS__C)
                  0081a15c    00000018     clock_pe66.oe66 (.const:ti_sysbios_knl_Queue_Object__PARAMS__C)
                  0081a174    00000004     clock_pe66.oe66 (.const:ti_sysbios_family_c64p_Exception_exceptionHook__C)
                  0081a178    00000018     clock_pe66.oe66 (.const:xdc_runtime_Startup_sfxnRts__A)
                  0081a190    00000011     ti.targets.rts6000.ae66 : System.oe66 (.const:.string:digtohex)
                  0081a1a1    00000001     --HOLE-- [fill = 0]
                  0081a1a2    00000002     clock_pe66.oe66 (.const:ti_sysbios_family_c64p_Hwi_Module__id__C)
                  0081a1a4    0000000c     clock_pe66.oe66 (.const:ti_sysbios_family_c66_Cache_initSize__C)
                  0081a1b0    00000008     ti.targets.rts6000.ae66 : System.oe66 (.const:.string)
                  0081a1b8    00000008     clock_pe66.oe66 (.const:ti_sysbios_knl_Idle_funcList__C)
                  0081a1c0    00000008     clock_pe66.oe66 (.const:xdc_runtime_Startup_firstFxns__A)
                  0081a1c8    00000008     clock_pe66.oe66 (.const:xdc_runtime_Startup_firstFxns__C)
                  0081a1d0    00000008     clock_pe66.oe66 (.const:xdc_runtime_Startup_lastFxns__C)
                  0081a1d8    00000004     clock_pe66.oe66 (.const:ti_sysbios_family_c64p_Exception_externalHook__C)
                  0081a1dc    00000004     clock_pe66.oe66 (.const:ti_sysbios_family_c64p_Exception_internalHook__C)
                  0081a1e0    00000004     clock_pe66.oe66 (.const:ti_sysbios_family_c64p_Exception_nmiHook__C)
                  0081a1e4    00000004     clock_pe66.oe66 (.const:ti_sysbios_family_c64p_Hwi_LD_end__C)
                  0081a1e8    00000004     clock_pe66.oe66 (.const:ti_sysbios_family_c64p_Hwi_LM_begin__C)
                  0081a1ec    00000004     clock_pe66.oe66 (.const:ti_sysbios_family_c64p_Hwi_Module__diagsEnabled__C)
                  0081a1f0    00000004     clock_pe66.oe66 (.const:ti_sysbios_family_c64p_Hwi_Module__diagsIncluded__C)
                  0081a1f4    00000004     clock_pe66.oe66 (.const:ti_sysbios_family_c64p_Hwi_Module__diagsMask__C)
                  0081a1f8    00000004     clock_pe66.oe66 (.const:ti_sysbios_family_c64p_Hwi_Module__loggerFxn1__C)
                  0081a1fc    00000004     clock_pe66.oe66 (.const:ti_sysbios_family_c64p_Hwi_Module__loggerFxn8__C)
                  0081a200    00000004     clock_pe66.oe66 (.const:ti_sysbios_family_c64p_Hwi_Module__loggerObj__C)
                  0081a204    00000004     clock_pe66.oe66 (.const:ti_sysbios_gates_GateMutex_A_badContext__C)
                  0081a208    00000004     clock_pe66.oe66 (.const:ti_sysbios_gates_GateMutex_Instance_State_sem__O)
                  0081a20c    00000004     clock_pe66.oe66 (.const:ti_sysbios_gates_GateMutex_Module__diagsEnabled__C)
                  0081a210    00000004     clock_pe66.oe66 (.const:ti_sysbios_gates_GateMutex_Module__diagsIncluded__C)
                  0081a214    00000004     clock_pe66.oe66 (.const:ti_sysbios_gates_GateMutex_Module__diagsMask__C)
                  0081a218    00000004     clock_pe66.oe66 (.const:ti_sysbios_hal_Hwi_E_stackOverflow__C)
                  0081a21c    00000004     clock_pe66.oe66 (.const:ti_sysbios_heaps_HeapMem_A_align__C)
                  0081a220    00000004     clock_pe66.oe66 (.const:ti_sysbios_heaps_HeapMem_A_heapSize__C)
                  0081a224    00000004     clock_pe66.oe66 (.const:ti_sysbios_heaps_HeapMem_A_invalidFree__C)
                  0081a228    00000004     clock_pe66.oe66 (.const:ti_sysbios_heaps_HeapMem_A_zeroBlock__C)
                  0081a22c    00000004     clock_pe66.oe66 (.const:ti_sysbios_heaps_HeapMem_E_memory__C)
                  0081a230    00000004     clock_pe66.oe66 (.const:ti_sysbios_heaps_HeapMem_Module__diagsEnabled__C)
                  0081a234    00000004     clock_pe66.oe66 (.const:ti_sysbios_heaps_HeapMem_Module__diagsIncluded__C)
                  0081a238    00000004     clock_pe66.oe66 (.const:ti_sysbios_heaps_HeapMem_Module__diagsMask__C)
                  0081a23c    00000004     clock_pe66.oe66 (.const:ti_sysbios_heaps_HeapMem_Module__gateObj__C)
                  0081a240    00000004     clock_pe66.oe66 (.const:ti_sysbios_heaps_HeapMem_Object__count__C)
                  0081a244    00000004     clock_pe66.oe66 (.const:ti_sysbios_heaps_HeapMem_reqAlign__C)
                  0081a248    00000004     clock_pe66.oe66 (.const:ti_sysbios_knl_Clock_LM_begin__C)
                  0081a24c    00000004     clock_pe66.oe66 (.const:ti_sysbios_knl_Clock_LM_tick__C)
                  0081a250    00000004     clock_pe66.oe66 (.const:ti_sysbios_knl_Clock_LW_delayed__C)
                  0081a254    00000004     clock_pe66.oe66 (.const:ti_sysbios_knl_Clock_Module_State_clockQ__O)
                  0081a258    00000004     clock_pe66.oe66 (.const:ti_sysbios_knl_Clock_Module__diagsEnabled__C)
                  0081a25c    00000004     clock_pe66.oe66 (.const:ti_sysbios_knl_Clock_Module__diagsIncluded__C)
                  0081a260    00000004     clock_pe66.oe66 (.const:ti_sysbios_knl_Clock_Module__diagsMask__C)
                  0081a264    00000004     clock_pe66.oe66 (.const:ti_sysbios_knl_Clock_Module__loggerFxn1__C)
                  0081a268    00000004     clock_pe66.oe66 (.const:ti_sysbios_knl_Clock_Module__loggerFxn2__C)
                  0081a26c    00000004     clock_pe66.oe66 (.const:ti_sysbios_knl_Clock_Module__loggerObj__C)
                  0081a270    00000004     clock_pe66.oe66 (.const:ti_sysbios_knl_Idle_funcList__A)
                  0081a274    00000004     clock_pe66.oe66 (.const:ti_sysbios_knl_Semaphore_A_badContext__C)
                  0081a278    00000004     clock_pe66.oe66 (.const:ti_sysbios_knl_Semaphore_A_noEvents__C)
                  0081a27c    00000004     clock_pe66.oe66 (.const:ti_sysbios_knl_Semaphore_A_overflow__C)
                  0081a280    00000004     clock_pe66.oe66 (.const:ti_sysbios_knl_Semaphore_A_pendTaskDisabled__C)
                  0081a284    00000004     clock_pe66.oe66 (.const:ti_sysbios_knl_Semaphore_Instance_State_pendQ__O)
                  0081a288    00000004     clock_pe66.oe66 (.const:ti_sysbios_knl_Semaphore_LM_pend__C)
                  0081a28c    00000004     clock_pe66.oe66 (.const:ti_sysbios_knl_Semaphore_LM_post__C)
                  0081a290    00000004     clock_pe66.oe66 (.const:ti_sysbios_knl_Semaphore_Module__diagsEnabled__C)
                  0081a294    00000004     clock_pe66.oe66 (.const:ti_sysbios_knl_Semaphore_Module__diagsIncluded__C)
                  0081a298    00000004     clock_pe66.oe66 (.const:ti_sysbios_knl_Semaphore_Module__diagsMask__C)
                  0081a29c    00000004     clock_pe66.oe66 (.const:ti_sysbios_knl_Semaphore_Module__loggerFxn2__C)
                  0081a2a0    00000004     clock_pe66.oe66 (.const:ti_sysbios_knl_Semaphore_Module__loggerFxn4__C)
                  0081a2a4    00000004     clock_pe66.oe66 (.const:ti_sysbios_knl_Semaphore_Module__loggerObj__C)
                  0081a2a8    00000004     clock_pe66.oe66 (.const:ti_sysbios_knl_Swi_LD_end__C)
                  0081a2ac    00000004     clock_pe66.oe66 (.const:ti_sysbios_knl_Swi_LM_begin__C)
                  0081a2b0    00000004     clock_pe66.oe66 (.const:ti_sysbios_knl_Swi_LM_post__C)
                  0081a2b4    00000004     clock_pe66.oe66 (.const:ti_sysbios_knl_Swi_Module__diagsEnabled__C)
                  0081a2b8    00000004     clock_pe66.oe66 (.const:ti_sysbios_knl_Swi_Module__diagsIncluded__C)
                  0081a2bc    00000004     clock_pe66.oe66 (.const:ti_sysbios_knl_Swi_Module__diagsMask__C)
                  0081a2c0    00000004     clock_pe66.oe66 (.const:ti_sysbios_knl_Swi_Module__loggerFxn1__C)
                  0081a2c4    00000004     clock_pe66.oe66 (.const:ti_sysbios_knl_Swi_Module__loggerFxn4__C)
                  0081a2c8    00000004     clock_pe66.oe66 (.const:ti_sysbios_knl_Swi_Module__loggerObj__C)
                  0081a2cc    00000004     clock_pe66.oe66 (.const:ti_sysbios_knl_Swi_Object__count__C)
                  0081a2d0    00000004     clock_pe66.oe66 (.const:ti_sysbios_knl_Task_E_spOutOfBounds__C)
                  0081a2d4    00000004     clock_pe66.oe66 (.const:ti_sysbios_knl_Task_E_stackOverflow__C)
                  0081a2d8    00000004     clock_pe66.oe66 (.const:ti_sysbios_knl_Task_LD_block__C)
                  0081a2dc    00000004     clock_pe66.oe66 (.const:ti_sysbios_knl_Task_LD_exit__C)
                  0081a2e0    00000004     clock_pe66.oe66 (.const:ti_sysbios_knl_Task_LD_ready__C)
                  0081a2e4    00000004     clock_pe66.oe66 (.const:ti_sysbios_knl_Task_LM_switch__C)
                  0081a2e8    00000004     clock_pe66.oe66 (.const:ti_sysbios_knl_Task_Module_State_inactiveQ__O)
                  0081a2ec    00000004     clock_pe66.oe66 (.const:ti_sysbios_knl_Task_Module__diagsEnabled__C)
                  0081a2f0    00000004     clock_pe66.oe66 (.const:ti_sysbios_knl_Task_Module__diagsIncluded__C)
                  0081a2f4    00000004     clock_pe66.oe66 (.const:ti_sysbios_knl_Task_Module__diagsMask__C)
                  0081a2f8    00000004     clock_pe66.oe66 (.const:ti_sysbios_knl_Task_Module__loggerFxn2__C)
                  0081a2fc    00000004     clock_pe66.oe66 (.const:ti_sysbios_knl_Task_Module__loggerFxn4__C)
                  0081a300    00000004     clock_pe66.oe66 (.const:ti_sysbios_knl_Task_Module__loggerObj__C)
                  0081a304    00000004     clock_pe66.oe66 (.const:ti_sysbios_knl_Task_Object__count__C)
                  0081a308    00000004     clock_pe66.oe66 (.const:ti_sysbios_knl_Task_allBlockedFunc__C)
                  0081a30c    00000004     clock_pe66.oe66 (.const:ti_sysbios_knl_Task_numConstructedTasks__C)
                  0081a310    00000004     clock_pe66.oe66 (.const:ti_sysbios_timers_timer64_Timer_A_notAvailable__C)
                  0081a314    00000004     clock_pe66.oe66 (.const:ti_sysbios_timers_timer64_Timer_E_cannotSupport__C)
                  0081a318    00000004     clock_pe66.oe66 (.const:ti_sysbios_timers_timer64_Timer_Module__diagsEnabled__C)
                  0081a31c    00000004     clock_pe66.oe66 (.const:ti_sysbios_timers_timer64_Timer_Module__diagsIncluded__C)
                  0081a320    00000004     clock_pe66.oe66 (.const:ti_sysbios_timers_timer64_Timer_Module__diagsMask__C)
                  0081a324    00000004     clock_pe66.oe66 (.const:ti_sysbios_timers_timer64_Timer_anyMaskHigh__C)
                  0081a328    00000004     clock_pe66.oe66 (.const:ti_sysbios_timers_timer64_Timer_anyMask__C)
                  0081a32c    00000004     clock_pe66.oe66 (.const:ti_sysbios_timers_timer64_Timer_freqDivisor__C)
                  0081a330    00000004     clock_pe66.oe66 (.const:ti_sysbios_timers_timer64_Timer_numLocalTimers__C)
                  0081a334    00000004     clock_pe66.oe66 (.const:ti_sysbios_timers_timer64_Timer_numTimerDevices__C)
                  0081a338    00000004     clock_pe66.oe66 (.const:xdc_runtime_Assert_E_assertFailed__C)
                  0081a33c    00000004     clock_pe66.oe66 (.const:xdc_runtime_Core_A_initializedParams__C)
                  0081a340    00000004     clock_pe66.oe66 (.const:xdc_runtime_Core_Module__diagsEnabled__C)
                  0081a344    00000004     clock_pe66.oe66 (.const:xdc_runtime_Core_Module__diagsIncluded__C)
                  0081a348    00000004     clock_pe66.oe66 (.const:xdc_runtime_Core_Module__diagsMask__C)
                  0081a34c    00000004     clock_pe66.oe66 (.const:xdc_runtime_Error_E_memory__C)
                  0081a350    00000004     clock_pe66.oe66 (.const:xdc_runtime_Error_Module__diagsEnabled__C)
                  0081a354    00000004     clock_pe66.oe66 (.const:xdc_runtime_Error_Module__diagsIncluded__C)
                  0081a358    00000004     clock_pe66.oe66 (.const:xdc_runtime_Error_Module__diagsMask__C)
                  0081a35c    00000004     clock_pe66.oe66 (.const:xdc_runtime_Error_Module__loggerFxn8__C)
                  0081a360    00000004     clock_pe66.oe66 (.const:xdc_runtime_Error_Module__loggerObj__C)
                  0081a364    00000004     clock_pe66.oe66 (.const:xdc_runtime_Error_policyFxn__C)
                  0081a368    00000004     clock_pe66.oe66 (.const:xdc_runtime_Error_policy__C)
                  0081a36c    00000004     clock_pe66.oe66 (.const:xdc_runtime_Error_raiseHook__C)
                  0081a370    00000004     clock_pe66.oe66 (.const:xdc_runtime_IFilterLogger_Interface__BASE__C)
                  0081a374    00000004     clock_pe66.oe66 (.const:xdc_runtime_IGateProvider_Interface__BASE__C)
                  0081a378    00000004     clock_pe66.oe66 (.const:xdc_runtime_IHeap_Interface__BASE__C)
                  0081a37c    00000004     clock_pe66.oe66 (.const:xdc_runtime_ILogger_Interface__BASE__C)
                  0081a380    00000004     clock_pe66.oe66 (.const:xdc_runtime_IModule_Interface__BASE__C)
                  0081a384    00000004     clock_pe66.oe66 (.const:xdc_runtime_Log_L_error__C)
                  0081a388    00000004     clock_pe66.oe66 (.const:xdc_runtime_LoggerBuf_E_badLevel__C)
                  0081a38c    00000004     clock_pe66.oe66 (.const:xdc_runtime_LoggerBuf_Module__gateObj__C)
                  0081a390    00000004     clock_pe66.oe66 (.const:xdc_runtime_LoggerBuf_Object__count__C)
                  0081a394    00000004     clock_pe66.oe66 (.const:xdc_runtime_LoggerBuf_statusLogger__C)
                  0081a398    00000004     clock_pe66.oe66 (.const:xdc_runtime_Memory_defaultHeapInstance__C)
                  0081a39c    00000004     clock_pe66.oe66 (.const:xdc_runtime_Startup_execImpl__C)
                  0081a3a0    00000004     clock_pe66.oe66 (.const:xdc_runtime_Startup_maxPasses__C)
                  0081a3a4    00000004     clock_pe66.oe66 (.const:xdc_runtime_Startup_sfxnRts__C)
                  0081a3a8    00000004     clock_pe66.oe66 (.const:xdc_runtime_Startup_sfxnTab__C)
                  0081a3ac    00000004     clock_pe66.oe66 (.const:xdc_runtime_SysMin_bufSize__C)
                  0081a3b0    00000004     clock_pe66.oe66 (.const:xdc_runtime_SysMin_outputFunc__C)
                  0081a3b4    00000004     clock_pe66.oe66 (.const:xdc_runtime_System_Module__gateObj__C)
                  0081a3b8    00000004     clock_pe66.oe66 (.const:xdc_runtime_System_abortFxn__C)
                  0081a3bc    00000004     clock_pe66.oe66 (.const:xdc_runtime_System_exitFxn__C)
                  0081a3c0    00000004     clock_pe66.oe66 (.const:xdc_runtime_System_extendFxn__C)
                  0081a3c4    00000004     clock_pe66.oe66 (.const:xdc_runtime_System_maxAtexitHandlers__C)
                  0081a3c8    00000004     clock_pe66.oe66 (.const:xdc_runtime_Text_charTab__C)
                  0081a3cc    00000004     clock_pe66.oe66 (.const:xdc_runtime_Text_nameEmpty__C)
                  0081a3d0    00000004     clock_pe66.oe66 (.const:xdc_runtime_Text_nameStatic__C)
                  0081a3d4    00000004     clock_pe66.oe66 (.const:xdc_runtime_Text_nameUnknown__C)
                  0081a3d8    00000004     clock_pe66.oe66 (.const:xdc_runtime_Text_nodeTab__C)
                  0081a3dc    00000004     clock_pe66.oe66 (.const:xdc_runtime_Text_visitRopeFxn__C)
                  0081a3e0    00000002     clock_pe66.oe66 (.const:ti_sysbios_family_c64p_Hwi_Module__loggerDefined__C)
                  0081a3e2    00000002     clock_pe66.oe66 (.const:ti_sysbios_gates_GateMutex_Module__id__C)
                  0081a3e4    00000002     clock_pe66.oe66 (.const:ti_sysbios_hal_Hwi_Module__id__C)
                  0081a3e6    00000002     clock_pe66.oe66 (.const:ti_sysbios_heaps_HeapMem_Module__id__C)
                  0081a3e8    00000002     clock_pe66.oe66 (.const:ti_sysbios_knl_Clock_Module__id__C)
                  0081a3ea    00000002     clock_pe66.oe66 (.const:ti_sysbios_knl_Clock_Module__loggerDefined__C)
                  0081a3ec    00000002     clock_pe66.oe66 (.const:ti_sysbios_knl_Semaphore_Module__id__C)
                  0081a3ee    00000002     clock_pe66.oe66 (.const:ti_sysbios_knl_Semaphore_Module__loggerDefined__C)
                  0081a3f0    00000002     clock_pe66.oe66 (.const:ti_sysbios_knl_Swi_Module__id__C)
                  0081a3f2    00000002     clock_pe66.oe66 (.const:ti_sysbios_knl_Swi_Module__loggerDefined__C)
                  0081a3f4    00000002     clock_pe66.oe66 (.const:ti_sysbios_knl_Task_Module__id__C)
                  0081a3f6    00000002     clock_pe66.oe66 (.const:ti_sysbios_knl_Task_Module__loggerDefined__C)
                  0081a3f8    00000002     clock_pe66.oe66 (.const:ti_sysbios_knl_Task_initStackFlag__C)
                  0081a3fa    00000002     clock_pe66.oe66 (.const:ti_sysbios_timers_timer64_Timer_Module__id__C)
                  0081a3fc    00000002     clock_pe66.oe66 (.const:ti_sysbios_timers_timer64_Timer_startupNeeded__C)
                  0081a3fe    00000002     clock_pe66.oe66 (.const:ti_sysbios_timers_timer64_Timer_useTimer64pRegMap__C)
                  0081a400    00000002     clock_pe66.oe66 (.const:xdc_runtime_Core_Module__id__C)
                  0081a402    00000002     clock_pe66.oe66 (.const:xdc_runtime_Error_Module__loggerDefined__C)
                  0081a404    00000002     clock_pe66.oe66 (.const:xdc_runtime_Error_maxDepth__C)
                  0081a406    00000002     clock_pe66.oe66 (.const:xdc_runtime_LoggerBuf_Module__id__C)
                  0081a408    00000002     clock_pe66.oe66 (.const:xdc_runtime_LoggerBuf_filterByLevel__C)
                  0081a40a    00000002     clock_pe66.oe66 (.const:xdc_runtime_Memory_Module__id__C)
                  0081a40c    00000002     clock_pe66.oe66 (.const:xdc_runtime_SysMin_flushAtExit__C)
                  0081a40e    00000002     clock_pe66.oe66 (.const:xdc_runtime_Text_charCnt__C)
                  0081a410    00000002     clock_pe66.oe66 (.const:xdc_runtime_Text_isLoaded__C)
                  0081a412    00000002     clock_pe66.oe66 (.const:xdc_runtime_Text_registryModsLastId__C)
                  0081a414    00000002     clock_pe66.oe66 (.const:xdc_runtime_Text_unnamedModsLastId__C)

.fardata   0    0081b418    00000cac     UNINITIALIZED
                  0081b418    00000200     clock_pe66.oe66 (.fardata)
                  0081b618    000001e0     rts6600_elf.lib : defs.obj (.fardata:_ftable)
                  0081b7f8    00000180     clock_pe66.oe66 (.fardata:ti_sysbios_timers_timer64_Timer_Module_State_0_device__A)
                  0081b978    000000a0     rts6600_elf.lib : lowlev.obj (.fardata:_stream)
                  0081ba18    000000a0     lowcoefficients.obj (.fardata:coef)
                  0081bab8    000000a0     main.obj (.fardata:filtbuff1)
                  0081bb58    000000a0     main.obj (.fardata:filtbuff2)
                  0081bbf8    00000080     clock_pe66.oe66 (.fardata:ti_sysbios_knl_Swi_Module_State_0_readyQ__A)
                  0081bc78    00000080     clock_pe66.oe66 (.fardata:ti_sysbios_knl_Task_Module_State_0_readyQ__A)
                  0081bcf8    00000080     clock_pe66.oe66 (.fardata:ti_sysbios_timers_timer64_Timer_Module_State_0_gctrl__A)
                  0081bd78    00000080     clock_pe66.oe66 (.fardata:ti_sysbios_timers_timer64_Timer_Module_State_0_handles__A)
                  0081bdf8    00000080     clock_pe66.oe66 (.fardata:ti_sysbios_timers_timer64_Timer_Module_State_0_intFreqs__A)
                  0081be78    00000078     rts6600_elf.lib : lowlev.obj (.fardata:_device)
                  0081bef0    00000050     clock_pe66.oe66 (.fardata:ti_sysbios_timers_timer64_Timer_Object__table__V)
                  0081bf40    0000004c     clock_pe66.oe66 (.fardata:ti_sysbios_knl_Task_Object__table__V)
                  0081bf8c    00000004     rts6600_elf.lib : _lock.obj (.fardata:_lock)
                  0081bf90    00000040     clock_pe66.oe66 (.fardata:ti_sysbios_gates_GateMutex_Object__table__V)
                  0081bfd0    00000030     clock_pe66.oe66 (.fardata:ti_sysbios_knl_Swi_Object__table__V)
                  0081c000    00000024     clock_pe66.oe66 (.fardata:xdc_runtime_LoggerBuf_Object__table__V)
                  0081c024    00000004     rts6600_elf.lib : _lock.obj (.fardata:_unlock)
                  0081c028    00000018     clock_pe66.oe66 (.fardata:ti_sysbios_family_c64p_Hwi_Object__table__V)
                  0081c040    00000018     clock_pe66.oe66 (.fardata:ti_sysbios_heaps_HeapMem_Object__table__V)
                  0081c058    00000010     Adaptive.obj (.fardata:X)
                  0081c068    00000010     Adaptive.obj (.fardata:h)
                  0081c078    00000010     clock_pe66.oe66 (.fardata:xdc_runtime_System_Module_State_0_atexitHandlers__A)
                  0081c088    0000000c     rts6600_elf.lib : exit.obj (.fardata)
                  0081c094    00000004                     : defs.obj (.fardata)
                  0081c098    00000008     clock_pe66.oe66 (.fardata:ti_sysbios_hal_Hwi_Object__table__V)
                  0081c0a0    00000006     main.obj (.fardata:y)
                  0081c0a6    00000002     --HOLE--
                  0081c0a8    00000006     main.obj (.fardata:z)
                  0081c0ae    00000002     --HOLE--
                  0081c0b0    00000004     rts6600_elf.lib : errno.obj (.fardata)
                  0081c0b4    00000004     --HOLE--
                  0081c0b8    00000004     clock_pe66.oe66 (.fardata:ti_sysbios_gates_GateHwi_Object__table__V)
                  0081c0bc    00000004     --HOLE--
                  0081c0c0    00000004     clock_pe66.oe66 (.fardata:ti_sysbios_knl_Task_Module_State_0_idleTask__A)

.cio       0    0081c0c8    00000120     UNINITIALIZED
                  0081c0c8    00000120     rts6600_elf.lib : trgmsg.obj (.cio)

.switch    0    0081c1e8    00000038     
                  0081c1e8    00000038     rts6600_elf.lib : _printfi.obj (.switch:_pproc_fgea)


LINKER GENERATED COPY TABLES

__TI_cinit_table @ 0081cc6c records: 4, size/record: 8, table size: 32
	.fardata: load addr=0081c600, load size=0000063f bytes, run addr=0081b418, run size=00000cac bytes, compression=rle
	.neardata: load addr=0081cc40, load size=0000000d bytes, run addr=0081c230, run size=00000014 bytes, compression=rle
	.bss: load addr=0081cc5c, load size=00000008 bytes, run addr=0081c220, run size=00000010 bytes, compression=zero_init
	.far: load addr=0081cc64, load size=00000008 bytes, run addr=00810ba0, run size=00007148 bytes, compression=zero_init


LINKER GENERATED HANDLER TABLE

__TI_handler_table @ 0081cc50 records: 3, size/record: 4, table size: 12
	index: 0, handler: __TI_zero_init
	index: 1, handler: __TI_decompress_rle24
	index: 2, handler: __TI_decompress_none


GLOBAL SYMBOLS: SORTED ALPHABETICALLY BY Name 

address   name                                                       
-------   ----                                                       
0081c230  A                                                          
0081c232  B                                                          
008102e0  C$$EXIT                                                    
0080e0a0  C$$IO$$                                                    
0081c240  E                                                          
0080d3e0  HOSTclose                                                  
0080b820  HOSTlseek                                                  
0080c120  HOSTopen                                                   
0080cba0  HOSTread                                                   
00809440  HOSTrename                                                 
0080cc60  HOSTunlink                                                 
0080c200  HOSTwrite                                                  
0081c220  Input_Data                                                 
0080a520  LMS_isrNoOpt                                               
00810180  LoggerBuf_instanceStartup                                  
0081c222  Output_Data1                                               
0081c224  Output_Data2                                               
0081c226  Output_Data3                                               
0081c228  Output_Data4                                               
0081c22a  Output_Data5                                               
0081c22c  Output_Data6                                               
0081c22e  Output_Data7                                               
0081bf40  TSK_idle                                                   
0081c058  X                                                          
0081c23c  Y                                                          
00800000  __ASM__                                                    
0081c0c8  __CIOBUF_                                                  
00800058  __ISA__                                                    
00800070  __PLAT__                                                   
00800098  __TARG__                                                   
0081cc6c  __TI_CINIT_Base                                            
0081cc8c  __TI_CINIT_Limit                                           
0081cc50  __TI_Handler_Table_Base                                    
0081cc5c  __TI_Handler_Table_Limit                                   
UNDEFED   __TI_INITARRAY_Base                                        
UNDEFED   __TI_INITARRAY_Limit                                       
0081b418  __TI_STACK_END                                             
00001000  __TI_STACK_SIZE                                            
0081c220  __TI_STATIC_BASE                                           
00000001  __TI_args_main                                             
0080d480  __TI_cleanup                                               
0081c088  __TI_cleanup_ptr                                           
0080a660  __TI_closefile                                             
00810300  __TI_decompress_none                                       
00810320  __TI_decompress_rle24                                      
0080cd20  __TI_doflush                                               
0081c08c  __TI_dtors_ptr                                             
0081c090  __TI_enable_exit_profile_output                            
0080eec0  __TI_frcmpyd_div                                           
0081c094  __TI_ft_end                                                
ffffffff  __TI_pprof_out_hndl                                        
008041a0  __TI_printfi                                               
ffffffff  __TI_prof_data_size                                        
ffffffff  __TI_prof_data_start                                       
0080dfc0  __TI_readmsg                                               
00817ba0  __TI_tmpnams                                               
0080e040  __TI_writemsg                                              
0080b920  __TI_wrt_ok                                                
0080c4a0  __TI_zero_init                                             
008000c0  __TRDR__                                                   
ffffffff  __binit__                                                  
00802b40  __c6xabi_divd                                              
0080cde0  __c6xabi_divu                                              
008085a0  __c6xabi_divul                                             
00806740  __c6xabi_divull                                            
008101a0  __c6xabi_errno_addr                                        
0080f880  __c6xabi_isinf                                             
0080e0c0  __c6xabi_llshl                                             
0080ef20  __c6xabi_llshru                                            
008101c0  __c6xabi_pop_rts                                           
008101e0  __c6xabi_push_rts                                          
0080d520  __c6xabi_remu                                              
ffffffff  __c_args__                                                 
0080cde0  __divu                                                     
0081c0b0  __errno                                                    
008101c0  __pop_rts                                                  
008101e0  __push_rts                                                 
0080d520  __remu                                                     
00810200  __xdc__init                                                
0081b614  __xdc__init__addr                                          
0080f900  _args_main                                                 
00000000  _argsize                                                   
0080af20  _auto_init_elf                                             
0080d5c0  _c_int00                                                   
00819bf0  _ctypes_                                                   
0081b618  _ftable                                                    
0081bf8c  _lock                                                      
00810220  _nop                                                       
00810280  _register_lock                                             
008102a0  _register_unlock                                           
0081a418  _stack                                                     
0080ef80  _subcull                                                   
0081c024  _unlock                                                    
008102e0  abort                                                      
0080bc20  atoi                                                       
ffffffff  binit                                                      
00812ba0  buffer0                                                    
008133a0  buffer1                                                    
00813ba0  buffer2                                                    
008143a0  buffer3                                                    
00814ba0  buffer4                                                    
008153a0  buffer5                                                    
00815ba0  buffer6                                                    
008163a0  buffer7                                                    
0080c3c0  close                                                      
0081ba18  coef                                                       
0081c0b0  errno                                                      
0080cf60  exit                                                       
0081bab8  filtbuff1                                                  
0081bb58  filtbuff2                                                  
00803eb8  filter1                                                    
00803fcc  filter2                                                    
0081c238  force                                                      
00807940  fputc                                                      
00804600  fputs                                                      
0080f980  free                                                       
00809780  frexp                                                      
0080b040  fseek                                                      
0081c068  h                                                          
0080a8e0  ldexp                                                      
0080f0a0  lseek                                                      
0080c580  ltoa                                                       
00803c60  main                                                       
0080f100  malloc                                                     
0080f160  memccpy                                                    
0080d7a0  memcpy                                                     
0080c660  memset                                                     
0081c234  my_pE                                                      
0080c740  printf                                                     
0080e940  remove                                                     
00807040  setvbuf                                                    
00803e18  sinegen                                                    
0081b418  ti_sysbios_BIOS_Module__state__V                           
00810340  ti_sysbios_BIOS_RtsGateProxy_enter__E                      
00810360  ti_sysbios_BIOS_RtsGateProxy_leave__E                      
008105a0  ti_sysbios_BIOS_RtsGateProxy_query__E                      
0080e2c0  ti_sysbios_BIOS_atExitFunc__I                              
0080f1c0  ti_sysbios_BIOS_errorRaiseHook__I                          
0080f9c0  ti_sysbios_BIOS_exitFunc__I                                
00810380  ti_sysbios_BIOS_nullFunc__I                                
0080e340  ti_sysbios_BIOS_registerRTSLock__I                         
0080f220  ti_sysbios_BIOS_removeRTSLock__I                           
0080fa00  ti_sysbios_BIOS_rtsLock__I                                 
0080fa40  ti_sysbios_BIOS_rtsUnlock__I                               
008103a0  ti_sysbios_BIOS_setThreadType__E                           
0080fa80  ti_sysbios_BIOS_startFunc__I                               
008103c0  ti_sysbios_family_c62_TaskSupport_Module__startupDone__S   
0080f940  ti_sysbios_family_c62_TaskSupport_buildTaskStack           
008103e0  ti_sysbios_family_c62_TaskSupport_checkStack__E            
008102c0  ti_sysbios_family_c62_TaskSupport_glue                     
0080e3c0  ti_sysbios_family_c62_TaskSupport_start__E                 
0080e140  ti_sysbios_family_c62_TaskSupport_swap__E                  
00819edc  ti_sysbios_family_c64p_Exception_E_exceptionMax__C         
008192d6  ti_sysbios_family_c64p_Exception_Module__id__C             
0081b43c  ti_sysbios_family_c64p_Exception_Module__state__V          
0080d840  ti_sysbios_family_c64p_Exception_Module_startup__E         
00809c60  ti_sysbios_family_c64p_Exception_dispatch__E               
0081a174  ti_sysbios_family_c64p_Exception_exceptionHook__C          
0081a1d8  ti_sysbios_family_c64p_Exception_externalHook__C           
00800860  ti_sysbios_family_c64p_Exception_handler__I                
00807280  ti_sysbios_family_c64p_Exception_internalHandler__I        
0081a1dc  ti_sysbios_family_c64p_Exception_internalHook__C           
0081a1e0  ti_sysbios_family_c64p_Exception_nmiHook__C                
00819cf2  ti_sysbios_family_c64p_Exception_useInternalBuffer__C      
0081c400  ti_sysbios_family_c64p_Hwi0                                
0081a1e4  ti_sysbios_family_c64p_Hwi_LD_end__C                       
0081a1e8  ti_sysbios_family_c64p_Hwi_LM_begin__C                     
0081a1ec  ti_sysbios_family_c64p_Hwi_Module__diagsEnabled__C         
0081a1f0  ti_sysbios_family_c64p_Hwi_Module__diagsIncluded__C        
0081a1f4  ti_sysbios_family_c64p_Hwi_Module__diagsMask__C            
0081a1a2  ti_sysbios_family_c64p_Hwi_Module__id__C                   
0081a3e0  ti_sysbios_family_c64p_Hwi_Module__loggerDefined__C        
0081a1f8  ti_sysbios_family_c64p_Hwi_Module__loggerFxn1__C           
0081a1fc  ti_sysbios_family_c64p_Hwi_Module__loggerFxn8__C           
0081a200  ti_sysbios_family_c64p_Hwi_Module__loggerObj__C            
0081b46c  ti_sysbios_family_c64p_Hwi_Module__root__V                 
00810400  ti_sysbios_family_c64p_Hwi_Module__startupDone__F          
00810400  ti_sysbios_family_c64p_Hwi_Module__startupDone__S          
0081b474  ti_sysbios_family_c64p_Hwi_Module__state__V                
0080aa20  ti_sysbios_family_c64p_Hwi_Module_startup__E               
0081c028  ti_sysbios_family_c64p_Hwi_Object__table__V                
00810420  ti_sysbios_family_c64p_Hwi_clearInterrupt__E               
0080fac0  ti_sysbios_family_c64p_Hwi_disableInterrupt__E             
008081a0  ti_sysbios_family_c64p_Hwi_dispatchAlways                  
0080d8e0  ti_sysbios_family_c64p_Hwi_dispatchC__I                    
008064e0  ti_sysbios_family_c64p_Hwi_dispatchCore__I                 
0080fb00  ti_sysbios_family_c64p_Hwi_enableInterrupt__E              
0080d980  ti_sysbios_family_c64p_Hwi_getStackInfo__E                 
0081c400  ti_sysbios_family_c64p_Hwi_int0                            
0081c420  ti_sysbios_family_c64p_Hwi_int1                            
0081c540  ti_sysbios_family_c64p_Hwi_int10                           
0081c560  ti_sysbios_family_c64p_Hwi_int11                           
0081c580  ti_sysbios_family_c64p_Hwi_int12                           
0081c5a0  ti_sysbios_family_c64p_Hwi_int13                           
0081c5c0  ti_sysbios_family_c64p_Hwi_int14                           
0081c5e0  ti_sysbios_family_c64p_Hwi_int15                           
0081c440  ti_sysbios_family_c64p_Hwi_int2                            
0081c460  ti_sysbios_family_c64p_Hwi_int3                            
0081c480  ti_sysbios_family_c64p_Hwi_int4                            
0081c4a0  ti_sysbios_family_c64p_Hwi_int5                            
0081c4c0  ti_sysbios_family_c64p_Hwi_int6                            
0081c4e0  ti_sysbios_family_c64p_Hwi_int7                            
0081c500  ti_sysbios_family_c64p_Hwi_int8                            
0081c520  ti_sysbios_family_c64p_Hwi_int9                            
00810440  ti_sysbios_family_c64p_Hwi_startup__E                      
0080efe0  ti_sysbios_family_c64p_Hwi_switchAndDispatch__I            
00810460  ti_sysbios_family_c64p_Hwi_switchFromBootStack__E          
00810480  ti_sysbios_family_c64p_TimestampProvider_Module_startup__E 
008104a0  ti_sysbios_family_c64p_TimestampProvider_get32__E          
008104c0  ti_sysbios_family_c64p_TimestampProvider_get64__E          
008104e0  ti_sysbios_family_c64p_tci6488_TimerSupport_enable__E      
0080b160  ti_sysbios_family_c66_Cache_Module_startup__E              
0081a1a4  ti_sysbios_family_c66_Cache_initSize__C                    
008197f0  ti_sysbios_family_c66_Cache_marvalues__C                   
0080f040  ti_sysbios_family_xxx_Hwi_switchAndRunFunc                 
0080fb40  ti_sysbios_gates_GateHwi_Handle__label__S                  
00810500  ti_sysbios_gates_GateHwi_Instance_init__E                  
00819fdc  ti_sysbios_gates_GateHwi_Module__FXNS__C                   
0081b4dc  ti_sysbios_gates_GateHwi_Module__root__V                   
0081a06c  ti_sysbios_gates_GateHwi_Object__DESC__C                   
0081a12c  ti_sysbios_gates_GateHwi_Object__PARAMS__C                 
0080e440  ti_sysbios_gates_GateHwi_Object__create__S                 
0080fb80  ti_sysbios_gates_GateHwi_Object__delete__S                 
0081c0b8  ti_sysbios_gates_GateHwi_Object__table__V                  
[...]
0081a0ac  ti_sysbios_heaps_HeapMem_Object__DESC__C                   
0081a0cc  ti_sysbios_knl_Queue_Object__DESC__C                       
0081a0ec  ti_sysbios_knl_Semaphore_Object__DESC__C                   
0081a10c  xdc_runtime_LoggerBuf_Object__DESC__C                      
0081a12c  ti_sysbios_gates_GateHwi_Object__PARAMS__C                 
0081a144  ti_sysbios_gates_GateMutex_Object__PARAMS__C               
0081a15c  ti_sysbios_knl_Queue_Object__PARAMS__C                     
0081a174  ti_sysbios_family_c64p_Exception_exceptionHook__C          
0081a178  xdc_runtime_Startup_sfxnRts__A                             
0081a1a2  ti_sysbios_family_c64p_Hwi_Module__id__C                   
0081a1a4  ti_sysbios_family_c66_Cache_initSize__C                    
0081a1b8  ti_sysbios_knl_Idle_funcList__C                            
0081a1c0  xdc_runtime_Startup_firstFxns__A                           
0081a1c8  xdc_runtime_Startup_firstFxns__C                           
0081a1d0  xdc_runtime_Startup_lastFxns__C                            
0081a1d8  ti_sysbios_family_c64p_Exception_externalHook__C           
0081a1dc  ti_sysbios_family_c64p_Exception_internalHook__C           
0081a1e0  ti_sysbios_family_c64p_Exception_nmiHook__C                
0081a1e4  ti_sysbios_family_c64p_Hwi_LD_end__C                       
0081a1e8  ti_sysbios_family_c64p_Hwi_LM_begin__C                     
0081a1ec  ti_sysbios_family_c64p_Hwi_Module__diagsEnabled__C         
0081a1f0  ti_sysbios_family_c64p_Hwi_Module__diagsIncluded__C        
0081a1f4  ti_sysbios_family_c64p_Hwi_Module__diagsMask__C            
0081a1f8  ti_sysbios_family_c64p_Hwi_Module__loggerFxn1__C           
0081a1fc  ti_sysbios_family_c64p_Hwi_Module__loggerFxn8__C           
0081a200  ti_sysbios_family_c64p_Hwi_Module__loggerObj__C            
0081a204  ti_sysbios_gates_GateMutex_A_badContext__C                 
0081a208  ti_sysbios_gates_GateMutex_Instance_State_sem__O           
0081a20c  ti_sysbios_gates_GateMutex_Module__diagsEnabled__C         
0081a210  ti_sysbios_gates_GateMutex_Module__diagsIncluded__C        
0081a214  ti_sysbios_gates_GateMutex_Module__diagsMask__C            
0081a218  ti_sysbios_hal_Hwi_E_stackOverflow__C                      
0081a21c  ti_sysbios_heaps_HeapMem_A_align__C                        
0081a220  ti_sysbios_heaps_HeapMem_A_heapSize__C                     
0081a224  ti_sysbios_heaps_HeapMem_A_invalidFree__C                  
0081a228  ti_sysbios_heaps_HeapMem_A_zeroBlock__C                    
0081a22c  ti_sysbios_heaps_HeapMem_E_memory__C                       
0081a230  ti_sysbios_heaps_HeapMem_Module__diagsEnabled__C           
0081a234  ti_sysbios_heaps_HeapMem_Module__diagsIncluded__C          
0081a238  ti_sysbios_heaps_HeapMem_Module__diagsMask__C              
0081a23c  ti_sysbios_heaps_HeapMem_Module__gateObj__C                
0081a240  ti_sysbios_heaps_HeapMem_Object__count__C                  
0081a244  ti_sysbios_heaps_HeapMem_reqAlign__C                       
0081a248  ti_sysbios_knl_Clock_LM_begin__C                           
0081a24c  ti_sysbios_knl_Clock_LM_tick__C                            
0081a250  ti_sysbios_knl_Clock_LW_delayed__C                         
0081a254  ti_sysbios_knl_Clock_Module_State_clockQ__O                
0081a258  ti_sysbios_knl_Clock_Module__diagsEnabled__C               
0081a25c  ti_sysbios_knl_Clock_Module__diagsIncluded__C              
0081a260  ti_sysbios_knl_Clock_Module__diagsMask__C                  
0081a264  ti_sysbios_knl_Clock_Module__loggerFxn1__C                 
0081a268  ti_sysbios_knl_Clock_Module__loggerFxn2__C                 
0081a26c  ti_sysbios_knl_Clock_Module__loggerObj__C                  
0081a270  ti_sysbios_knl_Idle_funcList__A                            
0081a274  ti_sysbios_knl_Semaphore_A_badContext__C                   
0081a278  ti_sysbios_knl_Semaphore_A_noEvents__C                     
0081a27c  ti_sysbios_knl_Semaphore_A_overflow__C                     
0081a280  ti_sysbios_knl_Semaphore_A_pendTaskDisabled__C             
0081a284  ti_sysbios_knl_Semaphore_Instance_State_pendQ__O           
0081a288  ti_sysbios_knl_Semaphore_LM_pend__C                        
0081a28c  ti_sysbios_knl_Semaphore_LM_post__C                        
0081a290  ti_sysbios_knl_Semaphore_Module__diagsEnabled__C           
0081a294  ti_sysbios_knl_Semaphore_Module__diagsIncluded__C          
0081a298  ti_sysbios_knl_Semaphore_Module__diagsMask__C              
0081a29c  ti_sysbios_knl_Semaphore_Module__loggerFxn2__C             
0081a2a0  ti_sysbios_knl_Semaphore_Module__loggerFxn4__C             
0081a2a4  ti_sysbios_knl_Semaphore_Module__loggerObj__C              
0081a2a8  ti_sysbios_knl_Swi_LD_end__C                               
0081a2ac  ti_sysbios_knl_Swi_LM_begin__C                             
0081a2b0  ti_sysbios_knl_Swi_LM_post__C                              
0081a2b4  ti_sysbios_knl_Swi_Module__diagsEnabled__C                 
0081a2b8  ti_sysbios_knl_Swi_Module__diagsIncluded__C                
0081a2bc  ti_sysbios_knl_Swi_Module__diagsMask__C                    
0081a2c0  ti_sysbios_knl_Swi_Module__loggerFxn1__C                   
0081a2c4  ti_sysbios_knl_Swi_Module__loggerFxn4__C                   
0081a2c8  ti_sysbios_knl_Swi_Module__loggerObj__C                    
0081a2cc  ti_sysbios_knl_Swi_Object__count__C                        
0081a2d0  ti_sysbios_knl_Task_E_spOutOfBounds__C                     
0081a2d4  ti_sysbios_knl_Task_E_stackOverflow__C                     
0081a2d8  ti_sysbios_knl_Task_LD_block__C                            
0081a2dc  ti_sysbios_knl_Task_LD_exit__C                             
0081a2e0  ti_sysbios_knl_Task_LD_ready__C                            
0081a2e4  ti_sysbios_knl_Task_LM_switch__C                           
0081a2e8  ti_sysbios_knl_Task_Module_State_inactiveQ__O              
0081a2ec  ti_sysbios_knl_Task_Module__diagsEnabled__C                
0081a2f0  ti_sysbios_knl_Task_Module__diagsIncluded__C               
0081a2f4  ti_sysbios_knl_Task_Module__diagsMask__C                   
0081a2f8  ti_sysbios_knl_Task_Module__loggerFxn2__C                  
0081a2fc  ti_sysbios_knl_Task_Module__loggerFxn4__C                  
0081a300  ti_sysbios_knl_Task_Module__loggerObj__C                   
0081a304  ti_sysbios_knl_Task_Object__count__C                       
0081a308  ti_sysbios_knl_Task_allBlockedFunc__C                      
0081a30c  ti_sysbios_knl_Task_numConstructedTasks__C                 
0081a310  ti_sysbios_timers_timer64_Timer_A_notAvailable__C          
0081a314  ti_sysbios_timers_timer64_Timer_E_cannotSupport__C         
0081a318  ti_sysbios_timers_timer64_Timer_Module__diagsEnabled__C    
0081a31c  ti_sysbios_timers_timer64_Timer_Module__diagsIncluded__C   
0081a320  ti_sysbios_timers_timer64_Timer_Module__diagsMask__C       
0081a324  ti_sysbios_timers_timer64_Timer_anyMaskHigh__C             
0081a328  ti_sysbios_timers_timer64_Timer_anyMask__C                 
0081a32c  ti_sysbios_timers_timer64_Timer_freqDivisor__C             
0081a330  ti_sysbios_timers_timer64_Timer_numLocalTimers__C          
0081a334  ti_sysbios_timers_timer64_Timer_numTimerDevices__C         
0081a338  xdc_runtime_Assert_E_assertFailed__C                       
0081a33c  xdc_runtime_Core_A_initializedParams__C                    
0081a340  xdc_runtime_Core_Module__diagsEnabled__C                   
0081a344  xdc_runtime_Core_Module__diagsIncluded__C                  
0081a348  xdc_runtime_Core_Module__diagsMask__C                      
0081a34c  xdc_runtime_Error_E_memory__C                              
0081a350  xdc_runtime_Error_Module__diagsEnabled__C                  
0081a354  xdc_runtime_Error_Module__diagsIncluded__C                 
0081a358  xdc_runtime_Error_Module__diagsMask__C                     
0081a35c  xdc_runtime_Error_Module__loggerFxn8__C                    
0081a360  xdc_runtime_Error_Module__loggerObj__C                     
0081a364  xdc_runtime_Error_policyFxn__C                             
0081a368  xdc_runtime_Error_policy__C                                
0081a36c  xdc_runtime_Error_raiseHook__C                             
0081a370  xdc_runtime_IFilterLogger_Interface__BASE__C               
0081a374  xdc_runtime_IGateProvider_Interface__BASE__C               
0081a378  xdc_runtime_IHeap_Interface__BASE__C                       
0081a37c  xdc_runtime_ILogger_Interface__BASE__C                     
0081a380  xdc_runtime_IModule_Interface__BASE__C                     
0081a384  xdc_runtime_Log_L_error__C                                 
0081a388  xdc_runtime_LoggerBuf_E_badLevel__C                        
0081a38c  xdc_runtime_LoggerBuf_Module__gateObj__C                   
0081a390  xdc_runtime_LoggerBuf_Object__count__C                     
0081a394  xdc_runtime_LoggerBuf_statusLogger__C                      
0081a398  xdc_runtime_Memory_defaultHeapInstance__C                  
0081a39c  xdc_runtime_Startup_execImpl__C                            
0081a3a0  xdc_runtime_Startup_maxPasses__C                           
0081a3a4  xdc_runtime_Startup_sfxnRts__C                             
0081a3a8  xdc_runtime_Startup_sfxnTab__C                             
0081a3ac  xdc_runtime_SysMin_bufSize__C                              
0081a3b0  xdc_runtime_SysMin_outputFunc__C                           
0081a3b4  xdc_runtime_System_Module__gateObj__C                      
0081a3b8  xdc_runtime_System_abortFxn__C                             
0081a3bc  xdc_runtime_System_exitFxn__C                              
0081a3c0  xdc_runtime_System_extendFxn__C                            
0081a3c4  xdc_runtime_System_maxAtexitHandlers__C                    
0081a3c8  xdc_runtime_Text_charTab__C                                
0081a3cc  xdc_runtime_Text_nameEmpty__C                              
0081a3d0  xdc_runtime_Text_nameStatic__C                             
0081a3d4  xdc_runtime_Text_nameUnknown__C                            
0081a3d8  xdc_runtime_Text_nodeTab__C                                
0081a3dc  xdc_runtime_Text_visitRopeFxn__C                           
0081a3e0  ti_sysbios_family_c64p_Hwi_Module__loggerDefined__C        
0081a3e2  ti_sysbios_gates_GateMutex_Module__id__C                   
0081a3e4  ti_sysbios_hal_Hwi_Module__id__C                           
0081a3e6  ti_sysbios_heaps_HeapMem_Module__id__C                     
0081a3e8  ti_sysbios_knl_Clock_Module__id__C                         
0081a3ea  ti_sysbios_knl_Clock_Module__loggerDefined__C              
0081a3ec  ti_sysbios_knl_Semaphore_Module__id__C                     
0081a3ee  ti_sysbios_knl_Semaphore_Module__loggerDefined__C          
0081a3f0  ti_sysbios_knl_Swi_Module__id__C                           
0081a3f2  ti_sysbios_knl_Swi_Module__loggerDefined__C                
0081a3f4  ti_sysbios_knl_Task_Module__id__C                          
0081a3f6  ti_sysbios_knl_Task_Module__loggerDefined__C               
0081a3f8  ti_sysbios_knl_Task_initStackFlag__C                       
0081a3fa  ti_sysbios_timers_timer64_Timer_Module__id__C              
0081a3fc  ti_sysbios_timers_timer64_Timer_startupNeeded__C           
0081a3fe  ti_sysbios_timers_timer64_Timer_useTimer64pRegMap__C       
0081a400  xdc_runtime_Core_Module__id__C                             
0081a402  xdc_runtime_Error_Module__loggerDefined__C                 
0081a404  xdc_runtime_Error_maxDepth__C                              
0081a406  xdc_runtime_LoggerBuf_Module__id__C                        
0081a408  xdc_runtime_LoggerBuf_filterByLevel__C                     
0081a40a  xdc_runtime_Memory_Module__id__C                           
0081a40c  xdc_runtime_SysMin_flushAtExit__C                          
0081a40e  xdc_runtime_Text_charCnt__C                                
0081a410  xdc_runtime_Text_isLoaded__C                               
0081a412  xdc_runtime_Text_registryModsLastId__C                     
0081a414  xdc_runtime_Text_unnamedModsLastId__C                      
0081a418  _stack                                                     
0081b418  __TI_STACK_END                                             
0081b418  ti_sysbios_BIOS_Module__state__V                           
0081b43c  ti_sysbios_family_c64p_Exception_Module__state__V          
0081b46c  ti_sysbios_family_c64p_Hwi_Module__root__V                 
0081b474  ti_sysbios_family_c64p_Hwi_Module__state__V                
0081b4dc  ti_sysbios_gates_GateHwi_Module__root__V                   
0081b4e4  ti_sysbios_gates_GateMutex_Module__root__V                 
0081b4ec  ti_sysbios_hal_Hwi_Module__root__V                         
0081b4f4  ti_sysbios_heaps_HeapMem_Module__root__V                   
0081b4fc  ti_sysbios_knl_Clock_Module__root__V                       
0081b504  ti_sysbios_knl_Clock_Module__state__V                      
0081b530  ti_sysbios_knl_Queue_Module__root__V                       
0081b538  ti_sysbios_knl_Semaphore_Module__root__V                   
0081b540  ti_sysbios_knl_Swi_Module__root__V                         
0081b548  ti_sysbios_knl_Swi_Module__state__V                        
0081b564  ti_sysbios_knl_Task_Module__root__V                        
0081b56c  ti_sysbios_knl_Task_Module__state__V                       
0081b5b0  ti_sysbios_timers_timer64_Timer_Module__root__V            
0081b5b8  ti_sysbios_timers_timer64_Timer_Module__state__V           
0081b5d0  xdc_runtime_Error_Module__state__V                         
0081b5d4  xdc_runtime_LoggerBuf_Module__root__V                      
0081b5dc  xdc_runtime_LoggerBuf_Module__state__V                     
0081b5e4  xdc_runtime_Memory_Module__state__V                        
0081b5e8  xdc_runtime_Registry_Module__state__V                      
0081b5f0  xdc_runtime_Startup_Module__state__V                       
0081b5f8  xdc_runtime_SysMin_Module__state__V                        
0081b604  xdc_runtime_System_Module__state__V                        
0081b60c  xdc_runtime_Text_Module__state__V                          
0081b614  __xdc__init__addr                                          
0081b618  _ftable                                                    
0081b7f8  ti_sysbios_timers_timer64_Timer_Module_State_0_device__A   
0081ba18  coef                                                       
0081bab8  filtbuff1                                                  
0081bb58  filtbuff2                                                  
0081bbf8  ti_sysbios_knl_Swi_Module_State_0_readyQ__A                
0081bc78  ti_sysbios_knl_Task_Module_State_0_readyQ__A               
0081bcf8  ti_sysbios_timers_timer64_Timer_Module_State_0_gctrl__A    
0081bd78  ti_sysbios_timers_timer64_Timer_Module_State_0_handles__A  
0081bdf8  ti_sysbios_timers_timer64_Timer_Module_State_0_intFreqs__A 
0081bef0  ti_sysbios_timers_timer64_Timer_Object__table__V           
0081bf40  TSK_idle                                                   
0081bf40  ti_sysbios_knl_Task_Object__table__V                       
0081bf8c  _lock                                                      
0081bf90  ti_sysbios_gates_GateMutex_Object__table__V                
0081bfd0  ti_sysbios_knl_Swi_Object__table__V                        
0081c000  xdc_runtime_LoggerBuf_Object__table__V                     
0081c024  _unlock                                                    
0081c028  ti_sysbios_family_c64p_Hwi_Object__table__V                
0081c040  ti_sysbios_heaps_HeapMem_Object__table__V                  
0081c058  X                                                          
0081c068  h                                                          
0081c078  xdc_runtime_System_Module_State_0_atexitHandlers__A        
0081c088  __TI_cleanup_ptr                                           
0081c08c  __TI_dtors_ptr                                             
0081c090  __TI_enable_exit_profile_output                            
0081c094  __TI_ft_end                                                
0081c098  ti_sysbios_hal_Hwi_Object__table__V                        
0081c0a0  y                                                          
0081c0a8  z                                                          
0081c0b0  __errno                                                    
0081c0b0  errno                                                      
0081c0b8  ti_sysbios_gates_GateHwi_Object__table__V                  
0081c0c0  ti_sysbios_knl_Task_Module_State_0_idleTask__A             
0081c0c8  __CIOBUF_                                                  
0081c220  Input_Data                                                 
0081c220  __TI_STATIC_BASE                                           
0081c222  Output_Data1                                               
0081c224  Output_Data2                                               
0081c226  Output_Data3                                               
0081c228  Output_Data4                                               
0081c22a  Output_Data5                                               
0081c22c  Output_Data6                                               
0081c22e  Output_Data7                                               
0081c230  A                                                          
0081c232  B                                                          
0081c234  my_pE                                                      
0081c238  force                                                      
0081c23c  Y                                                          
0081c240  E                                                          
0081c400  ti_sysbios_family_c64p_Hwi0                                
0081c400  ti_sysbios_family_c64p_Hwi_int0                            
0081c420  ti_sysbios_family_c64p_Hwi_int1                            
0081c440  ti_sysbios_family_c64p_Hwi_int2                            
0081c460  ti_sysbios_family_c64p_Hwi_int3                            
0081c480  ti_sysbios_family_c64p_Hwi_int4                            
0081c4a0  ti_sysbios_family_c64p_Hwi_int5                            
0081c4c0  ti_sysbios_family_c64p_Hwi_int6                            
0081c4e0  ti_sysbios_family_c64p_Hwi_int7                            
0081c500  ti_sysbios_family_c64p_Hwi_int8                            
0081c520  ti_sysbios_family_c64p_Hwi_int9                            
0081c540  ti_sysbios_family_c64p_Hwi_int10                           
0081c560  ti_sysbios_family_c64p_Hwi_int11                           
0081c580  ti_sysbios_family_c64p_Hwi_int12                           
0081c5a0  ti_sysbios_family_c64p_Hwi_int13                           
0081c5c0  ti_sysbios_family_c64p_Hwi_int14                           
0081c5e0  ti_sysbios_family_c64p_Hwi_int15                           
0081cc50  __TI_Handler_Table_Base                                    
0081cc5c  __TI_Handler_Table_Limit                                   
0081cc6c  __TI_CINIT_Base                                            
0081cc8c  __TI_CINIT_Limit                                           
ffffffff  __TI_pprof_out_hndl                                        
ffffffff  __TI_prof_data_size                                        
ffffffff  __TI_prof_data_start                                       
ffffffff  __binit__                                                  
ffffffff  __c_args__                                                 
ffffffff  binit                                                      
UNDEFED   __TI_INITARRAY_Base                                        
UNDEFED   __TI_INITARRAY_Limit                                       

[630 symbols]
