******************************************************************************
               TMS320C6x Linker PC v8.0.0                      
******************************************************************************
>> Linked Mon Mar 07 15:03:30 2016

OUTPUT FILE NAME:   <Adaptive_filter_all.out>
ENTRY POINT SYMBOL: "_c_int00"  address: 0080cfe0


MEMORY CONFIGURATION

         name            origin    length      used     unused   attr    fill
----------------------  --------  ---------  --------  --------  ----  --------
  L2SRAM                00800000   00080000  0001a2c8  00065d38  RW X
  MSMCSRAM              0c000000   00400000  00000000  00400000  RW X
  DDR3                  80000000   20000000  00000000  20000000  RWIX


SEGMENT ALLOCATION MAP

run origin  load origin   length   init length attrs members
----------  ----------- ---------- ----------- ----- -------
00800000    00800000    00010400   00010400    r-x
  00800000    00800000    00010400   00010400    r-x .text
00810400    00810400    00005150   00000000    rw-
  00810400    00810400    00005148   00000000    rw- .far
  00815548    00815548    00000008   00000000    rw- .fardata.1
00815550    00815550    00002978   00002978    r--
  00815550    00815550    00002978   00002978    r-- .const
00817ec8    00817ec8    00001c1c   00000000    rw-
  00817ec8    00817ec8    00001000   00000000    rw- .stack
  00818ec8    00818ec8    00000adc   00000000    rw- .fardata.2
  008199a8    008199a8    00000120   00000000    rw- .cio
  00819ac8    00819ac8    00000008   00000000    rw- .bss
  00819ad0    00819ad0    00000014   00000000    rw- .neardata
00819c00    00819c00    000007e8   000007e8    r-x
  00819c00    00819c00    00000200   00000200    r-x .vecs
  00819e00    00819e00    000005e8   000005e8    r-- .cinit


SECTION ALLOCATION MAP

 output                                  attributes/
section   page    origin      length       input sections
--------  ----  ----------  ----------   ----------------
.stack     0    00817ec8    00001000     UNINITIALIZED
                  00817ec8    00000008     boot.ae66 : boot.oe66 (.stack)
                  00817ed0    00000ff8     --HOLE--

.bss       0    00819ac8    00000008     UNINITIALIZED
                  00819ac8    00000002     (.common:Input_Data)
                  00819aca    00000002     (.common:Output_Data1)
                  00819acc    00000002     (.common:Output_Data2)
                  00819ace    00000002     (.common:Output_Data3)

.neardata 
*          0    00819ad0    00000014     UNINITIALIZED
                  00819ad0    00000008     Adaptive_C.obj (.neardata)
                  00819ad8    00000008     LMSCLinear1.obj (.neardata)
                  00819ae0    00000004     main.obj (.neardata)

.rodata    0    00819ae4    00000000     UNINITIALIZED

.cinit     0    00819e00    000005e8     
                  00819e00    00000588     (.cinit..fardata.2.load) [load image, compression = rle]
                  0081a388    0000000d     (.cinit..neardata.load) [load image, compression = rle]
                  0081a395    00000003     --HOLE-- [fill = 0]
                  0081a398    0000000c     (.cinit..fardata.1.load) [load image, compression = rle]
                  0081a3a4    0000000c     (__TI_handler_table)
                  0081a3b0    00000008     (.cinit..bss.load) [load image, compression = zero_init]
                  0081a3b8    00000008     (.cinit..far.load) [load image, compression = zero_init]
                  0081a3c0    00000028     (__TI_cinit_table)

.init_array 
*          0    00800000    00000000     UNINITIALIZED

.text      0    00800000    00010400     
                  00800000    000008a0     ti.targets.rts6000.ae66 : System.oe66 (.text:xdc_runtime_System_doPrint__I)
                  008008a0    00000780     sysbios.ae66 : BIOS.obj (.text:ti_sysbios_family_c64p_Exception_handler__I)
                  00801020    00000760                  : BIOS.obj (.text:ti_sysbios_knl_Semaphore_pend__E)
                  00801780    00000700                  : BIOS.obj (.text:ti_sysbios_heaps_HeapMem_alloc__E)
                  00801e80    00000700                  : BIOS.obj (.text:ti_sysbios_timers_timer64_Timer_Module_startup__E)
                  00802580    00000620                  : BIOS.obj (.text:ti_sysbios_heaps_HeapMem_free__E)
                  00802ba0    00000600     rts6600_elf.lib : divd.obj (.text:__c6xabi_divd)
                  008031a0    00000580                     : _printfi.obj (.text:_getarg_diouxp)
                  00803720    00000540                     : _printfi.obj (.text:_setfield)
                  00803c60    00000460                     : _printfi.obj (.text:__TI_printfi)
                  008040c0    00000380                     : fputs.obj (.text:fputs)
                  00804440    00000320                     : _printfi.obj (.text:_pproc_fge)
                  00804760    00000320     sysbios.ae66 : BIOS.obj (.text:ti_sysbios_timers_timer64_Timer_deviceConfig__I)
                  00804a80    00000300                  : BIOS.obj (.text:ti_sysbios_knl_Task_Module_startup__E)
                  00804d80    000002e0                  : BIOS.obj (.text:ti_sysbios_heaps_HeapMem_Instance_init__E)
                  00805060    000002a0     rts6600_elf.lib : _printfi.obj (.text:_pproc_fwp)
                  00805300    000002a0                     : _printfi.obj (.text:ecvt)
                  008055a0    000002a0                     : _printfi.obj (.text:fcvt)
                  00805840    000002a0     sysbios.ae66 : BIOS.obj (.text:ti_sysbios_knl_Clock_workFunc__E)
                  00805ae0    00000260     rts6600_elf.lib : _printfi.obj (.text:_pconv_e)
                  00805d40    00000260     sysbios.ae66 : BIOS.obj (.text:ti_sysbios_family_c64p_Hwi_dispatchCore__I)
                  00805fa0    00000260     ti.targets.rts6000.ae66 : Startup.oe66 (.text:xdc_runtime_Startup_startMods__I)
                  00806200    00000240     rts6600_elf.lib : imath64.obj (.text:__c6xabi_divull)
                  00806440    00000240                     : _printfi.obj (.text:_pproc_diouxp)
                  00806680    00000240                     : _printfi.obj (.text:_pproc_str)
                  008068c0    00000240                     : setvbuf.obj (.text:setvbuf)
                  00806b00    00000240     sysbios.ae66 : BIOS.obj (.text:ti_sysbios_family_c64p_Exception_internalHandler__I)
                  00806d40    00000240                  : BIOS.obj (.text:ti_sysbios_knl_Semaphore_post__E)
                  00806f80    00000240     ti.targets.rts6000.ae66 : Core-mem.oe66 (.text:xdc_runtime_Core_createObject__I)
                  008071c0    00000240                             : LoggerBuf.oe66 (.text:xdc_runtime_LoggerBuf_write8__E)
                  00807400    00000240     clock_pe66.oe66 (.text:xdc_runtime_System_printfExtend__I)
                  00807640    00000220     rts6600_elf.lib : fputc.obj (.text:fputc)
                  00807860    00000220     sysbios.ae66 : BIOS.obj (.text:ti_sysbios_knl_Swi_run__I)
                  00807a80    00000220                  : BIOS.obj (.text:ti_sysbios_timers_timer64_Timer_setPeriodMicroSecs__E)
                  00807ca0    00000200     rts6600_elf.lib : _printfi.obj (.text:_pconv_g)
                  00807ea0    00000200     sysbios.ae66 : c64p_Hwi_disp_always.obj (.text:_ti_sysbios_family_c64p_Hwi_dispatchAlways)
                  008080a0    00000200     ti.targets.rts6000.ae66 : Error.oe66 (.text:xdc_runtime_Error_policyDefault__E)
                  008082a0    000001e0     rts6600_elf.lib : imath40.obj (.text:__c6xabi_divul)
                  00808480    000001e0     sysbios.ae66 : BIOS.obj (.text:ti_sysbios_gates_GateMutex_enter__E)
                  00808660    000001e0                  : BIOS.obj (.text:ti_sysbios_knl_Task_checkStacks__E)
                  00808840    000001c0     rts6600_elf.lib : _printfi.obj (.text:_mcpy)
                  00808a00    000001c0     sysbios.ae66 : BIOS.obj (.text:ti_sysbios_timers_timer64_Timer_getFreq__E)
                  00808bc0    000001c0     ti.targets.rts6000.ae66 : Text.oe66 (.text:xdc_runtime_Text_putSite__E)
                  00808d80    000001a0     rts6600_elf.lib : trgdrv.obj (.text:HOSTrename)
                  00808f20    000001a0     sysbios.ae66 : BIOS.obj (.text:ti_sysbios_knl_Task_exit__E)
                  008090c0    000001a0                  : BIOS.obj (.text:ti_sysbios_knl_Task_schedule__I)
                  00809260    000001a0                  : BIOS.obj (.text:ti_sysbios_timers_timer64_Timer_start__E)
                  00809400    000001a0     ti.targets.rts6000.ae66 : LoggerBuf.oe66 (.text:xdc_runtime_LoggerBuf_write4__E)
                  008095a0    00000180     main.obj (.text)
                  00809720    00000180     sysbios.ae66 : c64p_Exception_asm.obj (.text)
                  008098a0    00000180                  : BIOS.obj (.text:ti_sysbios_knl_Task_startCore__E)
                  00809a20    00000180     ti.targets.rts6000.ae66 : Core-smem.oe66 (.text:xdc_runtime_Core_constructObject__I)
                  00809ba0    00000160     Adaptive_C.obj (.text)
                  00809d00    00000160     LMSCLinear1.obj (.text)
                  00809e60    00000160     rts6600_elf.lib : copy_decompress_rle.obj (.text:__TI_decompress_rle_core)
                  00809fc0    00000160     sysbios.ae66 : BIOS.obj (.text:ti_sysbios_knl_Swi_post__E)
                  0080a120    00000140     rts6600_elf.lib : fclose.obj (.text:__TI_closefile)
                  0080a260    00000140     boot.ae66 : autoinit.oe66 (.text:_auto_init_elf)
                  0080a3a0    00000140     rts6600_elf.lib : lowlev.obj (.text:getdevice)
                  0080a4e0    00000140     sysbios.ae66 : BIOS.obj (.text:ti_sysbios_family_c64p_Hwi_Module_startup__E)
                  0080a620    00000140                  : BIOS.obj (.text:ti_sysbios_knl_Semaphore_Instance_init__E)
                  0080a760    00000140                  : BIOS.obj (.text:ti_sysbios_knl_Task_blockI__E)
                  0080a8a0    00000140     ti.targets.rts6000.ae66 : Text.oe66 (.text:xdc_runtime_Text_putLab__E)
                  0080a9e0    00000120     rts6600_elf.lib : fseek.obj (.text:fseek)
                  0080ab00    00000120     sysbios.ae66 : BIOS.obj (.text:ti_sysbios_family_c66_Cache_startup__I)
                  0080ac20    00000120                  : BIOS.obj (.text:ti_sysbios_knl_Task_unblockI__E)
                  0080ad40    00000120     ti.targets.rts6000.ae66 : LoggerBuf.oe66 (.text:xdc_runtime_LoggerBuf_setFilterLevel__E)
                  0080ae60    00000120                             : Text.oe66 (.text:xdc_runtime_Text_putMod__E)
                  0080af80    00000100     rts6600_elf.lib : trgdrv.obj (.text:HOSTlseek)
                  0080b080    00000100                     : _io_perm.obj (.text:__TI_wrt_ok)
                  0080b180    00000100                     : _printfi.obj (.text:_ltostr)
                  0080b280    00000100                     : _printfi.obj (.text:_pproc_fflags)
                  0080b380    00000100                     : atoi.obj (.text:atoi)
                  0080b480    00000100     sysbios.ae66 : BIOS.obj (.text:ti_sysbios_knl_Swi_restoreHwi__E)
                  0080b580    00000100                  : BIOS.obj (.text:ti_sysbios_timers_timer64_Timer_initDevice__I)
                  0080b680    00000100     ti.targets.rts6000.ae66 : Core-mem.oe66 (.text:xdc_runtime_Core_deleteObject__I)
                  0080b780    00000100                             : LoggerBuf.oe66 (.text:xdc_runtime_LoggerBuf_getFilterLevel__E)
                  0080b880    00000100                             : Startup.oe66 (.text:xdc_runtime_Startup_exec__E)
                  0080b980    00000100                             : Text.oe66 (.text:xdc_runtime_Text_visitRope2__I)
                  0080ba80    000000e0     rts6600_elf.lib : trgdrv.obj (.text:HOSTopen)
                  0080bb60    000000e0                     : trgdrv.obj (.text:HOSTwrite)
                  0080bc40    000000e0                     : _printfi.obj (.text:_div)
                  0080bd20    000000e0                     : lowlev.obj (.text:close)
                  0080be00    000000e0                     : copy_zero_init.obj (.text:decompress:ZI:__TI_zero_init)
                  0080bee0    000000e0                     : ltoa.obj (.text:ltoa)
                  0080bfc0    000000e0                     : memset.obj (.text:memset)
                  0080c0a0    000000e0                     : printf.obj (.text:printf)
                  0080c180    000000e0     sysbios.ae66 : BIOS.obj (.text:ti_sysbios_knl_Swi_runLoop__I)
                  0080c260    000000e0                  : BIOS.obj (.text:ti_sysbios_timers_timer64_Timer_startup__E)
                  0080c340    000000e0     ti.targets.rts6000.ae66 : Error.oe66 (.text:xdc_runtime_Error_print__E)
                  0080c420    000000e0                             : Memory.oe66 (.text:xdc_runtime_Memory_alloc__E)
                  0080c500    000000c0     rts6600_elf.lib : trgdrv.obj (.text:HOSTread)
                  0080c5c0    000000c0                     : trgdrv.obj (.text:HOSTunlink)
                  0080c680    000000c0                     : fflush.obj (.text:__TI_doflush)
                  0080c740    000000c0                     : divu.obj (.text:__divu)
                  0080c800    000000c0                     : exit.obj (.text:exit)
                  0080c8c0    000000c0     sysbios.ae66 : BIOS.obj (.text:ti_sysbios_heaps_HeapMem_getStats__E)
                  0080c980    000000c0                  : BIOS.obj (.text:ti_sysbios_knl_Clock_logTick__E)
                  0080ca40    000000c0                  : BIOS.obj (.text:ti_sysbios_knl_Swi_schedule__I)
                  0080cb00    000000c0                  : BIOS.obj (.text:ti_sysbios_knl_Task_allBlockedFunction__I)
                  0080cbc0    000000c0     ti.targets.rts6000.ae66 : Error.oe66 (.text:xdc_runtime_Error_setX__E)
                  0080cc80    000000c0                             : LoggerBuf.oe66 (.text:xdc_runtime_LoggerBuf_Instance_init__E)
                  0080cd40    000000c0                             : System.oe66 (.text:xdc_runtime_System_formatNum__I)
                  0080ce00    000000a0     rts6600_elf.lib : trgdrv.obj (.text:HOSTclose)
                  0080cea0    000000a0                     : fopen.obj (.text:__TI_cleanup)
                  0080cf40    000000a0                     : remu.obj (.text:__remu)
                  0080cfe0    000000a0     boot.ae66 : boot.oe66 (.text:_c_int00)
                  0080d080    000000a0     rts6600_elf.lib : _printfi.obj (.text:_ecpy)
                  0080d120    000000a0                     : _printfi.obj (.text:_fcpy)
                  0080d1c0    000000a0                     : _printfi.obj (.text:_pconv_f)
                  0080d260    000000a0                     : memcpy64.obj (.text:memcpy)
                  0080d300    000000a0     sysbios.ae66 : BIOS.obj (.text:ti_sysbios_family_c64p_Exception_Module_startup__E)
                  0080d3a0    000000a0                  : BIOS.obj (.text:ti_sysbios_family_c64p_Hwi_dispatchC__I)
                  0080d440    000000a0                  : BIOS.obj (.text:ti_sysbios_family_c64p_Hwi_getStackInfo__E)
                  0080d4e0    000000a0                  : BIOS.obj (.text:ti_sysbios_heaps_HeapMem_init__I)
                  0080d580    000000a0                  : BIOS.obj (.text:ti_sysbios_timers_timer64_Timer_stop__E)
                  0080d620    000000a0     ti.targets.rts6000.ae66 : Assert.oe66 (.text:xdc_runtime_Assert_raise__I)
                  0080d6c0    000000a0                             : LoggerBuf.oe66 (.text:xdc_runtime_LoggerBuf_Module_startup__E)
                  0080d760    000000a0     clock_pe66.oe66 (.text:xdc_runtime_LoggerBuf_Object__create__S)
                  0080d800    000000a0     ti.targets.rts6000.ae66 : SysMin.oe66 (.text:xdc_runtime_SysMin_abort__E)
                  0080d8a0    000000a0                             : SysMin.oe66 (.text:xdc_runtime_SysMin_flush__E)
                  0080d940    000000a0                             : SysMin.oe66 (.text:xdc_runtime_SysMin_putch__E)
                  0080d9e0    000000a0                             : Text.oe66 (.text:xdc_runtime_Text_xprintf__I)
                  0080da80    00000080     rts6600_elf.lib : trgmsg.obj (.text:__TI_readmsg)
                  0080db00    00000080                     : trgmsg.obj (.text:__TI_writemsg)
                  0080db80    00000080                     : llshift.obj (.text:__c6xabi_llshl)
                  0080dc00    00000080     sysbios.ae66 : c62_TaskSupport_asm.obj (.text:_ti_sysbios_family_c62_TaskSupport_swap__E)
                  0080dc80    00000080     rts6600_elf.lib : lowlev.obj (.text:finddevice)
                  0080dd00    00000080     clock_pe66.oe66 (.text:ti_sysbios_BIOS_atExitFunc__I)
                  0080dd80    00000080     clock_pe66.oe66 (.text:ti_sysbios_BIOS_registerRTSLock__I)
                  0080de00    00000080     sysbios.ae66 : BIOS.obj (.text:ti_sysbios_family_c62_TaskSupport_start__E)
                  0080de80    00000080     clock_pe66.oe66 (.text:ti_sysbios_gates_GateHwi_Object__create__S)
                  0080df00    00000080     clock_pe66.oe66 (.text:ti_sysbios_gates_GateMutex_Object__create__S)
                  0080df80    00000080     sysbios.ae66 : BIOS.obj (.text:ti_sysbios_hal_Hwi_checkStack)
                  0080e000    00000080                  : BIOS.obj (.text:ti_sysbios_hal_Hwi_initStack)
                  0080e080    00000080     clock_pe66.oe66 (.text:ti_sysbios_heaps_HeapMem_Object__create__S)
                  0080e100    00000080     clock_pe66.oe66 (.text:ti_sysbios_knl_Clock_doTick__I)
                  0080e180    00000080     sysbios.ae66 : BIOS.obj (.text:ti_sysbios_knl_Idle_run__E)
                  0080e200    00000080                  : BIOS.obj (.text:ti_sysbios_knl_Semaphore_pendTimeout__I)
                  0080e280    00000080                  : BIOS.obj (.text:ti_sysbios_knl_Swi_startup__E)
                  0080e300    00000080                  : BIOS.obj (.text:ti_sysbios_knl_Task_restore__E)
                  0080e380    00000080     rts6600_elf.lib : lowlev.obj (.text:unlink)
                  0080e400    00000080     ti.targets.rts6000.ae66 : Core-label.oe66 (.text:xdc_runtime_Core_assignLabel__I)
                  0080e480    00000080                             : Core-params.oe66 (.text:xdc_runtime_Core_assignParams__I)
                  0080e500    00000080                             : LoggerBuf.oe66 (.text:xdc_runtime_LoggerBuf_filterOutEvent__I)
                  0080e580    00000080     clock_pe66.oe66 (.text:xdc_runtime_SysMin_output__I)
                  0080e600    00000080     ti.targets.rts6000.ae66 : System.oe66 (.text:xdc_runtime_System_atexit__E)
                  0080e680    00000080                             : System.oe66 (.text:xdc_runtime_System_processAtExit__E)
                  0080e700    00000080                             : System.oe66 (.text:xdc_runtime_System_putchar__I)
                  0080e780    00000080                             : Text.oe66 (.text:xdc_runtime_Text_printVisFxn__I)
                  0080e800    00000060     Adaptativelinear.obj (.text)
                  0080e860    00000060     rts6600_elf.lib : frcmpyd_div.obj (.text:__TI_frcmpyd_div)
                  0080e8c0    00000060                     : llshift.obj (.text:__c6xabi_llshru)
                  0080e920    00000060                     : imath64.obj (.text:_subcull)
                  0080e980    00000060     sysbios.ae66 : c64p_Hwi_asm_switch.obj (.text:_ti_sysbios_family_c64p_Hwi_switchAndDispatch__I)
                  0080e9e0    00000060                  : c64p_Hwi_asm_switch.obj (.text:_ti_sysbios_family_xxx_Hwi_switchAndRunFunc)
                  0080ea40    00000060     rts6600_elf.lib : lowlev.obj (.text:lseek)
                  0080eaa0    00000060     clock_pe66.oe66 (.text:malloc)
                  0080eb00    00000060     rts6600_elf.lib : memccpy.obj (.text:memccpy)
                  0080eb60    00000060     clock_pe66.oe66 (.text:ti_sysbios_BIOS_errorRaiseHook__I)
                  0080ebc0    00000060     clock_pe66.oe66 (.text:ti_sysbios_BIOS_removeRTSLock__I)
                  0080ec20    00000060     clock_pe66.oe66 (.text:ti_sysbios_gates_GateMutex_Object__delete__S)
                  0080ec80    00000060     sysbios.ae66 : BIOS.obj (.text:ti_sysbios_knl_Clock_Module_startup__E)
                  0080ece0    00000060     clock_pe66.oe66 (.text:ti_sysbios_knl_Queue_construct)
                  0080ed40    00000060     clock_pe66.oe66 (.text:ti_sysbios_knl_Semaphore_construct)
                  0080eda0    00000060     sysbios.ae66 : BIOS.obj (.text:ti_sysbios_knl_Swi_Module_startup__E)
                  0080ee00    00000060                  : BIOS.obj (.text:ti_sysbios_knl_Task_enter__I)
                  0080ee60    00000060     rts6600_elf.lib : lowlev.obj (.text:write)
                  0080eec0    00000060     clock_pe66.oe66 (.text:xdc_runtime_LoggerBuf_Object__delete__S)
                  0080ef20    00000060     ti.targets.rts6000.ae66 : Memory.oe66 (.text:xdc_runtime_Memory_calloc__E)
                  0080ef80    00000060                             : SysMin.oe66 (.text:xdc_runtime_SysMin_Module_startup__E)
                  0080efe0    00000060                             : SysMin.oe66 (.text:xdc_runtime_SysMin_exit__E)
                  0080f040    00000060                             : System.oe66 (.text:xdc_runtime_System_avprintf__E)
                  0080f0a0    00000060                             : System.oe66 (.text:xdc_runtime_System_vprintf__E)
                  0080f100    00000060                             : Text.oe66 (.text:xdc_runtime_Text_cordText__E)
                  0080f160    00000040     rts6600_elf.lib : isinf.obj (.text:__c6xabi_isinf)
                  0080f1a0    00000040                     : _printfi.obj (.text:__c6xabi_isnan)
                  0080f1e0    00000040                     : call_stub.obj (.text:__call_stub)
                  0080f220    00000040                     : args_main.obj (.text:_args_main)
                  0080f260    00000040     sysbios.ae66 : c62_TaskSupport_asm.obj (.text:_ti_sysbios_family_c62_TaskSupport_buildTaskStack)
                  0080f2a0    00000040     clock_pe66.oe66 (.text:free)
                  0080f2e0    00000040     clock_pe66.oe66 (.text:ti_sysbios_BIOS_exitFunc__I)
                  0080f320    00000040     clock_pe66.oe66 (.text:ti_sysbios_BIOS_rtsLock__I)
                  0080f360    00000040     clock_pe66.oe66 (.text:ti_sysbios_BIOS_rtsUnlock__I)
                  0080f3a0    00000040     clock_pe66.oe66 (.text:ti_sysbios_BIOS_startFunc__I)
                  0080f3e0    00000040     sysbios.ae66 : BIOS.obj (.text:ti_sysbios_family_c64p_Hwi_disableInterrupt__E)
                  0080f420    00000040                  : BIOS.obj (.text:ti_sysbios_family_c64p_Hwi_enableInterrupt__E)
                  0080f460    00000040     clock_pe66.oe66 (.text:ti_sysbios_gates_GateHwi_Handle__label__S)
                  0080f4a0    00000040     clock_pe66.oe66 (.text:ti_sysbios_gates_GateHwi_Object__delete__S)
                  0080f4e0    00000040     clock_pe66.oe66 (.text:ti_sysbios_gates_GateMutex_Handle__label__S)
                  0080f520    00000040     sysbios.ae66 : BIOS.obj (.text:ti_sysbios_gates_GateMutex_Instance_init__E)
                  0080f560    00000040                  : BIOS.obj (.text:ti_sysbios_gates_GateMutex_leave__E)
                  0080f5a0    00000040     clock_pe66.oe66 (.text:ti_sysbios_heaps_HeapMem_Handle__label__S)
                  0080f5e0    00000040     clock_pe66.oe66 (.text:ti_sysbios_heaps_HeapMem_Object__delete__S)
                  0080f620    00000040     clock_pe66.oe66 (.text:ti_sysbios_heaps_HeapMem_Object__get__S)
                  0080f660    00000040     clock_pe66.oe66 (.text:ti_sysbios_knl_Semaphore_Object__destruct__S)
                  0080f6a0    00000040     clock_pe66.oe66 (.text:ti_sysbios_knl_Swi_Object__get__S)
                  0080f6e0    00000040     clock_pe66.oe66 (.text:ti_sysbios_knl_Task_Object__get__S)
                  0080f720    00000040     ti.targets.rts6000.ae66 : Error.oe66 (.text:xdc_runtime_Error_check__E)
                  0080f760    00000040                             : Error.oe66 (.text:xdc_runtime_Error_init__E)
                  0080f7a0    00000040                             : Error.oe66 (.text:xdc_runtime_Error_raiseX__E)
                  0080f7e0    00000040                             : Gate.oe66 (.text:xdc_runtime_Gate_leaveSystem__E)
                  0080f820    00000040     clock_pe66.oe66 (.text:xdc_runtime_LoggerBuf_Handle__label__S)
                  0080f860    00000040     ti.targets.rts6000.ae66 : LoggerBuf.oe66 (.text:xdc_runtime_LoggerBuf_Instance_finalize__E)
                  0080f8a0    00000040     clock_pe66.oe66 (.text:xdc_runtime_LoggerBuf_Object__get__S)
                  0080f8e0    00000040     ti.targets.rts6000.ae66 : LoggerBuf.oe66 (.text:xdc_runtime_LoggerBuf_write0__E)
                  0080f920    00000040                             : LoggerBuf.oe66 (.text:xdc_runtime_LoggerBuf_write1__E)
                  0080f960    00000040                             : LoggerBuf.oe66 (.text:xdc_runtime_LoggerBuf_write2__E)
                  0080f9a0    00000040                             : Memory.oe66 (.text:xdc_runtime_Memory_free__E)
                  0080f9e0    00000040                             : Registry.oe66 (.text:xdc_runtime_Registry_findById__E)
                  0080fa20    00000040                             : System.oe66 (.text:xdc_runtime_System_abort__E)
                  0080fa60    00000040     clock_pe66.oe66 (.text:xdc_runtime_System_aprintf__E)
                  0080faa0    00000040     ti.targets.rts6000.ae66 : System.oe66 (.text:xdc_runtime_System_exit__E)
                  0080fae0    00000040     clock_pe66.oe66 (.text:xdc_runtime_System_printf__E)
                  0080fb20    00000040     ti.targets.rts6000.ae66 : Text.oe66 (.text:xdc_runtime_Text_ropeText__E)
                  0080fb60    00000020     rts6600_elf.lib : push.obj (.text:__pop_rts)
                  0080fb80    00000020                     : push.obj (.text:__push_rts)
                  0080fba0    00000020     ti.targets.rts6000.ae66 : xdc_noinit.oe66 (.text:__xdc__init)
                  0080fbc0    00000020     rts6600_elf.lib : _lock.obj (.text:_nop)
                  0080fbe0    00000020                     : printf.obj (.text:_outc)
                  0080fc00    00000020                     : printf.obj (.text:_outs)
                  0080fc20    00000020                     : _lock.obj (.text:_register_lock)
                  0080fc40    00000020                     : _lock.obj (.text:_register_unlock)
                  0080fc60    00000020     sysbios.ae66 : c62_TaskSupport_asm.obj (.text:_ti_sysbios_family_c62_TaskSupport_glue)
                  0080fc80    00000020     rts6600_elf.lib : exit.obj (.text:abort)
                  0080fca0    00000020                     : copy_decompress_none.obj (.text:decompress:none:__TI_decompress_none)
                  0080fcc0    00000020                     : copy_decompress_rle.obj (.text:decompress:rle24:__TI_decompress_rle24)
                  0080fce0    00000020     clock_pe66.oe66 (.text:ti_sysbios_BIOS_RtsGateProxy_enter__E)
                  0080fd00    00000020     clock_pe66.oe66 (.text:ti_sysbios_BIOS_RtsGateProxy_leave__E)
                  0080fd20    00000020     clock_pe66.oe66 (.text:ti_sysbios_BIOS_nullFunc__I)
                  0080fd40    00000020     sysbios.ae66 : BIOS.obj (.text:ti_sysbios_BIOS_setThreadType__E)
                  0080fd60    00000020     clock_pe66.oe66 (.text:ti_sysbios_family_c62_TaskSupport_Module__startupDone__S)
                  0080fd80    00000020     sysbios.ae66 : BIOS.obj (.text:ti_sysbios_family_c62_TaskSupport_checkStack__E)
                  0080fda0    00000020     clock_pe66.oe66 (.text:ti_sysbios_family_c64p_Hwi_Module__startupDone__F)
                  0080fdc0    00000020     sysbios.ae66 : BIOS.obj (.text:ti_sysbios_family_c64p_Hwi_clearInterrupt__E)
                  0080fde0    00000020                  : BIOS.obj (.text:ti_sysbios_family_c64p_Hwi_startup__E)
                  0080fe00    00000020                  : BIOS.obj (.text:ti_sysbios_family_c64p_Hwi_switchFromBootStack__E)
                  0080fe20    00000020                  : BIOS.obj (.text:ti_sysbios_family_c64p_TimestampProvider_Module_startup__E)
                  0080fe40    00000020                  : BIOS.obj (.text:ti_sysbios_family_c64p_TimestampProvider_get32__E)
                  0080fe60    00000020                  : BIOS.obj (.text:ti_sysbios_family_c64p_TimestampProvider_get64__E)
                  0080fe80    00000020                  : BIOS.obj (.text:ti_sysbios_family_c64p_tci6488_TimerSupport_enable__E)
                  0080fea0    00000020                  : BIOS.obj (.text:ti_sysbios_gates_GateHwi_Instance_init__E)
                  0080fec0    00000020                  : BIOS.obj (.text:ti_sysbios_gates_GateHwi_enter__E)
                  0080fee0    00000020                  : BIOS.obj (.text:ti_sysbios_gates_GateHwi_leave__E)
                  0080ff00    00000020                  : BIOS.obj (.text:ti_sysbios_gates_GateHwi_query__E)
                  0080ff20    00000020                  : BIOS.obj (.text:ti_sysbios_gates_GateMutex_Instance_finalize__E)
                  0080ff40    00000020                  : BIOS.obj (.text:ti_sysbios_gates_GateMutex_query__E)
                  0080ff60    00000020     clock_pe66.oe66 (.text:ti_sysbios_hal_Hwi_HwiProxy_Module__startupDone__S)
                  0080ff80    00000020     sysbios.ae66 : BIOS.obj (.text:ti_sysbios_hal_Hwi_Module_startup__E)
                  0080ffa0    00000020     clock_pe66.oe66 (.text:ti_sysbios_heaps_HeapMem_Module_GateProxy_enter__E)
                  0080ffc0    00000020     clock_pe66.oe66 (.text:ti_sysbios_heaps_HeapMem_Module_GateProxy_leave__E)
                  0080ffe0    00000020     sysbios.ae66 : BIOS.obj (.text:ti_sysbios_heaps_HeapMem_isBlocking__E)
                  00810000    00000020     clock_pe66.oe66 (.text:ti_sysbios_knl_Clock_TimerProxy_Module__startupDone__S)
                  00810020    00000020     clock_pe66.oe66 (.text:ti_sysbios_knl_Clock_TimerProxy_getMaxTicks__E)
                  00810040    00000020     sysbios.ae66 : BIOS.obj (.text:ti_sysbios_knl_Idle_loop__E)
                  00810060    00000020                  : BIOS.obj (.text:ti_sysbios_knl_Queue_Instance_init__E)
                  00810080    00000020     clock_pe66.oe66 (.text:ti_sysbios_knl_Queue_Object__destruct__S)
                  008100a0    00000020     clock_pe66.oe66 (.text:ti_sysbios_knl_Queue_Object__get__S)
                  008100c0    00000020     clock_pe66.oe66 (.text:ti_sysbios_knl_Queue_destruct)
                  008100e0    00000020     sysbios.ae66 : BIOS.obj (.text:ti_sysbios_knl_Queue_empty__E)
                  00810100    00000020                  : BIOS.obj (.text:ti_sysbios_knl_Semaphore_Instance_finalize__E)
                  00810120    00000020     clock_pe66.oe66 (.text:ti_sysbios_knl_Semaphore_destruct)
                  00810140    00000020     sysbios.ae66 : BIOS.obj (.text:ti_sysbios_knl_Swi_disable__E)
                  00810160    00000020     clock_pe66.oe66 (.text:ti_sysbios_knl_Task_SupportProxy_Module__startupDone__S)
                  00810180    00000020     sysbios.ae66 : BIOS.obj (.text:ti_sysbios_knl_Task_disable__E)
                  008101a0    00000020                  : BIOS.obj (.text:ti_sysbios_knl_Task_startup__E)
                  008101c0    00000020     clock_pe66.oe66 (.text:ti_sysbios_timers_timer64_Timer_Module__startupDone__F)
                  008101e0    00000020     sysbios.ae66 : BIOS.obj (.text:ti_sysbios_timers_timer64_Timer_getMaxTicks__E)
                  00810200    00000020     ti.targets.rts6000.ae66 : Gate.oe66 (.text:xdc_runtime_Gate_enterSystem__E)
                  00810220    00000020     clock_pe66.oe66 (.text:xdc_runtime_IHeap_alloc)
                  00810240    00000020     clock_pe66.oe66 (.text:xdc_runtime_IHeap_free)
                  00810260    00000020     clock_pe66.oe66 (.text:xdc_runtime_LoggerBuf_Module_GateProxy_enter__E)
                  00810280    00000020     clock_pe66.oe66 (.text:xdc_runtime_LoggerBuf_Module_GateProxy_leave__E)
                  008102a0    00000020     ti.targets.rts6000.ae66 : LoggerBuf.oe66 (.text:xdc_runtime_LoggerBuf_disable__E)
                  008102c0    00000020                             : LoggerBuf.oe66 (.text:xdc_runtime_LoggerBuf_enable__E)
                  008102e0    00000020     clock_pe66.oe66 (.text:xdc_runtime_Memory_HeapProxy_alloc__E)
                  00810300    00000020     clock_pe66.oe66 (.text:xdc_runtime_Memory_HeapProxy_free__E)
                  00810320    00000020     clock_pe66.oe66 (.text:xdc_runtime_Startup_exec__I)
                  00810340    00000020     ti.targets.rts6000.ae66 : SysMin.oe66 (.text:xdc_runtime_SysMin_ready__E)
                  00810360    00000020     clock_pe66.oe66 (.text:xdc_runtime_System_Module_GateProxy_enter__E)
                  00810380    00000020     clock_pe66.oe66 (.text:xdc_runtime_System_Module_GateProxy_leave__E)
                  008103a0    00000020     ti.targets.rts6000.ae66 : System.oe66 (.text:xdc_runtime_System_Module_startup__E)
                  008103c0    00000020                             : System.oe66 (.text:xdc_runtime_System_vsnprintf__E)
                  008103e0    00000020     clock_pe66.oe66 (.text:xdc_runtime_Text_visitRope__I)

.far       0    00810400    00005148     UNINITIALIZED
                  00810400    00002000     (.common:ti_sysbios_heaps_HeapMem_Instance_State_0_buf__A)
                  00812400    00000800     (.common:buffer0)
                  00812c00    00000800     (.common:buffer1)
                  00813400    00000800     (.common:buffer2)
                  00813c00    00000800     (.common:buffer3)
                  00814400    00000800     clock_pe66.oe66 (.far:taskStackSection)
                  00814c00    00000400     (.common:xdc_runtime_LoggerBuf_Instance_State_0_entryArr__A)
                  00815000    00000400     (.common:xdc_runtime_SysMin_Module_State_0_outbuf__A)
                  00815400    00000140     (.common:__TI_tmpnams)
                  00815540    00000008     (.common:parmbuf)

.fardata.1 
*          0    00815548    00000008     UNINITIALIZED
                  00815548    00000008     clock_pe66.oe66 (.fardata:ti_sysbios_hal_Hwi_Object__table__V)

.const     0    00815550    00002978     
                  00815550    000017e6     clock_pe66.oe66 (.const:xdc_runtime_Text_charTab__A)
                  00816d36    00000002     clock_pe66.oe66 (.const:ti_sysbios_family_c64p_Exception_Module__id__C)
                  00816d38    00000518     sysbios.ae66 : BIOS.obj (.const:.string)
                  00817250    00000400     clock_pe66.oe66 (.const:ti_sysbios_family_c66_Cache_marvalues__C)
                  00817650    00000101     rts6600_elf.lib : ctype.obj (.const:.string:_ctypes_)
                  00817751    00000001     clock_pe66.oe66 (.const:ti_sysbios_timers_timer64_Timer_localTimerBaseId__C)
                  00817752    00000002     clock_pe66.oe66 (.const:ti_sysbios_family_c64p_Exception_useInternalBuffer__C)
                  00817754    00000004     ti.targets.rts6000.ae66 : Assert.oe66 (.const:.string)
                  00817758    000000c8     clock_pe66.oe66 (.const:xdc_runtime_Text_nodeTab__A)
                  00817820    00000074     main.obj (.const:.string)
                  00817894    00000058     ti.targets.rts6000.ae66 : Error.oe66 (.const:.string)
                  008178ec    00000048     clock_pe66.oe66 (.const:.string)
                  00817934    00000040     ti.targets.rts6000.ae66 : Text.oe66 (.const:.string)
                  00817974    0000003c     clock_pe66.oe66 (.const:xdc_runtime_LoggerBuf_Module__FXNS__C)
                  008179b0    0000002c     ti.targets.rts6000.ae66 : Startup.oe66 (.const:.string)
                  008179dc    00000004     LMSCLinear1.obj (.const)
                  008179e0    0000002c     clock_pe66.oe66 (.const:xdc_runtime_Startup_sfxnTab__A)
                  00817a0c    00000028     clock_pe66.oe66 (.const:ti_sysbios_heaps_HeapMem_Module__FXNS__C)
                  00817a34    00000028     clock_pe66.oe66 (.const:xdc_runtime_LoggerBuf_Object__PARAMS__C)
                  00817a5c    00000024     rts6600_elf.lib : _printfi.obj (.const:.string)
                  00817a80    00000024     clock_pe66.oe66 (.const:ti_sysbios_gates_GateHwi_Module__FXNS__C)
                  00817aa4    00000024     clock_pe66.oe66 (.const:ti_sysbios_gates_GateMutex_Module__FXNS__C)
                  00817ac8    00000024     clock_pe66.oe66 (.const:ti_sysbios_heaps_HeapMem_Object__PARAMS__C)
                  00817aec    00000024     clock_pe66.oe66 (.const:ti_sysbios_knl_Semaphore_Object__PARAMS__C)
                  00817b10    00000020     clock_pe66.oe66 (.const:ti_sysbios_gates_GateHwi_Object__DESC__C)
                  00817b30    00000020     clock_pe66.oe66 (.const:ti_sysbios_gates_GateMutex_Object__DESC__C)
                  00817b50    00000020     clock_pe66.oe66 (.const:ti_sysbios_heaps_HeapMem_Object__DESC__C)
                  00817b70    00000020     clock_pe66.oe66 (.const:ti_sysbios_knl_Queue_Object__DESC__C)
                  00817b90    00000020     clock_pe66.oe66 (.const:ti_sysbios_knl_Semaphore_Object__DESC__C)
                  00817bb0    00000020     clock_pe66.oe66 (.const:xdc_runtime_LoggerBuf_Object__DESC__C)
                  00817bd0    00000018     clock_pe66.oe66 (.const:ti_sysbios_gates_GateHwi_Object__PARAMS__C)
                  00817be8    00000018     clock_pe66.oe66 (.const:ti_sysbios_gates_GateMutex_Object__PARAMS__C)
                  00817c00    00000018     clock_pe66.oe66 (.const:ti_sysbios_knl_Queue_Object__PARAMS__C)
                  00817c18    00000016     clock_pe66.oe66 (.const:xdc_runtime_Startup_sfxnRts__A)
                  00817c2e    00000002     clock_pe66.oe66 (.const:ti_sysbios_family_c64p_Hwi_Module__id__C)
                  00817c30    00000011     ti.targets.rts6000.ae66 : System.oe66 (.const:digtohex)
                  00817c41    00000001     --HOLE-- [fill = 0]
                  00817c42    00000002     clock_pe66.oe66 (.const:ti_sysbios_family_c64p_Hwi_Module__loggerDefined__C)
                  00817c44    0000000c     main.obj (.const)
                  00817c50    0000000c     clock_pe66.oe66 (.const:ti_sysbios_family_c66_Cache_initSize__C)
                  00817c5c    00000008     ti.targets.rts6000.ae66 : System.oe66 (.const:.string)
                  00817c64    00000008     clock_pe66.oe66 (.const:ti_sysbios_knl_Idle_funcList__C)
                  00817c6c    00000004     clock_pe66.oe66 (.const:ti_sysbios_family_c64p_Exception_E_exceptionMax__C)
                  00817c70    00000008     clock_pe66.oe66 (.const:xdc_runtime_Startup_firstFxns__A)
                  00817c78    00000008     clock_pe66.oe66 (.const:xdc_runtime_Startup_firstFxns__C)
                  00817c80    00000008     clock_pe66.oe66 (.const:xdc_runtime_Startup_lastFxns__C)
                  00817c88    00000004     clock_pe66.oe66 (.const:ti_sysbios_family_c64p_Exception_exceptionHook__C)
                  00817c8c    00000004     clock_pe66.oe66 (.const:ti_sysbios_family_c64p_Exception_externalHook__C)
                  00817c90    00000004     clock_pe66.oe66 (.const:ti_sysbios_family_c64p_Exception_internalHook__C)
                  00817c94    00000004     clock_pe66.oe66 (.const:ti_sysbios_family_c64p_Exception_nmiHook__C)
                  00817c98    00000004     clock_pe66.oe66 (.const:ti_sysbios_family_c64p_Hwi_LD_end__C)
                  00817c9c    00000004     clock_pe66.oe66 (.const:ti_sysbios_family_c64p_Hwi_LM_begin__C)
                  00817ca0    00000004     clock_pe66.oe66 (.const:ti_sysbios_family_c64p_Hwi_Module__diagsEnabled__C)
                  00817ca4    00000004     clock_pe66.oe66 (.const:ti_sysbios_family_c64p_Hwi_Module__diagsIncluded__C)
                  00817ca8    00000004     clock_pe66.oe66 (.const:ti_sysbios_family_c64p_Hwi_Module__diagsMask__C)
                  00817cac    00000004     clock_pe66.oe66 (.const:ti_sysbios_family_c64p_Hwi_Module__loggerFxn1__C)
                  00817cb0    00000004     clock_pe66.oe66 (.const:ti_sysbios_family_c64p_Hwi_Module__loggerFxn8__C)
                  00817cb4    00000004     clock_pe66.oe66 (.const:ti_sysbios_family_c64p_Hwi_Module__loggerObj__C)
                  00817cb8    00000004     clock_pe66.oe66 (.const:ti_sysbios_gates_GateMutex_A_badContext__C)
                  00817cbc    00000004     clock_pe66.oe66 (.const:ti_sysbios_gates_GateMutex_Instance_State_sem__O)
                  00817cc0    00000004     clock_pe66.oe66 (.const:ti_sysbios_gates_GateMutex_Module__diagsEnabled__C)
                  00817cc4    00000004     clock_pe66.oe66 (.const:ti_sysbios_gates_GateMutex_Module__diagsIncluded__C)
                  00817cc8    00000004     clock_pe66.oe66 (.const:ti_sysbios_gates_GateMutex_Module__diagsMask__C)
                  00817ccc    00000004     clock_pe66.oe66 (.const:ti_sysbios_hal_Hwi_E_stackOverflow__C)
                  00817cd0    00000004     clock_pe66.oe66 (.const:ti_sysbios_heaps_HeapMem_A_align__C)
                  00817cd4    00000004     clock_pe66.oe66 (.const:ti_sysbios_heaps_HeapMem_A_heapSize__C)
                  00817cd8    00000004     clock_pe66.oe66 (.const:ti_sysbios_heaps_HeapMem_A_invalidFree__C)
                  00817cdc    00000004     clock_pe66.oe66 (.const:ti_sysbios_heaps_HeapMem_A_zeroBlock__C)
                  00817ce0    00000004     clock_pe66.oe66 (.const:ti_sysbios_heaps_HeapMem_E_memory__C)
                  00817ce4    00000004     clock_pe66.oe66 (.const:ti_sysbios_heaps_HeapMem_Module__diagsEnabled__C)
                  00817ce8    00000004     clock_pe66.oe66 (.const:ti_sysbios_heaps_HeapMem_Module__diagsIncluded__C)
                  00817cec    00000004     clock_pe66.oe66 (.const:ti_sysbios_heaps_HeapMem_Module__diagsMask__C)
                  00817cf0    00000004     clock_pe66.oe66 (.const:ti_sysbios_heaps_HeapMem_Module__gateObj__C)
                  00817cf4    00000004     clock_pe66.oe66 (.const:ti_sysbios_heaps_HeapMem_Object__count__C)
                  00817cf8    00000004     clock_pe66.oe66 (.const:ti_sysbios_heaps_HeapMem_reqAlign__C)
                  00817cfc    00000004     clock_pe66.oe66 (.const:ti_sysbios_knl_Clock_LM_begin__C)
                  00817d00    00000004     clock_pe66.oe66 (.const:ti_sysbios_knl_Clock_LM_tick__C)
                  00817d04    00000004     clock_pe66.oe66 (.const:ti_sysbios_knl_Clock_LW_delayed__C)
                  00817d08    00000004     clock_pe66.oe66 (.const:ti_sysbios_knl_Clock_Module_State_clockQ__O)
                  00817d0c    00000004     clock_pe66.oe66 (.const:ti_sysbios_knl_Clock_Module__diagsEnabled__C)
                  00817d10    00000004     clock_pe66.oe66 (.const:ti_sysbios_knl_Clock_Module__diagsIncluded__C)
                  00817d14    00000004     clock_pe66.oe66 (.const:ti_sysbios_knl_Clock_Module__diagsMask__C)
                  00817d18    00000004     clock_pe66.oe66 (.const:ti_sysbios_knl_Clock_Module__loggerFxn1__C)
                  00817d1c    00000004     clock_pe66.oe66 (.const:ti_sysbios_knl_Clock_Module__loggerFxn2__C)
                  00817d20    00000004     clock_pe66.oe66 (.const:ti_sysbios_knl_Clock_Module__loggerObj__C)
                  00817d24    00000004     clock_pe66.oe66 (.const:ti_sysbios_knl_Semaphore_A_badContext__C)
                  00817d28    00000004     clock_pe66.oe66 (.const:ti_sysbios_knl_Idle_funcList__A)
                  00817d2c    00000004     clock_pe66.oe66 (.const:ti_sysbios_knl_Semaphore_A_noEvents__C)
                  00817d30    00000004     clock_pe66.oe66 (.const:ti_sysbios_knl_Semaphore_A_overflow__C)
                  00817d34    00000004     clock_pe66.oe66 (.const:ti_sysbios_knl_Semaphore_A_pendTaskDisabled__C)
                  00817d38    00000004     clock_pe66.oe66 (.const:ti_sysbios_knl_Semaphore_Instance_State_pendQ__O)
                  00817d3c    00000004     clock_pe66.oe66 (.const:ti_sysbios_knl_Semaphore_LM_pend__C)
                  00817d40    00000004     clock_pe66.oe66 (.const:ti_sysbios_knl_Semaphore_LM_post__C)
                  00817d44    00000004     clock_pe66.oe66 (.const:ti_sysbios_knl_Semaphore_Module__diagsEnabled__C)
                  00817d48    00000004     clock_pe66.oe66 (.const:ti_sysbios_knl_Semaphore_Module__diagsIncluded__C)
                  00817d4c    00000004     clock_pe66.oe66 (.const:ti_sysbios_knl_Semaphore_Module__diagsMask__C)
                  00817d50    00000004     clock_pe66.oe66 (.const:ti_sysbios_knl_Semaphore_Module__loggerFxn2__C)
                  00817d54    00000004     clock_pe66.oe66 (.const:ti_sysbios_knl_Semaphore_Module__loggerFxn4__C)
                  00817d58    00000004     clock_pe66.oe66 (.const:ti_sysbios_knl_Semaphore_Module__loggerObj__C)
                  00817d5c    00000004     clock_pe66.oe66 (.const:ti_sysbios_knl_Swi_LD_end__C)
                  00817d60    00000004     clock_pe66.oe66 (.const:ti_sysbios_knl_Swi_LM_begin__C)
                  00817d64    00000004     clock_pe66.oe66 (.const:ti_sysbios_knl_Swi_LM_post__C)
                  00817d68    00000004     clock_pe66.oe66 (.const:ti_sysbios_knl_Swi_Module__diagsEnabled__C)
                  00817d6c    00000004     clock_pe66.oe66 (.const:ti_sysbios_knl_Swi_Module__diagsIncluded__C)
                  00817d70    00000004     clock_pe66.oe66 (.const:ti_sysbios_knl_Swi_Module__diagsMask__C)
                  00817d74    00000004     clock_pe66.oe66 (.const:ti_sysbios_knl_Swi_Module__loggerFxn1__C)
                  00817d78    00000004     clock_pe66.oe66 (.const:ti_sysbios_knl_Swi_Module__loggerFxn4__C)
                  00817d7c    00000004     clock_pe66.oe66 (.const:ti_sysbios_knl_Swi_Module__loggerObj__C)
                  00817d80    00000004     clock_pe66.oe66 (.const:ti_sysbios_knl_Swi_Object__count__C)
                  00817d84    00000004     clock_pe66.oe66 (.const:ti_sysbios_knl_Task_E_spOutOfBounds__C)
                  00817d88    00000004     clock_pe66.oe66 (.const:ti_sysbios_knl_Task_E_stackOverflow__C)
                  00817d8c    00000004     clock_pe66.oe66 (.const:ti_sysbios_knl_Task_LD_block__C)
                  00817d90    00000004     clock_pe66.oe66 (.const:ti_sysbios_knl_Task_LD_exit__C)
                  00817d94    00000004     clock_pe66.oe66 (.const:ti_sysbios_knl_Task_LD_ready__C)
                  00817d98    00000004     clock_pe66.oe66 (.const:ti_sysbios_knl_Task_LM_switch__C)
                  00817d9c    00000004     clock_pe66.oe66 (.const:ti_sysbios_knl_Task_Module_State_inactiveQ__O)
                  00817da0    00000004     clock_pe66.oe66 (.const:ti_sysbios_knl_Task_Module__diagsEnabled__C)
                  00817da4    00000004     clock_pe66.oe66 (.const:ti_sysbios_knl_Task_Module__diagsIncluded__C)
                  00817da8    00000004     clock_pe66.oe66 (.const:ti_sysbios_knl_Task_Module__diagsMask__C)
                  00817dac    00000004     clock_pe66.oe66 (.const:ti_sysbios_knl_Task_Module__loggerFxn2__C)
                  00817db0    00000004     clock_pe66.oe66 (.const:ti_sysbios_knl_Task_Module__loggerFxn4__C)
                  00817db4    00000004     clock_pe66.oe66 (.const:ti_sysbios_knl_Task_Module__loggerObj__C)
                  00817db8    00000004     clock_pe66.oe66 (.const:ti_sysbios_knl_Task_Object__count__C)
                  00817dbc    00000004     clock_pe66.oe66 (.const:ti_sysbios_knl_Task_allBlockedFunc__C)
                  00817dc0    00000004     clock_pe66.oe66 (.const:ti_sysbios_knl_Task_numConstructedTasks__C)
                  00817dc4    00000004     clock_pe66.oe66 (.const:ti_sysbios_timers_timer64_Timer_A_notAvailable__C)
                  00817dc8    00000004     clock_pe66.oe66 (.const:ti_sysbios_timers_timer64_Timer_E_cannotSupport__C)
                  00817dcc    00000004     clock_pe66.oe66 (.const:ti_sysbios_timers_timer64_Timer_Module__diagsEnabled__C)
                  00817dd0    00000004     clock_pe66.oe66 (.const:ti_sysbios_timers_timer64_Timer_Module__diagsIncluded__C)
                  00817dd4    00000004     clock_pe66.oe66 (.const:ti_sysbios_timers_timer64_Timer_Module__diagsMask__C)
                  00817dd8    00000004     clock_pe66.oe66 (.const:ti_sysbios_timers_timer64_Timer_anyMaskHigh__C)
                  00817ddc    00000004     clock_pe66.oe66 (.const:ti_sysbios_timers_timer64_Timer_anyMask__C)
                  00817de0    00000004     clock_pe66.oe66 (.const:ti_sysbios_timers_timer64_Timer_freqDivisor__C)
                  00817de4    00000004     clock_pe66.oe66 (.const:ti_sysbios_timers_timer64_Timer_numLocalTimers__C)
                  00817de8    00000004     clock_pe66.oe66 (.const:ti_sysbios_timers_timer64_Timer_numTimerDevices__C)
                  00817dec    00000004     clock_pe66.oe66 (.const:xdc_runtime_Assert_E_assertFailed__C)
                  00817df0    00000004     clock_pe66.oe66 (.const:xdc_runtime_Core_A_initializedParams__C)
                  00817df4    00000004     clock_pe66.oe66 (.const:xdc_runtime_Core_Module__diagsEnabled__C)
                  00817df8    00000004     clock_pe66.oe66 (.const:xdc_runtime_Core_Module__diagsIncluded__C)
                  00817dfc    00000004     clock_pe66.oe66 (.const:xdc_runtime_Core_Module__diagsMask__C)
                  00817e00    00000004     clock_pe66.oe66 (.const:xdc_runtime_Error_E_memory__C)
                  00817e04    00000004     clock_pe66.oe66 (.const:xdc_runtime_Error_Module__diagsEnabled__C)
                  00817e08    00000004     clock_pe66.oe66 (.const:xdc_runtime_Error_Module__diagsIncluded__C)
                  00817e0c    00000004     clock_pe66.oe66 (.const:xdc_runtime_Error_Module__diagsMask__C)
                  00817e10    00000004     clock_pe66.oe66 (.const:xdc_runtime_Error_Module__loggerFxn8__C)
                  00817e14    00000004     clock_pe66.oe66 (.const:xdc_runtime_Error_Module__loggerObj__C)
                  00817e18    00000004     clock_pe66.oe66 (.const:xdc_runtime_Error_policyFxn__C)
                  00817e1c    00000004     clock_pe66.oe66 (.const:xdc_runtime_Error_policy__C)
                  00817e20    00000004     clock_pe66.oe66 (.const:xdc_runtime_Error_raiseHook__C)
                  00817e24    00000004     clock_pe66.oe66 (.const:xdc_runtime_IFilterLogger_Interface__BASE__C)
                  00817e28    00000004     clock_pe66.oe66 (.const:xdc_runtime_IGateProvider_Interface__BASE__C)
                  00817e2c    00000004     clock_pe66.oe66 (.const:xdc_runtime_IHeap_Interface__BASE__C)
                  00817e30    00000004     clock_pe66.oe66 (.const:xdc_runtime_ILogger_Interface__BASE__C)
                  00817e34    00000004     clock_pe66.oe66 (.const:xdc_runtime_IModule_Interface__BASE__C)
                  00817e38    00000004     clock_pe66.oe66 (.const:xdc_runtime_Log_L_error__C)
                  00817e3c    00000004     clock_pe66.oe66 (.const:xdc_runtime_LoggerBuf_E_badLevel__C)
                  00817e40    00000004     clock_pe66.oe66 (.const:xdc_runtime_LoggerBuf_Module__gateObj__C)
                  00817e44    00000004     clock_pe66.oe66 (.const:xdc_runtime_LoggerBuf_Object__count__C)
                  00817e48    00000004     clock_pe66.oe66 (.const:xdc_runtime_LoggerBuf_statusLogger__C)
                  00817e4c    00000004     clock_pe66.oe66 (.const:xdc_runtime_Memory_defaultHeapInstance__C)
                  00817e50    00000004     clock_pe66.oe66 (.const:xdc_runtime_Startup_execImpl__C)
                  00817e54    00000004     clock_pe66.oe66 (.const:xdc_runtime_Startup_maxPasses__C)
                  00817e58    00000004     clock_pe66.oe66 (.const:xdc_runtime_Startup_sfxnRts__C)
                  00817e5c    00000004     clock_pe66.oe66 (.const:xdc_runtime_Startup_sfxnTab__C)
                  00817e60    00000004     clock_pe66.oe66 (.const:xdc_runtime_SysMin_bufSize__C)
                  00817e64    00000004     clock_pe66.oe66 (.const:xdc_runtime_SysMin_outputFunc__C)
                  00817e68    00000004     clock_pe66.oe66 (.const:xdc_runtime_System_Module__gateObj__C)
                  00817e6c    00000004     clock_pe66.oe66 (.const:xdc_runtime_System_abortFxn__C)
                  00817e70    00000004     clock_pe66.oe66 (.const:xdc_runtime_System_exitFxn__C)
                  00817e74    00000004     clock_pe66.oe66 (.const:xdc_runtime_System_extendFxn__C)
                  00817e78    00000004     clock_pe66.oe66 (.const:xdc_runtime_System_maxAtexitHandlers__C)
                  00817e7c    00000004     clock_pe66.oe66 (.const:xdc_runtime_Text_charTab__C)
                  00817e80    00000004     clock_pe66.oe66 (.const:xdc_runtime_Text_nameEmpty__C)
                  00817e84    00000004     clock_pe66.oe66 (.const:xdc_runtime_Text_nameStatic__C)
                  00817e88    00000004     clock_pe66.oe66 (.const:xdc_runtime_Text_nameUnknown__C)
                  00817e8c    00000004     clock_pe66.oe66 (.const:xdc_runtime_Text_nodeTab__C)
                  00817e90    00000004     clock_pe66.oe66 (.const:xdc_runtime_Text_visitRopeFxn__C)
                  00817e94    00000002     clock_pe66.oe66 (.const:ti_sysbios_gates_GateMutex_Module__id__C)
                  00817e96    00000002     clock_pe66.oe66 (.const:ti_sysbios_hal_Hwi_Module__id__C)
                  00817e98    00000002     clock_pe66.oe66 (.const:ti_sysbios_heaps_HeapMem_Module__id__C)
                  00817e9a    00000002     clock_pe66.oe66 (.const:ti_sysbios_knl_Clock_Module__id__C)
                  00817e9c    00000002     clock_pe66.oe66 (.const:ti_sysbios_knl_Clock_Module__loggerDefined__C)
                  00817e9e    00000002     clock_pe66.oe66 (.const:ti_sysbios_knl_Semaphore_Module__id__C)
                  00817ea0    00000002     clock_pe66.oe66 (.const:ti_sysbios_knl_Semaphore_Module__loggerDefined__C)
                  00817ea2    00000002     clock_pe66.oe66 (.const:ti_sysbios_knl_Swi_Module__id__C)
                  00817ea4    00000002     clock_pe66.oe66 (.const:ti_sysbios_knl_Swi_Module__loggerDefined__C)
                  00817ea6    00000002     clock_pe66.oe66 (.const:ti_sysbios_knl_Task_Module__id__C)
                  00817ea8    00000002     clock_pe66.oe66 (.const:ti_sysbios_knl_Task_Module__loggerDefined__C)
                  00817eaa    00000002     clock_pe66.oe66 (.const:ti_sysbios_knl_Task_initStackFlag__C)
                  00817eac    00000002     clock_pe66.oe66 (.const:ti_sysbios_timers_timer64_Timer_Module__id__C)
                  00817eae    00000002     clock_pe66.oe66 (.const:ti_sysbios_timers_timer64_Timer_startupNeeded__C)
                  00817eb0    00000002     clock_pe66.oe66 (.const:ti_sysbios_timers_timer64_Timer_useTimer64pRegMap__C)
                  00817eb2    00000002     clock_pe66.oe66 (.const:xdc_runtime_Core_Module__id__C)
                  00817eb4    00000002     clock_pe66.oe66 (.const:xdc_runtime_Error_Module__loggerDefined__C)
                  00817eb6    00000002     clock_pe66.oe66 (.const:xdc_runtime_Error_maxDepth__C)
                  00817eb8    00000002     clock_pe66.oe66 (.const:xdc_runtime_LoggerBuf_Module__id__C)
                  00817eba    00000002     clock_pe66.oe66 (.const:xdc_runtime_LoggerBuf_filterByLevel__C)
                  00817ebc    00000002     clock_pe66.oe66 (.const:xdc_runtime_Memory_Module__id__C)
                  00817ebe    00000002     clock_pe66.oe66 (.const:xdc_runtime_SysMin_flushAtExit__C)
                  00817ec0    00000002     clock_pe66.oe66 (.const:xdc_runtime_Text_charCnt__C)
                  00817ec2    00000002     clock_pe66.oe66 (.const:xdc_runtime_Text_isLoaded__C)
                  00817ec4    00000002     clock_pe66.oe66 (.const:xdc_runtime_Text_registryModsLastId__C)
                  00817ec6    00000002     clock_pe66.oe66 (.const:xdc_runtime_Text_unnamedModsLastId__C)

.fardata.2 
*          0    00818ec8    00000adc     UNINITIALIZED
                  00818ec8    00000204     clock_pe66.oe66 (.fardata)
                  008190cc    00000004     rts6600_elf.lib : _lock.obj (.fardata:_lock)
                  008190d0    000001e0                     : defs.obj (.fardata:_ftable)
                  008192b0    00000180     clock_pe66.oe66 (.fardata:ti_sysbios_timers_timer64_Timer_Module_State_0_device__A)
                  00819430    000000a0     rts6600_elf.lib : lowlev.obj (.fardata:_stream)
                  008194d0    00000080     clock_pe66.oe66 (.fardata:ti_sysbios_knl_Swi_Module_State_0_readyQ__A)
                  00819550    00000080     clock_pe66.oe66 (.fardata:ti_sysbios_knl_Task_Module_State_0_readyQ__A)
                  008195d0    00000080     clock_pe66.oe66 (.fardata:ti_sysbios_timers_timer64_Timer_Module_State_0_gctrl__A)
                  00819650    00000080     clock_pe66.oe66 (.fardata:ti_sysbios_timers_timer64_Timer_Module_State_0_handles__A)
                  008196d0    00000080     clock_pe66.oe66 (.fardata:ti_sysbios_timers_timer64_Timer_Module_State_0_intFreqs__A)
                  00819750    00000078     rts6600_elf.lib : lowlev.obj (.fardata:_device)
                  008197c8    00000050     clock_pe66.oe66 (.fardata:ti_sysbios_timers_timer64_Timer_Object__table__V)
                  00819818    0000004c     clock_pe66.oe66 (.fardata:ti_sysbios_knl_Task_Object__table__V)
                  00819864    00000004     rts6600_elf.lib : _lock.obj (.fardata:_unlock)
                  00819868    00000040     clock_pe66.oe66 (.fardata:ti_sysbios_gates_GateMutex_Object__table__V)
                  008198a8    00000030     clock_pe66.oe66 (.fardata:ti_sysbios_knl_Swi_Object__table__V)
                  008198d8    00000024     clock_pe66.oe66 (.fardata:xdc_runtime_LoggerBuf_Object__table__V)
                  008198fc    00000004     rts6600_elf.lib : defs.obj (.fardata)
                  00819900    00000018     clock_pe66.oe66 (.fardata:ti_sysbios_family_c64p_Hwi_Object__table__V)
                  00819918    00000018     clock_pe66.oe66 (.fardata:ti_sysbios_heaps_HeapMem_Object__table__V)
                  00819930    00000010     Adaptive_C.obj (.fardata:XC)
                  00819940    00000010     LMSCLinear1.obj (.fardata:Xla)
                  00819950    00000010     Adaptive_C.obj (.fardata:hC)
                  00819960    00000010     LMSCLinear1.obj (.fardata:hla)
                  00819970    00000010     clock_pe66.oe66 (.fardata:xdc_runtime_System_Module_State_0_atexitHandlers__A)
                  00819980    0000000c     rts6600_elf.lib : exit.obj (.fardata)
                  0081998c    00000004     --HOLE--
                  00819990    00000006     main.obj (.fardata:y)
                  00819996    00000002     --HOLE--
                  00819998    00000004     clock_pe66.oe66 (.fardata:ti_sysbios_gates_GateHwi_Object__table__V)
                  0081999c    00000004     --HOLE--
                  008199a0    00000004     clock_pe66.oe66 (.fardata:ti_sysbios_knl_Task_Module_State_0_idleTask__A)

.cio       0    008199a8    00000120     UNINITIALIZED
                  008199a8    00000120     rts6600_elf.lib : trgmsg.obj (.cio)

.vecs      0    00819c00    00000200     
                  00819c00    00000200     clock_pe66.oe66 (.vecs)

xdc.meta   0    00800000    000000e8     COPY SECTION
                  00800000    000000e8     clock_pe66.oe66 (xdc.meta)


LINKER GENERATED COPY TABLES

__TI_cinit_table @ 0081a3c0 records: 5, size/record: 8, table size: 40
	.fardata.2: load addr=00819e00, load size=00000588 bytes, run addr=00818ec8, run size=00000adc bytes, compression=rle
	.neardata: load addr=0081a388, load size=0000000d bytes, run addr=00819ad0, run size=00000014 bytes, compression=rle
	.fardata.1: load addr=0081a398, load size=0000000c bytes, run addr=00815548, run size=00000008 bytes, compression=rle
	.bss: load addr=0081a3b0, load size=00000008 bytes, run addr=00819ac8, run size=00000008 bytes, compression=zero_init
	.far: load addr=0081a3b8, load size=00000008 bytes, run addr=00810400, run size=00005148 bytes, compression=zero_init


LINKER GENERATED HANDLER TABLE

__TI_handler_table @ 0081a3a4 records: 3, size/record: 4, table size: 12
	index: 0, handler: __TI_zero_init
	index: 1, handler: __TI_decompress_rle24
	index: 2, handler: __TI_decompress_none


GLOBAL SYMBOLS: SORTED ALPHABETICALLY BY Name 

address   name                                                       
-------   ----                                                       
00819ae0  A                                                          
0080fc80  C$$EXIT                                                    
0080db60  C$$IO$$                                                    
00819ad4  EC                                                         
00819adc  Ela                                                        
0080ce00  HOSTclose                                                  
0080af80  HOSTlseek                                                  
0080ba80  HOSTopen                                                   
0080c500  HOSTread                                                   
00808d80  HOSTrename                                                 
0080c5c0  HOSTunlink                                                 
0080bb60  HOSTwrite                                                  
00819ac8  Input_Data                                                 
00809d00  LMS_C_Linear                                               
00809ba0  LMS_isr_C                                                  
0080e800  LinearAssembly1                                            
00819aca  Output_Data1                                               
00819acc  Output_Data2                                               
00819ace  Output_Data3                                               
00819818  TSK_idle                                                   
00819930  XC                                                         
00819940  Xla                                                        
00819ad0  YC                                                         
00819ad8  Yla                                                        
00800000  __ASM__                                                    
008199a8  __CIOBUF_                                                  
00800058  __ISA__                                                    
00800070  __PLAT__                                                   
00800098  __TARG__                                                   
0081a3c0  __TI_CINIT_Base                                            
0081a3e8  __TI_CINIT_Limit                                           
0081a3a4  __TI_Handler_Table_Base                                    
0081a3b0  __TI_Handler_Table_Limit                                   
UNDEFED   __TI_INITARRAY_Base                                        
UNDEFED   __TI_INITARRAY_Limit                                       
00818ec8  __TI_STACK_END                                             
00001000  __TI_STACK_SIZE                                            
00819ac8  __TI_STATIC_BASE                                           
00000001  __TI_args_main                                             
0080cea0  __TI_cleanup                                               
00819980  __TI_cleanup_ptr                                           
0080a120  __TI_closefile                                             
0080fca0  __TI_decompress_none                                       
0080fcc0  __TI_decompress_rle24                                      
0080c680  __TI_doflush                                               
00819984  __TI_dtors_ptr                                             
00819988  __TI_enable_exit_profile_output                            
0080e860  __TI_frcmpyd_div                                           
008198fc  __TI_ft_end                                                
ffffffff  __TI_pprof_out_hndl                                        
00803c60  __TI_printfi                                               
ffffffff  __TI_prof_data_size                                        
ffffffff  __TI_prof_data_start                                       
0080da80  __TI_readmsg                                               
00815400  __TI_tmpnams                                               
0080db00  __TI_writemsg                                              
0080b080  __TI_wrt_ok                                                
0080be00  __TI_zero_init                                             
008000c0  __TRDR__                                                   
ffffffff  __binit__                                                  
0080f1e0  __c6xabi_call_stub                                         
00802ba0  __c6xabi_divd                                              
0080c740  __c6xabi_divu                                              
008082a0  __c6xabi_divul                                             
00806200  __c6xabi_divull                                            
0080f160  __c6xabi_isinf                                             
0080db80  __c6xabi_llshl                                             
0080e8c0  __c6xabi_llshru                                            
0080fb60  __c6xabi_pop_rts                                           
0080fb80  __c6xabi_push_rts                                          
0080cf40  __c6xabi_remu                                              
ffffffff  __c_args__                                                 
0080f1e0  __call_stub                                                
0080c740  __divu                                                     
0080fb60  __pop_rts                                                  
0080fb80  __push_rts                                                 
0080cf40  __remu                                                     
0080fba0  __xdc__init                                                
008190c8  __xdc__init__addr                                          
0080f220  _args_main                                                 
00000000  _argsize                                                   
0080a260  _auto_init_elf                                             
0080cfe0  _c_int00                                                   
00817650  _ctypes_                                                   
008190d0  _ftable                                                    
008190cc  _lock                                                      
0080fbc0  _nop                                                       
0080fc20  _register_lock                                             
0080fc40  _register_unlock                                           
00817ec8  _stack                                                     
0080e920  _subcull                                                   
00819864  _unlock                                                    
0080fc80  abort                                                      
0080b380  atoi                                                       
ffffffff  binit                                                      
00812400  buffer0                                                    
00812c00  buffer1                                                    
00813400  buffer2                                                    
00813c00  buffer3                                                    
0080bd20  close                                                      
0080c800  exit                                                       
00819ae2  force                                                      
00807640  fputc                                                      
008040c0  fputs                                                      
0080f2a0  free                                                       
0080a9e0  fseek                                                      
00819950  hC                                                         
00819960  hla                                                        
0080ea40  lseek                                                      
0080bee0  ltoa                                                       
008095d0  main                                                       
0080eaa0  malloc                                                     
0080eb00  memccpy                                                    
0080d260  memcpy                                                     
0080bfc0  memset                                                     
0080c0a0  printf                                                     
0080e380  remove                                                     
008068c0  setvbuf                                                    
008095a0  sinegen                                                    
00818ec8  ti_sysbios_BIOS_Module__state__V                           
0080fce0  ti_sysbios_BIOS_RtsGateProxy_enter__E                      
0080fd00  ti_sysbios_BIOS_RtsGateProxy_leave__E                      
0080ff40  ti_sysbios_BIOS_RtsGateProxy_query__E                      
0080dd00  ti_sysbios_BIOS_atExitFunc__I                              
0080eb60  ti_sysbios_BIOS_errorRaiseHook__I                          
0080f2e0  ti_sysbios_BIOS_exitFunc__I                                
0080fd20  ti_sysbios_BIOS_nullFunc__I                                
0080dd80  ti_sysbios_BIOS_registerRTSLock__I                         
0080ebc0  ti_sysbios_BIOS_removeRTSLock__I                           
0080f320  ti_sysbios_BIOS_rtsLock__I                                 
0080f360  ti_sysbios_BIOS_rtsUnlock__I                               
0080fd40  ti_sysbios_BIOS_setThreadType__E                           
0080f3a0  ti_sysbios_BIOS_startFunc__I                               
0080fd60  ti_sysbios_family_c62_TaskSupport_Module__startupDone__S   
0080f260  ti_sysbios_family_c62_TaskSupport_buildTaskStack           
0080fd80  ti_sysbios_family_c62_TaskSupport_checkStack__E            
0080fc60  ti_sysbios_family_c62_TaskSupport_glue                     
0080de00  ti_sysbios_family_c62_TaskSupport_start__E                 
0080dc00  ti_sysbios_family_c62_TaskSupport_swap__E                  
00817c6c  ti_sysbios_family_c64p_Exception_E_exceptionMax__C         
00816d36  ti_sysbios_family_c64p_Exception_Module__id__C             
00818eec  ti_sysbios_family_c64p_Exception_Module__state__V          
0080d300  ti_sysbios_family_c64p_Exception_Module_startup__E         
00809720  ti_sysbios_family_c64p_Exception_dispatch__E               
00817c88  ti_sysbios_family_c64p_Exception_exceptionHook__C          
00817c8c  ti_sysbios_family_c64p_Exception_externalHook__C           
008008a0  ti_sysbios_family_c64p_Exception_handler__I                
00806b00  ti_sysbios_family_c64p_Exception_internalHandler__I        
00817c90  ti_sysbios_family_c64p_Exception_internalHook__C           
00817c94  ti_sysbios_family_c64p_Exception_nmiHook__C                
00817752  ti_sysbios_family_c64p_Exception_useInternalBuffer__C      
00819c00  ti_sysbios_family_c64p_Hwi0                                
00817c98  ti_sysbios_family_c64p_Hwi_LD_end__C                       
00817c9c  ti_sysbios_family_c64p_Hwi_LM_begin__C                     
00817ca0  ti_sysbios_family_c64p_Hwi_Module__diagsEnabled__C         
00817ca4  ti_sysbios_family_c64p_Hwi_Module__diagsIncluded__C        
00817ca8  ti_sysbios_family_c64p_Hwi_Module__diagsMask__C            
00817c2e  ti_sysbios_family_c64p_Hwi_Module__id__C                   
00817c42  ti_sysbios_family_c64p_Hwi_Module__loggerDefined__C        
00817cac  ti_sysbios_family_c64p_Hwi_Module__loggerFxn1__C           
00817cb0  ti_sysbios_family_c64p_Hwi_Module__loggerFxn8__C           
00817cb4  ti_sysbios_family_c64p_Hwi_Module__loggerObj__C            
00818f1c  ti_sysbios_family_c64p_Hwi_Module__root__V                 
0080fda0  ti_sysbios_family_c64p_Hwi_Module__startupDone__F          
0080fda0  ti_sysbios_family_c64p_Hwi_Module__startupDone__S          
00818f24  ti_sysbios_family_c64p_Hwi_Module__state__V                
0080a4e0  ti_sysbios_family_c64p_Hwi_Module_startup__E               
00819900  ti_sysbios_family_c64p_Hwi_Object__table__V                
0080fdc0  ti_sysbios_family_c64p_Hwi_clearInterrupt__E               
0080f3e0  ti_sysbios_family_c64p_Hwi_disableInterrupt__E             
00807ea0  ti_sysbios_family_c64p_Hwi_dispatchAlways                  
0080d3a0  ti_sysbios_family_c64p_Hwi_dispatchC__I                    
00805d40  ti_sysbios_family_c64p_Hwi_dispatchCore__I                 
0080f420  ti_sysbios_family_c64p_Hwi_enableInterrupt__E              
0080d440  ti_sysbios_family_c64p_Hwi_getStackInfo__E                 
00819c00  ti_sysbios_family_c64p_Hwi_int0                            
00819c20  ti_sysbios_family_c64p_Hwi_int1                            
00819d40  ti_sysbios_family_c64p_Hwi_int10                           
00819d60  ti_sysbios_family_c64p_Hwi_int11                           
00819d80  ti_sysbios_family_c64p_Hwi_int12                           
00819da0  ti_sysbios_family_c64p_Hwi_int13                           
00819dc0  ti_sysbios_family_c64p_Hwi_int14                           
00819de0  ti_sysbios_family_c64p_Hwi_int15                           
00819c40  ti_sysbios_family_c64p_Hwi_int2                            
00819c60  ti_sysbios_family_c64p_Hwi_int3                            
00819c80  ti_sysbios_family_c64p_Hwi_int4                            
00819ca0  ti_sysbios_family_c64p_Hwi_int5                            
00819cc0  ti_sysbios_family_c64p_Hwi_int6                            
00819ce0  ti_sysbios_family_c64p_Hwi_int7                            
00819d00  ti_sysbios_family_c64p_Hwi_int8                            
00819d20  ti_sysbios_family_c64p_Hwi_int9                            
0080fde0  ti_sysbios_family_c64p_Hwi_startup__E                      
0080e980  ti_sysbios_family_c64p_Hwi_switchAndDispatch__I            
0080fe00  ti_sysbios_family_c64p_Hwi_switchFromBootStack__E          
0080fe20  ti_sysbios_family_c64p_TimestampProvider_Module_startup__E 
0080fe40  ti_sysbios_family_c64p_TimestampProvider_get32__E          
0080fe60  ti_sysbios_family_c64p_TimestampProvider_get64__E          
0080fe80  ti_sysbios_family_c64p_tci6488_TimerSupport_enable__E      
00817c50  ti_sysbios_family_c66_Cache_initSize__C                    
00817250  ti_sysbios_family_c66_Cache_marvalues__C                   
0080ab00  ti_sysbios_family_c66_Cache_startup__I                     
0080e9e0  ti_sysbios_family_xxx_Hwi_switchAndRunFunc                 
0080f460  ti_sysbios_gates_GateHwi_Handle__label__S                  
0080fea0  ti_sysbios_gates_GateHwi_Instance_init__E                  
00817a80  ti_sysbios_gates_GateHwi_Module__FXNS__C                   
00818f90  ti_sysbios_gates_GateHwi_Module__root__V                   
00817b10  ti_sysbios_gates_GateHwi_Object__DESC__C                   
00817bd0  ti_sysbios_gates_GateHwi_Object__PARAMS__C                 
0080de80  ti_sysbios_gates_GateHwi_Object__create__S                 
0080f4a0  ti_sysbios_gates_GateHwi_Object__delete__S                 
00819998  ti_sysbios_gates_GateHwi_Object__table__V                  
0080fec0  ti_sysbios_gates_GateHwi_enter__E                          
0080fee0  ti_sysbios_gates_GateHwi_leave__E                          
0080ff00  ti_sysbios_gates_GateHwi_query__E                          
00817cb8  ti_sysbios_gates_GateMutex_A_badContext__C                 
0080f4e0  ti_sysbios_gates_GateMutex_Handle__label__S                
00817cbc  ti_sysbios_gates_GateMutex_Instance_State_sem__O           
0080ff20  ti_sysbios_gates_GateMutex_Instance_finalize__E            
0080f520  ti_sysbios_gates_GateMutex_Instance_init__E                
00817aa4  ti_sysbios_gates_GateMutex_Module__FXNS__C                 
00817cc0  ti_sysbios_gates_GateMutex_Module__diagsEnabled__C         
00817cc4  ti_sysbios_gates_GateMutex_Module__diagsIncluded__C        
00817cc8  ti_sysbios_gates_GateMutex_Module__diagsMask__C            
00817e94  ti_sysbios_gates_GateMutex_Module__id__C                   
00818f98  ti_sysbios_gates_GateMutex_Module__root__V                 
00817b30  ti_sysbios_gates_GateMutex_Object__DESC__C                 
00817be8  ti_sysbios_gates_GateMutex_Object__PARAMS__C               
0080df00  ti_sysbios_gates_GateMutex_Object__create__S               
0080ec20  ti_sysbios_gates_GateMutex_Object__delete__S               
00819868  ti_sysbios_gates_GateMutex_Object__table__V                
00808480  ti_sysbios_gates_GateMutex_enter__E                        
0080f560  ti_sysbios_gates_GateMutex_leave__E                        
0080ff40  ti_sysbios_gates_GateMutex_query__E                        
00817ccc  ti_sysbios_hal_Hwi_E_stackOverflow__C                      
0080ff60  ti_sysbios_hal_Hwi_HwiProxy_Module__startupDone__S         
0080fdc0  ti_sysbios_hal_Hwi_HwiProxy_clearInterrupt__E              
0080f3e0  ti_sysbios_hal_Hwi_HwiProxy_disableInterrupt__E            
0080f420  ti_sysbios_hal_Hwi_HwiProxy_enableInterrupt__E             
0080d440  ti_sysbios_hal_Hwi_HwiProxy_getStackInfo__E                
0080fde0  ti_sysbios_hal_Hwi_HwiProxy_startup__E                     
0080fe00  ti_sysbios_hal_Hwi_HwiProxy_switchFromBootStack__E         
00817e96  ti_sysbios_hal_Hwi_Module__id__C                           
00818fa0  ti_sysbios_hal_Hwi_Module__root__V                         
0080ff80  ti_sysbios_hal_Hwi_Module_startup__E                       
00815548  ti_sysbios_hal_Hwi_Object__table__V                        
0080df80  ti_sysbios_hal_Hwi_checkStack                              
0080e000  ti_sysbios_hal_Hwi_initStack                               
00817cd0  ti_sysbios_heaps_HeapMem_A_align__C                        
00817cd4  ti_sysbios_heaps_HeapMem_A_heapSize__C                     
00817cd8  ti_sysbios_heaps_HeapMem_A_invalidFree__C                  
00817cdc  ti_sysbios_heaps_HeapMem_A_zeroBlock__C                    
00817ce0  ti_sysbios_heaps_HeapMem_E_memory__C                       
[...]
00817a0c  ti_sysbios_heaps_HeapMem_Module__FXNS__C                   
00817a34  xdc_runtime_LoggerBuf_Object__PARAMS__C                    
00817a80  ti_sysbios_gates_GateHwi_Module__FXNS__C                   
00817aa4  ti_sysbios_gates_GateMutex_Module__FXNS__C                 
00817ac8  ti_sysbios_heaps_HeapMem_Object__PARAMS__C                 
00817aec  ti_sysbios_knl_Semaphore_Object__PARAMS__C                 
00817b10  ti_sysbios_gates_GateHwi_Object__DESC__C                   
00817b30  ti_sysbios_gates_GateMutex_Object__DESC__C                 
00817b50  ti_sysbios_heaps_HeapMem_Object__DESC__C                   
00817b70  ti_sysbios_knl_Queue_Object__DESC__C                       
00817b90  ti_sysbios_knl_Semaphore_Object__DESC__C                   
00817bb0  xdc_runtime_LoggerBuf_Object__DESC__C                      
00817bd0  ti_sysbios_gates_GateHwi_Object__PARAMS__C                 
00817be8  ti_sysbios_gates_GateMutex_Object__PARAMS__C               
00817c00  ti_sysbios_knl_Queue_Object__PARAMS__C                     
00817c18  xdc_runtime_Startup_sfxnRts__A                             
00817c2e  ti_sysbios_family_c64p_Hwi_Module__id__C                   
00817c42  ti_sysbios_family_c64p_Hwi_Module__loggerDefined__C        
00817c50  ti_sysbios_family_c66_Cache_initSize__C                    
00817c64  ti_sysbios_knl_Idle_funcList__C                            
00817c6c  ti_sysbios_family_c64p_Exception_E_exceptionMax__C         
00817c70  xdc_runtime_Startup_firstFxns__A                           
00817c78  xdc_runtime_Startup_firstFxns__C                           
00817c80  xdc_runtime_Startup_lastFxns__C                            
00817c88  ti_sysbios_family_c64p_Exception_exceptionHook__C          
00817c8c  ti_sysbios_family_c64p_Exception_externalHook__C           
00817c90  ti_sysbios_family_c64p_Exception_internalHook__C           
00817c94  ti_sysbios_family_c64p_Exception_nmiHook__C                
00817c98  ti_sysbios_family_c64p_Hwi_LD_end__C                       
00817c9c  ti_sysbios_family_c64p_Hwi_LM_begin__C                     
00817ca0  ti_sysbios_family_c64p_Hwi_Module__diagsEnabled__C         
00817ca4  ti_sysbios_family_c64p_Hwi_Module__diagsIncluded__C        
00817ca8  ti_sysbios_family_c64p_Hwi_Module__diagsMask__C            
00817cac  ti_sysbios_family_c64p_Hwi_Module__loggerFxn1__C           
00817cb0  ti_sysbios_family_c64p_Hwi_Module__loggerFxn8__C           
00817cb4  ti_sysbios_family_c64p_Hwi_Module__loggerObj__C            
00817cb8  ti_sysbios_gates_GateMutex_A_badContext__C                 
00817cbc  ti_sysbios_gates_GateMutex_Instance_State_sem__O           
00817cc0  ti_sysbios_gates_GateMutex_Module__diagsEnabled__C         
00817cc4  ti_sysbios_gates_GateMutex_Module__diagsIncluded__C        
00817cc8  ti_sysbios_gates_GateMutex_Module__diagsMask__C            
00817ccc  ti_sysbios_hal_Hwi_E_stackOverflow__C                      
00817cd0  ti_sysbios_heaps_HeapMem_A_align__C                        
00817cd4  ti_sysbios_heaps_HeapMem_A_heapSize__C                     
00817cd8  ti_sysbios_heaps_HeapMem_A_invalidFree__C                  
00817cdc  ti_sysbios_heaps_HeapMem_A_zeroBlock__C                    
00817ce0  ti_sysbios_heaps_HeapMem_E_memory__C                       
00817ce4  ti_sysbios_heaps_HeapMem_Module__diagsEnabled__C           
00817ce8  ti_sysbios_heaps_HeapMem_Module__diagsIncluded__C          
00817cec  ti_sysbios_heaps_HeapMem_Module__diagsMask__C              
00817cf0  ti_sysbios_heaps_HeapMem_Module__gateObj__C                
00817cf4  ti_sysbios_heaps_HeapMem_Object__count__C                  
00817cf8  ti_sysbios_heaps_HeapMem_reqAlign__C                       
00817cfc  ti_sysbios_knl_Clock_LM_begin__C                           
00817d00  ti_sysbios_knl_Clock_LM_tick__C                            
00817d04  ti_sysbios_knl_Clock_LW_delayed__C                         
00817d08  ti_sysbios_knl_Clock_Module_State_clockQ__O                
00817d0c  ti_sysbios_knl_Clock_Module__diagsEnabled__C               
00817d10  ti_sysbios_knl_Clock_Module__diagsIncluded__C              
00817d14  ti_sysbios_knl_Clock_Module__diagsMask__C                  
00817d18  ti_sysbios_knl_Clock_Module__loggerFxn1__C                 
00817d1c  ti_sysbios_knl_Clock_Module__loggerFxn2__C                 
00817d20  ti_sysbios_knl_Clock_Module__loggerObj__C                  
00817d24  ti_sysbios_knl_Semaphore_A_badContext__C                   
00817d28  ti_sysbios_knl_Idle_funcList__A                            
00817d2c  ti_sysbios_knl_Semaphore_A_noEvents__C                     
00817d30  ti_sysbios_knl_Semaphore_A_overflow__C                     
00817d34  ti_sysbios_knl_Semaphore_A_pendTaskDisabled__C             
00817d38  ti_sysbios_knl_Semaphore_Instance_State_pendQ__O           
00817d3c  ti_sysbios_knl_Semaphore_LM_pend__C                        
00817d40  ti_sysbios_knl_Semaphore_LM_post__C                        
00817d44  ti_sysbios_knl_Semaphore_Module__diagsEnabled__C           
00817d48  ti_sysbios_knl_Semaphore_Module__diagsIncluded__C          
00817d4c  ti_sysbios_knl_Semaphore_Module__diagsMask__C              
00817d50  ti_sysbios_knl_Semaphore_Module__loggerFxn2__C             
00817d54  ti_sysbios_knl_Semaphore_Module__loggerFxn4__C             
00817d58  ti_sysbios_knl_Semaphore_Module__loggerObj__C              
00817d5c  ti_sysbios_knl_Swi_LD_end__C                               
00817d60  ti_sysbios_knl_Swi_LM_begin__C                             
00817d64  ti_sysbios_knl_Swi_LM_post__C                              
00817d68  ti_sysbios_knl_Swi_Module__diagsEnabled__C                 
00817d6c  ti_sysbios_knl_Swi_Module__diagsIncluded__C                
00817d70  ti_sysbios_knl_Swi_Module__diagsMask__C                    
00817d74  ti_sysbios_knl_Swi_Module__loggerFxn1__C                   
00817d78  ti_sysbios_knl_Swi_Module__loggerFxn4__C                   
00817d7c  ti_sysbios_knl_Swi_Module__loggerObj__C                    
00817d80  ti_sysbios_knl_Swi_Object__count__C                        
00817d84  ti_sysbios_knl_Task_E_spOutOfBounds__C                     
00817d88  ti_sysbios_knl_Task_E_stackOverflow__C                     
00817d8c  ti_sysbios_knl_Task_LD_block__C                            
00817d90  ti_sysbios_knl_Task_LD_exit__C                             
00817d94  ti_sysbios_knl_Task_LD_ready__C                            
00817d98  ti_sysbios_knl_Task_LM_switch__C                           
00817d9c  ti_sysbios_knl_Task_Module_State_inactiveQ__O              
00817da0  ti_sysbios_knl_Task_Module__diagsEnabled__C                
00817da4  ti_sysbios_knl_Task_Module__diagsIncluded__C               
00817da8  ti_sysbios_knl_Task_Module__diagsMask__C                   
00817dac  ti_sysbios_knl_Task_Module__loggerFxn2__C                  
00817db0  ti_sysbios_knl_Task_Module__loggerFxn4__C                  
00817db4  ti_sysbios_knl_Task_Module__loggerObj__C                   
00817db8  ti_sysbios_knl_Task_Object__count__C                       
00817dbc  ti_sysbios_knl_Task_allBlockedFunc__C                      
00817dc0  ti_sysbios_knl_Task_numConstructedTasks__C                 
00817dc4  ti_sysbios_timers_timer64_Timer_A_notAvailable__C          
00817dc8  ti_sysbios_timers_timer64_Timer_E_cannotSupport__C         
00817dcc  ti_sysbios_timers_timer64_Timer_Module__diagsEnabled__C    
00817dd0  ti_sysbios_timers_timer64_Timer_Module__diagsIncluded__C   
00817dd4  ti_sysbios_timers_timer64_Timer_Module__diagsMask__C       
00817dd8  ti_sysbios_timers_timer64_Timer_anyMaskHigh__C             
00817ddc  ti_sysbios_timers_timer64_Timer_anyMask__C                 
00817de0  ti_sysbios_timers_timer64_Timer_freqDivisor__C             
00817de4  ti_sysbios_timers_timer64_Timer_numLocalTimers__C          
00817de8  ti_sysbios_timers_timer64_Timer_numTimerDevices__C         
00817dec  xdc_runtime_Assert_E_assertFailed__C                       
00817df0  xdc_runtime_Core_A_initializedParams__C                    
00817df4  xdc_runtime_Core_Module__diagsEnabled__C                   
00817df8  xdc_runtime_Core_Module__diagsIncluded__C                  
00817dfc  xdc_runtime_Core_Module__diagsMask__C                      
00817e00  xdc_runtime_Error_E_memory__C                              
00817e04  xdc_runtime_Error_Module__diagsEnabled__C                  
00817e08  xdc_runtime_Error_Module__diagsIncluded__C                 
00817e0c  xdc_runtime_Error_Module__diagsMask__C                     
00817e10  xdc_runtime_Error_Module__loggerFxn8__C                    
00817e14  xdc_runtime_Error_Module__loggerObj__C                     
00817e18  xdc_runtime_Error_policyFxn__C                             
00817e1c  xdc_runtime_Error_policy__C                                
00817e20  xdc_runtime_Error_raiseHook__C                             
00817e24  xdc_runtime_IFilterLogger_Interface__BASE__C               
00817e28  xdc_runtime_IGateProvider_Interface__BASE__C               
00817e2c  xdc_runtime_IHeap_Interface__BASE__C                       
00817e30  xdc_runtime_ILogger_Interface__BASE__C                     
00817e34  xdc_runtime_IModule_Interface__BASE__C                     
00817e38  xdc_runtime_Log_L_error__C                                 
00817e3c  xdc_runtime_LoggerBuf_E_badLevel__C                        
00817e40  xdc_runtime_LoggerBuf_Module__gateObj__C                   
00817e44  xdc_runtime_LoggerBuf_Object__count__C                     
00817e48  xdc_runtime_LoggerBuf_statusLogger__C                      
00817e4c  xdc_runtime_Memory_defaultHeapInstance__C                  
00817e50  xdc_runtime_Startup_execImpl__C                            
00817e54  xdc_runtime_Startup_maxPasses__C                           
00817e58  xdc_runtime_Startup_sfxnRts__C                             
00817e5c  xdc_runtime_Startup_sfxnTab__C                             
00817e60  xdc_runtime_SysMin_bufSize__C                              
00817e64  xdc_runtime_SysMin_outputFunc__C                           
00817e68  xdc_runtime_System_Module__gateObj__C                      
00817e6c  xdc_runtime_System_abortFxn__C                             
00817e70  xdc_runtime_System_exitFxn__C                              
00817e74  xdc_runtime_System_extendFxn__C                            
00817e78  xdc_runtime_System_maxAtexitHandlers__C                    
00817e7c  xdc_runtime_Text_charTab__C                                
00817e80  xdc_runtime_Text_nameEmpty__C                              
00817e84  xdc_runtime_Text_nameStatic__C                             
00817e88  xdc_runtime_Text_nameUnknown__C                            
00817e8c  xdc_runtime_Text_nodeTab__C                                
00817e90  xdc_runtime_Text_visitRopeFxn__C                           
00817e94  ti_sysbios_gates_GateMutex_Module__id__C                   
00817e96  ti_sysbios_hal_Hwi_Module__id__C                           
00817e98  ti_sysbios_heaps_HeapMem_Module__id__C                     
00817e9a  ti_sysbios_knl_Clock_Module__id__C                         
00817e9c  ti_sysbios_knl_Clock_Module__loggerDefined__C              
00817e9e  ti_sysbios_knl_Semaphore_Module__id__C                     
00817ea0  ti_sysbios_knl_Semaphore_Module__loggerDefined__C          
00817ea2  ti_sysbios_knl_Swi_Module__id__C                           
00817ea4  ti_sysbios_knl_Swi_Module__loggerDefined__C                
00817ea6  ti_sysbios_knl_Task_Module__id__C                          
00817ea8  ti_sysbios_knl_Task_Module__loggerDefined__C               
00817eaa  ti_sysbios_knl_Task_initStackFlag__C                       
00817eac  ti_sysbios_timers_timer64_Timer_Module__id__C              
00817eae  ti_sysbios_timers_timer64_Timer_startupNeeded__C           
00817eb0  ti_sysbios_timers_timer64_Timer_useTimer64pRegMap__C       
00817eb2  xdc_runtime_Core_Module__id__C                             
00817eb4  xdc_runtime_Error_Module__loggerDefined__C                 
00817eb6  xdc_runtime_Error_maxDepth__C                              
00817eb8  xdc_runtime_LoggerBuf_Module__id__C                        
00817eba  xdc_runtime_LoggerBuf_filterByLevel__C                     
00817ebc  xdc_runtime_Memory_Module__id__C                           
00817ebe  xdc_runtime_SysMin_flushAtExit__C                          
00817ec0  xdc_runtime_Text_charCnt__C                                
00817ec2  xdc_runtime_Text_isLoaded__C                               
00817ec4  xdc_runtime_Text_registryModsLastId__C                     
00817ec6  xdc_runtime_Text_unnamedModsLastId__C                      
00817ec8  _stack                                                     
00818ec8  __TI_STACK_END                                             
00818ec8  ti_sysbios_BIOS_Module__state__V                           
00818eec  ti_sysbios_family_c64p_Exception_Module__state__V          
00818f1c  ti_sysbios_family_c64p_Hwi_Module__root__V                 
00818f24  ti_sysbios_family_c64p_Hwi_Module__state__V                
00818f90  ti_sysbios_gates_GateHwi_Module__root__V                   
00818f98  ti_sysbios_gates_GateMutex_Module__root__V                 
00818fa0  ti_sysbios_hal_Hwi_Module__root__V                         
00818fa8  ti_sysbios_heaps_HeapMem_Module__root__V                   
00818fb0  ti_sysbios_knl_Clock_Module__root__V                       
00818fb8  ti_sysbios_knl_Clock_Module__state__V                      
00818fe4  ti_sysbios_knl_Queue_Module__root__V                       
00818fec  ti_sysbios_knl_Semaphore_Module__root__V                   
00818ff4  ti_sysbios_knl_Swi_Module__root__V                         
00818ffc  ti_sysbios_knl_Swi_Module__state__V                        
00819018  ti_sysbios_knl_Task_Module__root__V                        
00819020  ti_sysbios_knl_Task_Module__state__V                       
00819064  ti_sysbios_timers_timer64_Timer_Module__root__V            
0081906c  ti_sysbios_timers_timer64_Timer_Module__state__V           
00819084  xdc_runtime_Error_Module__state__V                         
00819088  xdc_runtime_LoggerBuf_Module__root__V                      
00819090  xdc_runtime_LoggerBuf_Module__state__V                     
00819098  xdc_runtime_Memory_Module__state__V                        
0081909c  xdc_runtime_Registry_Module__state__V                      
008190a4  xdc_runtime_Startup_Module__state__V                       
008190ac  xdc_runtime_SysMin_Module__state__V                        
008190b8  xdc_runtime_System_Module__state__V                        
008190c0  xdc_runtime_Text_Module__state__V                          
008190c8  __xdc__init__addr                                          
008190cc  _lock                                                      
008190d0  _ftable                                                    
008192b0  ti_sysbios_timers_timer64_Timer_Module_State_0_device__A   
008194d0  ti_sysbios_knl_Swi_Module_State_0_readyQ__A                
00819550  ti_sysbios_knl_Task_Module_State_0_readyQ__A               
008195d0  ti_sysbios_timers_timer64_Timer_Module_State_0_gctrl__A    
00819650  ti_sysbios_timers_timer64_Timer_Module_State_0_handles__A  
008196d0  ti_sysbios_timers_timer64_Timer_Module_State_0_intFreqs__A 
008197c8  ti_sysbios_timers_timer64_Timer_Object__table__V           
00819818  TSK_idle                                                   
00819818  ti_sysbios_knl_Task_Object__table__V                       
00819864  _unlock                                                    
00819868  ti_sysbios_gates_GateMutex_Object__table__V                
008198a8  ti_sysbios_knl_Swi_Object__table__V                        
008198d8  xdc_runtime_LoggerBuf_Object__table__V                     
008198fc  __TI_ft_end                                                
00819900  ti_sysbios_family_c64p_Hwi_Object__table__V                
00819918  ti_sysbios_heaps_HeapMem_Object__table__V                  
00819930  XC                                                         
00819940  Xla                                                        
00819950  hC                                                         
00819960  hla                                                        
00819970  xdc_runtime_System_Module_State_0_atexitHandlers__A        
00819980  __TI_cleanup_ptr                                           
00819984  __TI_dtors_ptr                                             
00819988  __TI_enable_exit_profile_output                            
00819990  y                                                          
00819998  ti_sysbios_gates_GateHwi_Object__table__V                  
008199a0  ti_sysbios_knl_Task_Module_State_0_idleTask__A             
008199a8  __CIOBUF_                                                  
00819ac8  Input_Data                                                 
00819ac8  __TI_STATIC_BASE                                           
00819aca  Output_Data1                                               
00819acc  Output_Data2                                               
00819ace  Output_Data3                                               
00819ad0  YC                                                         
00819ad4  EC                                                         
00819ad8  Yla                                                        
00819adc  Ela                                                        
00819ae0  A                                                          
00819ae2  force                                                      
00819c00  ti_sysbios_family_c64p_Hwi0                                
00819c00  ti_sysbios_family_c64p_Hwi_int0                            
00819c20  ti_sysbios_family_c64p_Hwi_int1                            
00819c40  ti_sysbios_family_c64p_Hwi_int2                            
00819c60  ti_sysbios_family_c64p_Hwi_int3                            
00819c80  ti_sysbios_family_c64p_Hwi_int4                            
00819ca0  ti_sysbios_family_c64p_Hwi_int5                            
00819cc0  ti_sysbios_family_c64p_Hwi_int6                            
00819ce0  ti_sysbios_family_c64p_Hwi_int7                            
00819d00  ti_sysbios_family_c64p_Hwi_int8                            
00819d20  ti_sysbios_family_c64p_Hwi_int9                            
00819d40  ti_sysbios_family_c64p_Hwi_int10                           
00819d60  ti_sysbios_family_c64p_Hwi_int11                           
00819d80  ti_sysbios_family_c64p_Hwi_int12                           
00819da0  ti_sysbios_family_c64p_Hwi_int13                           
00819dc0  ti_sysbios_family_c64p_Hwi_int14                           
00819de0  ti_sysbios_family_c64p_Hwi_int15                           
0081a3a4  __TI_Handler_Table_Base                                    
0081a3b0  __TI_Handler_Table_Limit                                   
0081a3c0  __TI_CINIT_Base                                            
0081a3e8  __TI_CINIT_Limit                                           
ffffffff  __TI_pprof_out_hndl                                        
ffffffff  __TI_prof_data_size                                        
ffffffff  __TI_prof_data_start                                       
ffffffff  __binit__                                                  
ffffffff  __c_args__                                                 
ffffffff  binit                                                      
UNDEFED   __TI_INITARRAY_Base                                        
UNDEFED   __TI_INITARRAY_Limit                                       

[614 symbols]
