******************************************************************************
               TMS320C6x Linker PC v8.0.1                      
******************************************************************************
>> Linked Wed Apr 22 10:23:15 2015

OUTPUT FILE NAME:   <Adaptive_filter.out>
ENTRY POINT SYMBOL: "_c_int00"  address: 00808e40


MEMORY CONFIGURATION

         name            origin    length      used     unused   attr    fill
----------------------  --------  ---------  --------  --------  ----  --------
  L2SRAM                00800000   00080000  00017828  000687d8  RW X
  MSMCSRAM              0c000000   00400000  00000000  00400000  RW X
  DDR3                  80000000   20000000  00000000  20000000  RWIX


SEGMENT ALLOCATION MAP

run origin  load origin   length   init length attrs members
----------  ----------- ---------- ----------- ----- -------
00800000    00800000    0000bdc0   0000bdc0    r-x
  00800000    00800000    0000bdc0   0000bdc0    r-x .text
0080bdc0    0080bdc0    00007008   00000000    rw-
  0080bdc0    0080bdc0    00007008   00000000    rw- .far
00812dc8    00812dc8    000026a4   000026a4    r--
  00812dc8    00812dc8    000026a4   000026a4    r-- .const
00815470    00815470    00001b88   00000000    rw-
  00815470    00815470    00001000   00000000    rw- .stack
  00816470    00816470    00000a2c   00000000    rw- .fardata
  00816ea0    00816ea0    00000120   00000000    rw- .cio
  00816fc0    00816fc0    00000010   00000000    rw- .bss
  00816fd0    00816fd0    00000028   00000000    rw- .neardata
00817000    00817000    00000838   00000838    r-x
  00817000    00817000    00000200   00000200    r-x .vecs
  00817200    00817200    00000638   00000638    r-- .cinit


SECTION ALLOCATION MAP

 output                                  attributes/
section   page    origin      length       input sections
--------  ----  ----------  ----------   ----------------
.stack     0    00815470    00001000     UNINITIALIZED
                  00815470    00000008     boot.ae66 : boot.oe66 (.stack)
                  00815478    00000ff8     --HOLE--

.bss       0    00816fc0    00000010     UNINITIALIZED
                  00816fc0    00000002     (.common:Input_Data)
                  00816fc2    00000002     (.common:Output_Data1)
                  00816fc4    00000002     (.common:Output_Data2)
                  00816fc6    00000002     (.common:Output_Data3)
                  00816fc8    00000002     (.common:Output_Data4)
                  00816fca    00000002     (.common:Output_Data5)
                  00816fcc    00000002     (.common:Output_Data6)
                  00816fce    00000002     (.common:Output_Data7)

.neardata 
*          0    00816fd0    00000028     UNINITIALIZED
                  00816fd0    0000000e     main.obj (.neardata)
                  00816fde    00000002     --HOLE--
                  00816fe0    00000008     Adaptive.obj (.neardata)
                  00816fe8    00000008     Adaptive_C.obj (.neardata)
                  00816ff0    00000008     Adaptive_Intr.obj (.neardata)

.rodata    0    00816ff8    00000000     UNINITIALIZED

.cinit     0    00817200    00000638     
                  00817200    000005eb     (.cinit..fardata.load) [load image, compression = rle]
                  008177eb    00000001     --HOLE-- [fill = 0]
                  008177ec    0000000f     (.cinit..neardata.load) [load image, compression = rle]
                  008177fb    00000001     --HOLE-- [fill = 0]
                  008177fc    0000000c     (__TI_handler_table)
                  00817808    00000008     (.cinit..bss.load) [load image, compression = zero_init]
                  00817810    00000008     (.cinit..far.load) [load image, compression = zero_init]
                  00817818    00000020     (__TI_cinit_table)

.init_array 
*          0    00800000    00000000     UNINITIALIZED

.text      0    00800000    0000bdc0     
                  00800000    00000860     ti.targets.rts6000.ae66 : System.oe66 (.text:xdc_runtime_System_doPrint__I)
                  00800860    00000780     sysbios.ae66 : BIOS.obj (.text:ti_sysbios_family_c64p_Exception_handler__I)
                  00800fe0    00000780                  : BIOS.obj (.text:ti_sysbios_knl_Semaphore_pend__E)
                  00801760    000006e0                  : BIOS.obj (.text:ti_sysbios_heaps_HeapMem_alloc__E)
                  00801e40    000006e0                  : BIOS.obj (.text:ti_sysbios_timers_timer64_Timer_Module_startup__E)
                  00802520    00000660     main.obj (.text)
                  00802b80    00000620     sysbios.ae66 : BIOS.obj (.text:ti_sysbios_heaps_HeapMem_free__E)
                  008031a0    00000320                  : BIOS.obj (.text:ti_sysbios_timers_timer64_Timer_deviceConfig__I)
                  008034c0    00000300                  : BIOS.obj (.text:ti_sysbios_knl_Task_Module_startup__E)
                  008037c0    000002e0                  : BIOS.obj (.text:ti_sysbios_heaps_HeapMem_Instance_init__E)
                  00803aa0    000002a0     Adaptive_Intr.obj (.text)
                  00803d40    000002a0     sysbios.ae66 : BIOS.obj (.text:ti_sysbios_knl_Clock_workFunc__E)
                  00803fe0    00000280     ti.targets.rts6000.ae66 : LoggerBuf.oe66 (.text:xdc_runtime_LoggerBuf_write8__E)
                  00804260    00000260     sysbios.ae66 : BIOS.obj (.text:ti_sysbios_family_c64p_Hwi_dispatchCore__I)
                  008044c0    00000240     rts6600_elf.lib : imath64.obj (.text:__c6xabi_divull)
                  00804700    00000240     sysbios.ae66 : BIOS.obj (.text:ti_sysbios_family_c64p_Exception_internalHandler__I)
                  00804940    00000240                  : BIOS.obj (.text:ti_sysbios_knl_Semaphore_post__E)
                  00804b80    00000240     clock_pe66.oe66 (.text:xdc_runtime_System_printfExtend__I)
                  00804dc0    00000220     sysbios.ae66 : BIOS.obj (.text:ti_sysbios_timers_timer64_Timer_setPeriodMicroSecs__E)
                  00804fe0    00000220     ti.targets.rts6000.ae66 : Core-mem.oe66 (.text:xdc_runtime_Core_createObject__I)
                  00805200    00000200     sysbios.ae66 : c64p_Hwi_disp_always.obj (.text:_ti_sysbios_family_c64p_Hwi_dispatchAlways)
                  00805400    00000200                  : BIOS.obj (.text:ti_sysbios_knl_Swi_run__I)
                  00805600    000001e0                  : BIOS.obj (.text:ti_sysbios_gates_GateMutex_enter__E)
                  008057e0    000001e0                  : BIOS.obj (.text:ti_sysbios_knl_Task_checkStacks__E)
                  008059c0    000001e0     ti.targets.rts6000.ae66 : Error.oe66 (.text:xdc_runtime_Error_policyDefault__E)
                  00805ba0    000001e0                             : Startup.oe66 (.text:xdc_runtime_Startup_startMods__I)
                  00805d80    000001c0     sysbios.ae66 : BIOS.obj (.text:ti_sysbios_timers_timer64_Timer_getFreq__E)
                  00805f40    000001c0     ti.targets.rts6000.ae66 : LoggerBuf.oe66 (.text:xdc_runtime_LoggerBuf_write4__E)
                  00806100    000001c0                             : Text.oe66 (.text:xdc_runtime_Text_putSite__E)
                  008062c0    000001a0     sysbios.ae66 : BIOS.obj (.text:ti_sysbios_knl_Task_schedule__I)
                  00806460    000001a0                  : BIOS.obj (.text:ti_sysbios_timers_timer64_Timer_start__E)
                  00806600    00000180                  : c64p_Exception_asm.obj (.text)
                  00806780    00000180                  : BIOS.obj (.text:ti_sysbios_knl_Task_exit__E)
                  00806900    00000180                  : BIOS.obj (.text:ti_sysbios_knl_Task_startCore__E)
                  00806a80    00000180     ti.targets.rts6000.ae66 : Core-smem.oe66 (.text:xdc_runtime_Core_constructObject__I)
                  00806c00    00000160     rts6600_elf.lib : copy_decompress_rle.obj (.text:__TI_decompress_rle_core)
                  00806d60    00000140     Adaptive.obj (.text)
                  00806ea0    00000140     sysbios.ae66 : BIOS.obj (.text:ti_sysbios_family_c64p_Hwi_Module_startup__E)
                  00806fe0    00000140                  : BIOS.obj (.text:ti_sysbios_knl_Semaphore_Instance_init__E)
                  00807120    00000140                  : BIOS.obj (.text:ti_sysbios_knl_Swi_post__E)
                  00807260    00000140                  : BIOS.obj (.text:ti_sysbios_knl_Task_blockI__E)
                  008073a0    00000120     Adaptive_C.obj (.text)
                  008074c0    00000120     boot.ae66 : autoinit.oe66 (.text:_auto_init_elf)
                  008075e0    00000120     sysbios.ae66 : BIOS.obj (.text:ti_sysbios_family_c66_Cache_Module_startup__E)
                  00807700    00000120                  : BIOS.obj (.text:ti_sysbios_knl_Task_unblockI__E)
                  00807820    00000120     ti.targets.rts6000.ae66 : Core-mem.oe66 (.text:xdc_runtime_Core_deleteObject__I)
                  00807940    00000120                             : LoggerBuf.oe66 (.text:xdc_runtime_LoggerBuf_setFilterLevel__E)
                  00807a60    00000120                             : Text.oe66 (.text:xdc_runtime_Text_putLab__E)
                  00807b80    00000120                             : Text.oe66 (.text:xdc_runtime_Text_putMod__E)
                  00807ca0    00000100     sysbios.ae66 : BIOS.obj (.text:ti_sysbios_knl_Swi_restoreHwi__E)
                  00807da0    00000100                  : BIOS.obj (.text:ti_sysbios_timers_timer64_Timer_initDevice__I)
                  00807ea0    00000100     ti.targets.rts6000.ae66 : LoggerBuf.oe66 (.text:xdc_runtime_LoggerBuf_getFilterLevel__E)
                  00807fa0    00000100                             : Startup.oe66 (.text:xdc_runtime_Startup_exec__E)
                  008080a0    000000e0     Adaptive_SA.obj (.text)
                  00808180    000000e0     rts6600_elf.lib : trgdrv.obj (.text:HOSTwrite)
                  00808260    000000e0                     : copy_zero_init.obj (.text:decompress:ZI:__TI_zero_init)
                  00808340    000000e0                     : memset.obj (.text:memset)
                  00808420    000000e0     sysbios.ae66 : BIOS.obj (.text:ti_sysbios_knl_Swi_runLoop__I)
                  00808500    000000e0                  : BIOS.obj (.text:ti_sysbios_timers_timer64_Timer_startup__E)
                  008085e0    000000e0     ti.targets.rts6000.ae66 : Error.oe66 (.text:xdc_runtime_Error_print__E)
                  008086c0    000000e0                             : Memory.oe66 (.text:xdc_runtime_Memory_alloc__E)
                  008087a0    000000c0     Adaptive_ASM.obj (.text)
                  00808860    000000c0     rts6600_elf.lib : divu.obj (.text:__divu)
                  00808920    000000c0                     : exit.obj (.text:exit)
                  008089e0    000000c0     sysbios.ae66 : BIOS.obj (.text:ti_sysbios_heaps_HeapMem_getStats__E)
                  00808aa0    000000c0                  : BIOS.obj (.text:ti_sysbios_knl_Clock_logTick__E)
                  00808b60    000000c0                  : BIOS.obj (.text:ti_sysbios_knl_Swi_schedule__I)
                  00808c20    000000c0                  : BIOS.obj (.text:ti_sysbios_knl_Task_allBlockedFunction__I)
                  00808ce0    000000c0     ti.targets.rts6000.ae66 : Text.oe66 (.text:xdc_runtime_Text_visitRope2__I)
                  00808da0    000000a0     rts6600_elf.lib : remu.obj (.text:__remu)
                  00808e40    000000a0     boot.ae66 : boot.oe66 (.text:_c_int00)
                  00808ee0    000000a0     rts6600_elf.lib : memcpy64.obj (.text:memcpy)
                  00808f80    000000a0     sysbios.ae66 : BIOS.obj (.text:ti_sysbios_family_c64p_Exception_Module_startup__E)
                  00809020    000000a0                  : BIOS.obj (.text:ti_sysbios_family_c64p_Hwi_dispatchC__I)
                  008090c0    000000a0                  : BIOS.obj (.text:ti_sysbios_family_c64p_Hwi_getStackInfo__E)
                  00809160    000000a0                  : BIOS.obj (.text:ti_sysbios_heaps_HeapMem_init__I)
                  00809200    000000a0                  : BIOS.obj (.text:ti_sysbios_timers_timer64_Timer_stop__E)
                  008092a0    000000a0     ti.targets.rts6000.ae66 : Assert.oe66 (.text:xdc_runtime_Assert_raise__I)
                  00809340    000000a0                             : Error.oe66 (.text:xdc_runtime_Error_setX__E)
                  008093e0    000000a0     clock_pe66.oe66 (.text:xdc_runtime_LoggerBuf_Object__create__S)
                  00809480    000000a0     ti.targets.rts6000.ae66 : SysMin.oe66 (.text:xdc_runtime_SysMin_flush__E)
                  00809520    000000a0                             : SysMin.oe66 (.text:xdc_runtime_SysMin_putch__E)
                  008095c0    000000a0                             : System.oe66 (.text:xdc_runtime_System_formatNum__I)
                  00809660    000000a0                             : Text.oe66 (.text:xdc_runtime_Text_xprintf__I)
                  00809700    00000080     rts6600_elf.lib : trgmsg.obj (.text:__TI_readmsg)
                  00809780    00000080                     : trgmsg.obj (.text:__TI_writemsg)
                  00809800    00000080                     : llshift.obj (.text:__c6xabi_llshl)
                  00809880    00000080     sysbios.ae66 : c62_TaskSupport_asm.obj (.text:_ti_sysbios_family_c62_TaskSupport_swap__E)
                  00809900    00000080     clock_pe66.oe66 (.text:ti_sysbios_BIOS_atExitFunc__I)
                  00809980    00000080     clock_pe66.oe66 (.text:ti_sysbios_BIOS_registerRTSLock__I)
                  00809a00    00000080     sysbios.ae66 : BIOS.obj (.text:ti_sysbios_family_c62_TaskSupport_start__E)
                  00809a80    00000080     clock_pe66.oe66 (.text:ti_sysbios_gates_GateHwi_Object__create__S)
                  00809b00    00000080     clock_pe66.oe66 (.text:ti_sysbios_gates_GateMutex_Object__create__S)
                  00809b80    00000080     sysbios.ae66 : BIOS.obj (.text:ti_sysbios_hal_Hwi_checkStack)
                  00809c00    00000080                  : BIOS.obj (.text:ti_sysbios_hal_Hwi_initStack)
                  00809c80    00000080     clock_pe66.oe66 (.text:ti_sysbios_heaps_HeapMem_Object__create__S)
                  00809d00    00000080     clock_pe66.oe66 (.text:ti_sysbios_knl_Clock_doTick__I)
                  00809d80    00000080     sysbios.ae66 : BIOS.obj (.text:ti_sysbios_knl_Idle_run__E)
                  00809e00    00000080                  : BIOS.obj (.text:ti_sysbios_knl_Semaphore_pendTimeout__I)
                  00809e80    00000080                  : BIOS.obj (.text:ti_sysbios_knl_Swi_startup__E)
                  00809f00    00000080                  : BIOS.obj (.text:ti_sysbios_knl_Task_restore__E)
                  00809f80    00000080     ti.targets.rts6000.ae66 : Core-label.oe66 (.text:xdc_runtime_Core_assignLabel__I)
                  0080a000    00000080                             : Core-params.oe66 (.text:xdc_runtime_Core_assignParams__I)
                  0080a080    00000080                             : LoggerBuf.oe66 (.text:xdc_runtime_LoggerBuf_Instance_init__E)
                  0080a100    00000080                             : LoggerBuf.oe66 (.text:xdc_runtime_LoggerBuf_filterOutEvent__I)
                  0080a180    00000080                             : SysMin.oe66 (.text:xdc_runtime_SysMin_abort__E)
                  0080a200    00000080     clock_pe66.oe66 (.text:xdc_runtime_SysMin_output__I)
                  0080a280    00000080     ti.targets.rts6000.ae66 : System.oe66 (.text:xdc_runtime_System_atexit__E)
                  0080a300    00000080                             : System.oe66 (.text:xdc_runtime_System_processAtExit__E)
                  0080a380    00000080                             : System.oe66 (.text:xdc_runtime_System_putchar__I)
                  0080a400    00000080                             : Text.oe66 (.text:xdc_runtime_Text_printVisFxn__I)
                  0080a480    00000060     rts6600_elf.lib : llshift.obj (.text:__c6xabi_llshru)
                  0080a4e0    00000060                     : imath64.obj (.text:_subcull)
                  0080a540    00000060     sysbios.ae66 : c64p_Hwi_asm_switch.obj (.text:_ti_sysbios_family_c64p_Hwi_switchAndDispatch__I)
                  0080a5a0    00000060                  : c64p_Hwi_asm_switch.obj (.text:_ti_sysbios_family_xxx_Hwi_switchAndRunFunc)
                  0080a600    00000060     clock_pe66.oe66 (.text:ti_sysbios_BIOS_errorRaiseHook__I)
                  0080a660    00000060     clock_pe66.oe66 (.text:ti_sysbios_BIOS_removeRTSLock__I)
                  0080a6c0    00000060     clock_pe66.oe66 (.text:ti_sysbios_gates_GateMutex_Object__delete__S)
                  0080a720    00000060     sysbios.ae66 : BIOS.obj (.text:ti_sysbios_knl_Clock_Module_startup__E)
                  0080a780    00000060     clock_pe66.oe66 (.text:ti_sysbios_knl_Queue_construct)
                  0080a7e0    00000060     clock_pe66.oe66 (.text:ti_sysbios_knl_Semaphore_construct)
                  0080a840    00000060     sysbios.ae66 : BIOS.obj (.text:ti_sysbios_knl_Swi_Module_startup__E)
                  0080a8a0    00000060                  : BIOS.obj (.text:ti_sysbios_knl_Task_enter__I)
                  0080a900    00000060     ti.targets.rts6000.ae66 : LoggerBuf.oe66 (.text:xdc_runtime_LoggerBuf_Module_startup__E)
                  0080a960    00000060     clock_pe66.oe66 (.text:xdc_runtime_LoggerBuf_Object__delete__S)
                  0080a9c0    00000060     ti.targets.rts6000.ae66 : Memory.oe66 (.text:xdc_runtime_Memory_valloc__E)
                  0080aa20    00000060                             : SysMin.oe66 (.text:xdc_runtime_SysMin_Module_startup__E)
                  0080aa80    00000060                             : SysMin.oe66 (.text:xdc_runtime_SysMin_exit__E)
                  0080aae0    00000060                             : System.oe66 (.text:xdc_runtime_System_avprintf__E)
                  0080ab40    00000060                             : System.oe66 (.text:xdc_runtime_System_vprintf__E)
                  0080aba0    00000060                             : Text.oe66 (.text:xdc_runtime_Text_cordText__E)
                  0080ac00    00000040     rts6600_elf.lib : args_main.obj (.text:_args_main)
                  0080ac40    00000040     sysbios.ae66 : c62_TaskSupport_asm.obj (.text:_ti_sysbios_family_c62_TaskSupport_buildTaskStack)
                  0080ac80    00000040     clock_pe66.oe66 (.text:ti_sysbios_BIOS_exitFunc__I)
                  0080acc0    00000040     clock_pe66.oe66 (.text:ti_sysbios_BIOS_rtsLock__I)
                  0080ad00    00000040     clock_pe66.oe66 (.text:ti_sysbios_BIOS_rtsUnlock__I)
                  0080ad40    00000040     clock_pe66.oe66 (.text:ti_sysbios_BIOS_startFunc__I)
                  0080ad80    00000040     sysbios.ae66 : BIOS.obj (.text:ti_sysbios_family_c64p_Hwi_disableInterrupt__E)
                  0080adc0    00000040                  : BIOS.obj (.text:ti_sysbios_family_c64p_Hwi_enableInterrupt__E)
                  0080ae00    00000040     clock_pe66.oe66 (.text:ti_sysbios_gates_GateHwi_Handle__label__S)
                  0080ae40    00000040     clock_pe66.oe66 (.text:ti_sysbios_gates_GateHwi_Object__delete__S)
                  0080ae80    00000040     clock_pe66.oe66 (.text:ti_sysbios_gates_GateMutex_Handle__label__S)
                  0080aec0    00000040     sysbios.ae66 : BIOS.obj (.text:ti_sysbios_gates_GateMutex_Instance_init__E)
                  0080af00    00000040                  : BIOS.obj (.text:ti_sysbios_gates_GateMutex_leave__E)
                  0080af40    00000040     clock_pe66.oe66 (.text:ti_sysbios_heaps_HeapMem_Handle__label__S)
                  0080af80    00000040     clock_pe66.oe66 (.text:ti_sysbios_heaps_HeapMem_Object__delete__S)
                  0080afc0    00000040     clock_pe66.oe66 (.text:ti_sysbios_heaps_HeapMem_Object__get__S)
                  0080b000    00000040     clock_pe66.oe66 (.text:ti_sysbios_knl_Semaphore_Object__destruct__S)
                  0080b040    00000040     clock_pe66.oe66 (.text:ti_sysbios_knl_Swi_Object__get__S)
                  0080b080    00000040     clock_pe66.oe66 (.text:ti_sysbios_knl_Task_Object__get__S)
                  0080b0c0    00000040     ti.targets.rts6000.ae66 : Error.oe66 (.text:xdc_runtime_Error_check__E)
                  0080b100    00000040                             : Error.oe66 (.text:xdc_runtime_Error_init__E)
                  0080b140    00000040     clock_pe66.oe66 (.text:xdc_runtime_LoggerBuf_Handle__label__S)
                  0080b180    00000040     ti.targets.rts6000.ae66 : LoggerBuf.oe66 (.text:xdc_runtime_LoggerBuf_Instance_finalize__E)
                  0080b1c0    00000040     clock_pe66.oe66 (.text:xdc_runtime_LoggerBuf_Object__get__S)
                  0080b200    00000040     ti.targets.rts6000.ae66 : LoggerBuf.oe66 (.text:xdc_runtime_LoggerBuf_reset__E)
                  0080b240    00000040                             : LoggerBuf.oe66 (.text:xdc_runtime_LoggerBuf_write0__E)
                  0080b280    00000040                             : Memory.oe66 (.text:xdc_runtime_Memory_free__E)
                  0080b2c0    00000040                             : Registry.oe66 (.text:xdc_runtime_Registry_findById__E)
                  0080b300    00000040                             : System.oe66 (.text:xdc_runtime_System_abort__E)
                  0080b340    00000040     clock_pe66.oe66 (.text:xdc_runtime_System_aprintf__E)
                  0080b380    00000040     ti.targets.rts6000.ae66 : System.oe66 (.text:xdc_runtime_System_exit__E)
                  0080b3c0    00000040     clock_pe66.oe66 (.text:xdc_runtime_System_printf__E)
                  0080b400    00000040     ti.targets.rts6000.ae66 : Text.oe66 (.text:xdc_runtime_Text_ropeText__E)
                  0080b440    00000020                             : LoggerBuf.oe66 (.text:LoggerBuf_instanceStartup)
                  0080b460    00000020                             : xdc_noinit.oe66 (.text:__xdc__init)
                  0080b480    00000020     rts6600_elf.lib : _lock.obj (.text:_nop)
                  0080b4a0    00000020                     : _lock.obj (.text:_register_lock)
                  0080b4c0    00000020                     : _lock.obj (.text:_register_unlock)
                  0080b4e0    00000020     sysbios.ae66 : c62_TaskSupport_asm.obj (.text:_ti_sysbios_family_c62_TaskSupport_glue)
                  0080b500    00000020     rts6600_elf.lib : exit.obj (.text:abort)
                  0080b520    00000020                     : copy_decompress_none.obj (.text:decompress:none:__TI_decompress_none)
                  0080b540    00000020                     : copy_decompress_rle.obj (.text:decompress:rle24:__TI_decompress_rle24)
                  0080b560    00000020     clock_pe66.oe66 (.text:ti_sysbios_BIOS_RtsGateProxy_enter__E)
                  0080b580    00000020     clock_pe66.oe66 (.text:ti_sysbios_BIOS_RtsGateProxy_leave__E)
                  0080b5a0    00000020     clock_pe66.oe66 (.text:ti_sysbios_BIOS_nullFunc__I)
                  0080b5c0    00000020     sysbios.ae66 : BIOS.obj (.text:ti_sysbios_BIOS_setThreadType__E)
                  0080b5e0    00000020     clock_pe66.oe66 (.text:ti_sysbios_family_c62_TaskSupport_Module__startupDone__S)
                  0080b600    00000020     sysbios.ae66 : BIOS.obj (.text:ti_sysbios_family_c62_TaskSupport_checkStack__E)
                  0080b620    00000020     clock_pe66.oe66 (.text:ti_sysbios_family_c64p_Hwi_Module__startupDone__F)
                  0080b640    00000020     sysbios.ae66 : BIOS.obj (.text:ti_sysbios_family_c64p_Hwi_clearInterrupt__E)
                  0080b660    00000020                  : BIOS.obj (.text:ti_sysbios_family_c64p_Hwi_startup__E)
                  0080b680    00000020                  : BIOS.obj (.text:ti_sysbios_family_c64p_Hwi_switchFromBootStack__E)
                  0080b6a0    00000020                  : BIOS.obj (.text:ti_sysbios_family_c64p_TimestampProvider_Module_startup__E)
                  0080b6c0    00000020                  : BIOS.obj (.text:ti_sysbios_family_c64p_TimestampProvider_get32__E)
                  0080b6e0    00000020                  : BIOS.obj (.text:ti_sysbios_family_c64p_TimestampProvider_get64__E)
                  0080b700    00000020                  : BIOS.obj (.text:ti_sysbios_family_c64p_tci6488_TimerSupport_enable__E)
                  0080b720    00000020                  : BIOS.obj (.text:ti_sysbios_gates_GateHwi_Instance_init__E)
                  0080b740    00000020                  : BIOS.obj (.text:ti_sysbios_gates_GateHwi_enter__E)
                  0080b760    00000020                  : BIOS.obj (.text:ti_sysbios_gates_GateHwi_leave__E)
                  0080b780    00000020                  : BIOS.obj (.text:ti_sysbios_gates_GateHwi_query__E)
                  0080b7a0    00000020                  : BIOS.obj (.text:ti_sysbios_gates_GateMutex_Instance_finalize__E)
                  0080b7c0    00000020                  : BIOS.obj (.text:ti_sysbios_gates_GateMutex_query__E)
                  0080b7e0    00000020     clock_pe66.oe66 (.text:ti_sysbios_hal_Hwi_HwiProxy_Module__startupDone__S)
                  0080b800    00000020     sysbios.ae66 : BIOS.obj (.text:ti_sysbios_hal_Hwi_Module_startup__E)
                  0080b820    00000020     clock_pe66.oe66 (.text:ti_sysbios_heaps_HeapMem_Module_GateProxy_enter__E)
                  0080b840    00000020     clock_pe66.oe66 (.text:ti_sysbios_heaps_HeapMem_Module_GateProxy_leave__E)
                  0080b860    00000020     sysbios.ae66 : BIOS.obj (.text:ti_sysbios_heaps_HeapMem_isBlocking__E)
                  0080b880    00000020     clock_pe66.oe66 (.text:ti_sysbios_knl_Clock_TimerProxy_Module__startupDone__S)
                  0080b8a0    00000020     clock_pe66.oe66 (.text:ti_sysbios_knl_Clock_TimerProxy_getMaxTicks__E)
                  0080b8c0    00000020     sysbios.ae66 : BIOS.obj (.text:ti_sysbios_knl_Idle_loop__E)
                  0080b8e0    00000020                  : BIOS.obj (.text:ti_sysbios_knl_Queue_Instance_init__E)
                  0080b900    00000020     clock_pe66.oe66 (.text:ti_sysbios_knl_Queue_Object__destruct__S)
                  0080b920    00000020     clock_pe66.oe66 (.text:ti_sysbios_knl_Queue_Object__get__S)
                  0080b940    00000020     clock_pe66.oe66 (.text:ti_sysbios_knl_Queue_destruct)
                  0080b960    00000020     sysbios.ae66 : BIOS.obj (.text:ti_sysbios_knl_Queue_empty__E)
                  0080b980    00000020                  : BIOS.obj (.text:ti_sysbios_knl_Semaphore_Instance_finalize__E)
                  0080b9a0    00000020     clock_pe66.oe66 (.text:ti_sysbios_knl_Semaphore_destruct)
                  0080b9c0    00000020     sysbios.ae66 : BIOS.obj (.text:ti_sysbios_knl_Swi_disable__E)
                  0080b9e0    00000020     clock_pe66.oe66 (.text:ti_sysbios_knl_Task_SupportProxy_Module__startupDone__S)
                  0080ba00    00000020     sysbios.ae66 : BIOS.obj (.text:ti_sysbios_knl_Task_disable__E)
                  0080ba20    00000020                  : BIOS.obj (.text:ti_sysbios_knl_Task_startup__E)
                  0080ba40    00000020     clock_pe66.oe66 (.text:ti_sysbios_timers_timer64_Timer_Module__startupDone__F)
                  0080ba60    00000020     sysbios.ae66 : BIOS.obj (.text:ti_sysbios_timers_timer64_Timer_getMaxTicks__E)
                  0080ba80    00000020     ti.targets.rts6000.ae66 : Error.oe66 (.text:xdc_runtime_Error_getSite__E)
                  0080baa0    00000020                             : Error.oe66 (.text:xdc_runtime_Error_raiseX__E)
                  0080bac0    00000020                             : Gate.oe66 (.text:xdc_runtime_Gate_enterSystem__E)
                  0080bae0    00000020                             : Gate.oe66 (.text:xdc_runtime_Gate_leaveSystem__E)
                  0080bb00    00000020     clock_pe66.oe66 (.text:xdc_runtime_IHeap_alloc)
                  0080bb20    00000020     clock_pe66.oe66 (.text:xdc_runtime_IHeap_free)
                  0080bb40    00000020     clock_pe66.oe66 (.text:xdc_runtime_LoggerBuf_Module_GateProxy_enter__E)
                  0080bb60    00000020     clock_pe66.oe66 (.text:xdc_runtime_LoggerBuf_Module_GateProxy_leave__E)
                  0080bb80    00000020     ti.targets.rts6000.ae66 : LoggerBuf.oe66 (.text:xdc_runtime_LoggerBuf_disable__E)
                  0080bba0    00000020                             : LoggerBuf.oe66 (.text:xdc_runtime_LoggerBuf_enable__E)
                  0080bbc0    00000020                             : LoggerBuf.oe66 (.text:xdc_runtime_LoggerBuf_write1__E)
                  0080bbe0    00000020                             : LoggerBuf.oe66 (.text:xdc_runtime_LoggerBuf_write2__E)
                  0080bc00    00000020     clock_pe66.oe66 (.text:xdc_runtime_Memory_HeapProxy_alloc__E)
                  0080bc20    00000020     clock_pe66.oe66 (.text:xdc_runtime_Memory_HeapProxy_free__E)
                  0080bc40    00000020     ti.targets.rts6000.ae66 : Memory.oe66 (.text:xdc_runtime_Memory_calloc__E)
                  0080bc60    00000020                             : Memory.oe66 (.text:xdc_runtime_Memory_getMaxDefaultTypeAlign__E)
                  0080bc80    00000020     clock_pe66.oe66 (.text:xdc_runtime_Startup_exec__I)
                  0080bca0    00000020     clock_pe66.oe66 (.text:xdc_runtime_Startup_reset__I)
                  0080bcc0    00000020     ti.targets.rts6000.ae66 : SysMin.oe66 (.text:xdc_runtime_SysMin_ready__E)
                  0080bce0    00000020     clock_pe66.oe66 (.text:xdc_runtime_System_Module_GateProxy_enter__E)
                  0080bd00    00000020     clock_pe66.oe66 (.text:xdc_runtime_System_Module_GateProxy_leave__E)
                  0080bd20    00000020     ti.targets.rts6000.ae66 : System.oe66 (.text:xdc_runtime_System_Module_startup__E)
                  0080bd40    00000020                             : System.oe66 (.text:xdc_runtime_System_aprintf_va__F)
                  0080bd60    00000020                             : System.oe66 (.text:xdc_runtime_System_printf_va__F)
                  0080bd80    00000020                             : System.oe66 (.text:xdc_runtime_System_vsnprintf__E)
                  0080bda0    00000020     clock_pe66.oe66 (.text:xdc_runtime_Text_visitRope__I)

.far       0    0080bdc0    00007008     UNINITIALIZED
                  0080bdc0    00002000     (.common:ti_sysbios_heaps_HeapMem_Instance_State_0_buf__A)
                  0080ddc0    00000800     (.common:buffer0)
                  0080e5c0    00000800     (.common:buffer1)
                  0080edc0    00000800     (.common:buffer2)
                  0080f5c0    00000800     (.common:buffer3)
                  0080fdc0    00000800     (.common:buffer4)
                  008105c0    00000800     (.common:buffer5)
                  00810dc0    00000800     (.common:buffer6)
                  008115c0    00000800     (.common:buffer7)
                  00811dc0    00000800     clock_pe66.oe66 (.far:taskStackSection)
                  008125c0    00000400     (.common:xdc_runtime_LoggerBuf_Instance_State_0_entryArr__A)
                  008129c0    00000400     (.common:xdc_runtime_SysMin_Module_State_0_outbuf__A)
                  00812dc0    00000008     (.common:parmbuf)

.const     0    00812dc8    000026a4     
                  00812dc8    000015ee     clock_pe66.oe66 (.const:xdc_runtime_Text_charTab__A)
                  008143b6    00000002     clock_pe66.oe66 (.const:ti_sysbios_family_c64p_Exception_Module__id__C)
                  008143b8    00000518     sysbios.ae66 : BIOS.obj (.const:.string)
                  008148d0    00000400     clock_pe66.oe66 (.const:ti_sysbios_family_c66_Cache_marvalues__C)
                  00814cd0    000000c8     main.obj (.const:.string)
                  00814d98    000000c8     clock_pe66.oe66 (.const:xdc_runtime_Text_nodeTab__A)
                  00814e60    00000058     ti.targets.rts6000.ae66 : Error.oe66 (.const:.string)
                  00814eb8    00000048     clock_pe66.oe66 (.const:.string)
                  00814f00    00000040     ti.targets.rts6000.ae66 : Text.oe66 (.const:.string)
                  00814f40    0000003c     clock_pe66.oe66 (.const:xdc_runtime_LoggerBuf_Module__FXNS__C)
                  00814f7c    00000004     ti.targets.rts6000.ae66 : Assert.oe66 (.const:.string)
                  00814f80    00000030     clock_pe66.oe66 (.const:xdc_runtime_Startup_sfxnTab__A)
                  00814fb0    0000002c     ti.targets.rts6000.ae66 : Startup.oe66 (.const:.string)
                  00814fdc    00000028     clock_pe66.oe66 (.const:ti_sysbios_heaps_HeapMem_Module__FXNS__C)
                  00815004    00000028     clock_pe66.oe66 (.const:xdc_runtime_LoggerBuf_Object__PARAMS__C)
                  0081502c    00000024     clock_pe66.oe66 (.const:ti_sysbios_gates_GateHwi_Module__FXNS__C)
                  00815050    00000024     clock_pe66.oe66 (.const:ti_sysbios_gates_GateMutex_Module__FXNS__C)
                  00815074    00000024     clock_pe66.oe66 (.const:ti_sysbios_heaps_HeapMem_Object__PARAMS__C)
                  00815098    00000024     clock_pe66.oe66 (.const:ti_sysbios_knl_Semaphore_Object__PARAMS__C)
                  008150bc    00000020     clock_pe66.oe66 (.const:ti_sysbios_gates_GateHwi_Object__DESC__C)
                  008150dc    00000020     clock_pe66.oe66 (.const:ti_sysbios_gates_GateMutex_Object__DESC__C)
                  008150fc    00000020     clock_pe66.oe66 (.const:ti_sysbios_heaps_HeapMem_Object__DESC__C)
                  0081511c    00000020     clock_pe66.oe66 (.const:ti_sysbios_knl_Queue_Object__DESC__C)
                  0081513c    00000020     clock_pe66.oe66 (.const:ti_sysbios_knl_Semaphore_Object__DESC__C)
                  0081515c    00000020     clock_pe66.oe66 (.const:xdc_runtime_LoggerBuf_Object__DESC__C)
                  0081517c    00000018     clock_pe66.oe66 (.const:ti_sysbios_gates_GateHwi_Object__PARAMS__C)
                  00815194    00000018     clock_pe66.oe66 (.const:ti_sysbios_gates_GateMutex_Object__PARAMS__C)
                  008151ac    00000018     clock_pe66.oe66 (.const:ti_sysbios_knl_Queue_Object__PARAMS__C)
                  008151c4    00000004     clock_pe66.oe66 (.const:ti_sysbios_family_c64p_Exception_E_exceptionMax__C)
                  008151c8    00000018     clock_pe66.oe66 (.const:xdc_runtime_Startup_sfxnRts__A)
                  008151e0    00000011     ti.targets.rts6000.ae66 : System.oe66 (.const:.string:digtohex)
                  008151f1    00000001     clock_pe66.oe66 (.const:ti_sysbios_timers_timer64_Timer_localTimerBaseId__C)
                  008151f2    00000002     clock_pe66.oe66 (.const:ti_sysbios_family_c64p_Exception_useInternalBuffer__C)
                  008151f4    0000000c     clock_pe66.oe66 (.const:ti_sysbios_family_c66_Cache_initSize__C)
                  00815200    00000008     ti.targets.rts6000.ae66 : System.oe66 (.const:.string)
                  00815208    00000008     clock_pe66.oe66 (.const:ti_sysbios_knl_Idle_funcList__C)
                  00815210    00000008     clock_pe66.oe66 (.const:xdc_runtime_Startup_firstFxns__A)
                  00815218    00000008     clock_pe66.oe66 (.const:xdc_runtime_Startup_firstFxns__C)
                  00815220    00000008     clock_pe66.oe66 (.const:xdc_runtime_Startup_lastFxns__C)
                  00815228    00000004     clock_pe66.oe66 (.const:ti_sysbios_family_c64p_Exception_exceptionHook__C)
                  0081522c    00000004     clock_pe66.oe66 (.const:ti_sysbios_family_c64p_Exception_externalHook__C)
                  00815230    00000004     clock_pe66.oe66 (.const:ti_sysbios_family_c64p_Exception_internalHook__C)
                  00815234    00000004     clock_pe66.oe66 (.const:ti_sysbios_family_c64p_Exception_nmiHook__C)
                  00815238    00000004     clock_pe66.oe66 (.const:ti_sysbios_family_c64p_Hwi_LD_end__C)
                  0081523c    00000004     clock_pe66.oe66 (.const:ti_sysbios_family_c64p_Hwi_LM_begin__C)
                  00815240    00000004     clock_pe66.oe66 (.const:ti_sysbios_family_c64p_Hwi_Module__diagsEnabled__C)
                  00815244    00000004     clock_pe66.oe66 (.const:ti_sysbios_family_c64p_Hwi_Module__diagsIncluded__C)
                  00815248    00000004     clock_pe66.oe66 (.const:ti_sysbios_family_c64p_Hwi_Module__diagsMask__C)
                  0081524c    00000004     clock_pe66.oe66 (.const:ti_sysbios_family_c64p_Hwi_Module__loggerFxn1__C)
                  00815250    00000004     clock_pe66.oe66 (.const:ti_sysbios_family_c64p_Hwi_Module__loggerFxn8__C)
                  00815254    00000004     clock_pe66.oe66 (.const:ti_sysbios_family_c64p_Hwi_Module__loggerObj__C)
                  00815258    00000004     clock_pe66.oe66 (.const:ti_sysbios_gates_GateMutex_A_badContext__C)
                  0081525c    00000004     clock_pe66.oe66 (.const:ti_sysbios_gates_GateMutex_Instance_State_sem__O)
                  00815260    00000004     clock_pe66.oe66 (.const:ti_sysbios_gates_GateMutex_Module__diagsEnabled__C)
                  00815264    00000004     clock_pe66.oe66 (.const:ti_sysbios_gates_GateMutex_Module__diagsIncluded__C)
                  00815268    00000004     clock_pe66.oe66 (.const:ti_sysbios_gates_GateMutex_Module__diagsMask__C)
                  0081526c    00000004     clock_pe66.oe66 (.const:ti_sysbios_hal_Hwi_E_stackOverflow__C)
                  00815270    00000004     clock_pe66.oe66 (.const:ti_sysbios_heaps_HeapMem_A_align__C)
                  00815274    00000004     clock_pe66.oe66 (.const:ti_sysbios_heaps_HeapMem_A_heapSize__C)
                  00815278    00000004     clock_pe66.oe66 (.const:ti_sysbios_heaps_HeapMem_A_invalidFree__C)
                  0081527c    00000004     clock_pe66.oe66 (.const:ti_sysbios_heaps_HeapMem_A_zeroBlock__C)
                  00815280    00000004     clock_pe66.oe66 (.const:ti_sysbios_heaps_HeapMem_E_memory__C)
                  00815284    00000004     clock_pe66.oe66 (.const:ti_sysbios_heaps_HeapMem_Module__diagsEnabled__C)
                  00815288    00000004     clock_pe66.oe66 (.const:ti_sysbios_heaps_HeapMem_Module__diagsIncluded__C)
                  0081528c    00000004     clock_pe66.oe66 (.const:ti_sysbios_heaps_HeapMem_Module__diagsMask__C)
                  00815290    00000004     clock_pe66.oe66 (.const:ti_sysbios_heaps_HeapMem_Module__gateObj__C)
                  00815294    00000004     clock_pe66.oe66 (.const:ti_sysbios_heaps_HeapMem_Object__count__C)
                  00815298    00000004     clock_pe66.oe66 (.const:ti_sysbios_heaps_HeapMem_reqAlign__C)
                  0081529c    00000004     clock_pe66.oe66 (.const:ti_sysbios_knl_Clock_LM_begin__C)
                  008152a0    00000004     clock_pe66.oe66 (.const:ti_sysbios_knl_Clock_LM_tick__C)
                  008152a4    00000004     clock_pe66.oe66 (.const:ti_sysbios_knl_Clock_LW_delayed__C)
                  008152a8    00000004     clock_pe66.oe66 (.const:ti_sysbios_knl_Clock_Module_State_clockQ__O)
                  008152ac    00000004     clock_pe66.oe66 (.const:ti_sysbios_knl_Clock_Module__diagsEnabled__C)
                  008152b0    00000004     clock_pe66.oe66 (.const:ti_sysbios_knl_Clock_Module__diagsIncluded__C)
                  008152b4    00000004     clock_pe66.oe66 (.const:ti_sysbios_knl_Clock_Module__diagsMask__C)
                  008152b8    00000004     clock_pe66.oe66 (.const:ti_sysbios_knl_Clock_Module__loggerFxn1__C)
                  008152bc    00000004     clock_pe66.oe66 (.const:ti_sysbios_knl_Clock_Module__loggerFxn2__C)
                  008152c0    00000004     clock_pe66.oe66 (.const:ti_sysbios_knl_Clock_Module__loggerObj__C)
                  008152c4    00000004     clock_pe66.oe66 (.const:ti_sysbios_knl_Semaphore_A_badContext__C)
                  008152c8    00000004     clock_pe66.oe66 (.const:ti_sysbios_knl_Idle_funcList__A)
                  008152cc    00000004     clock_pe66.oe66 (.const:ti_sysbios_knl_Semaphore_A_noEvents__C)
                  008152d0    00000004     clock_pe66.oe66 (.const:ti_sysbios_knl_Semaphore_A_overflow__C)
                  008152d4    00000004     clock_pe66.oe66 (.const:ti_sysbios_knl_Semaphore_A_pendTaskDisabled__C)
                  008152d8    00000004     clock_pe66.oe66 (.const:ti_sysbios_knl_Semaphore_Instance_State_pendQ__O)
                  008152dc    00000004     clock_pe66.oe66 (.const:ti_sysbios_knl_Semaphore_LM_pend__C)
                  008152e0    00000004     clock_pe66.oe66 (.const:ti_sysbios_knl_Semaphore_LM_post__C)
                  008152e4    00000004     clock_pe66.oe66 (.const:ti_sysbios_knl_Semaphore_Module__diagsEnabled__C)
                  008152e8    00000004     clock_pe66.oe66 (.const:ti_sysbios_knl_Semaphore_Module__diagsIncluded__C)
                  008152ec    00000004     clock_pe66.oe66 (.const:ti_sysbios_knl_Semaphore_Module__diagsMask__C)
                  008152f0    00000004     clock_pe66.oe66 (.const:ti_sysbios_knl_Semaphore_Module__loggerFxn2__C)
                  008152f4    00000004     clock_pe66.oe66 (.const:ti_sysbios_knl_Semaphore_Module__loggerFxn4__C)
                  008152f8    00000004     clock_pe66.oe66 (.const:ti_sysbios_knl_Semaphore_Module__loggerObj__C)
                  008152fc    00000004     clock_pe66.oe66 (.const:ti_sysbios_knl_Swi_LD_end__C)
                  00815300    00000004     clock_pe66.oe66 (.const:ti_sysbios_knl_Swi_LM_begin__C)
                  00815304    00000004     clock_pe66.oe66 (.const:ti_sysbios_knl_Swi_LM_post__C)
                  00815308    00000004     clock_pe66.oe66 (.const:ti_sysbios_knl_Swi_Module__diagsEnabled__C)
                  0081530c    00000004     clock_pe66.oe66 (.const:ti_sysbios_knl_Swi_Module__diagsIncluded__C)
                  00815310    00000004     clock_pe66.oe66 (.const:ti_sysbios_knl_Swi_Module__diagsMask__C)
                  00815314    00000004     clock_pe66.oe66 (.const:ti_sysbios_knl_Swi_Module__loggerFxn1__C)
                  00815318    00000004     clock_pe66.oe66 (.const:ti_sysbios_knl_Swi_Module__loggerFxn4__C)
                  0081531c    00000004     clock_pe66.oe66 (.const:ti_sysbios_knl_Swi_Module__loggerObj__C)
                  00815320    00000004     clock_pe66.oe66 (.const:ti_sysbios_knl_Swi_Object__count__C)
                  00815324    00000004     clock_pe66.oe66 (.const:ti_sysbios_knl_Task_E_spOutOfBounds__C)
                  00815328    00000004     clock_pe66.oe66 (.const:ti_sysbios_knl_Task_E_stackOverflow__C)
                  0081532c    00000004     clock_pe66.oe66 (.const:ti_sysbios_knl_Task_LD_block__C)
                  00815330    00000004     clock_pe66.oe66 (.const:ti_sysbios_knl_Task_LD_exit__C)
                  00815334    00000004     clock_pe66.oe66 (.const:ti_sysbios_knl_Task_LD_ready__C)
                  00815338    00000004     clock_pe66.oe66 (.const:ti_sysbios_knl_Task_LM_switch__C)
                  0081533c    00000004     clock_pe66.oe66 (.const:ti_sysbios_knl_Task_Module_State_inactiveQ__O)
                  00815340    00000004     clock_pe66.oe66 (.const:ti_sysbios_knl_Task_Module__diagsEnabled__C)
                  00815344    00000004     clock_pe66.oe66 (.const:ti_sysbios_knl_Task_Module__diagsIncluded__C)
                  00815348    00000004     clock_pe66.oe66 (.const:ti_sysbios_knl_Task_Module__diagsMask__C)
                  0081534c    00000004     clock_pe66.oe66 (.const:ti_sysbios_knl_Task_Module__loggerFxn2__C)
                  00815350    00000004     clock_pe66.oe66 (.const:ti_sysbios_knl_Task_Module__loggerFxn4__C)
                  00815354    00000004     clock_pe66.oe66 (.const:ti_sysbios_knl_Task_Module__loggerObj__C)
                  00815358    00000004     clock_pe66.oe66 (.const:ti_sysbios_knl_Task_Object__count__C)
                  0081535c    00000004     clock_pe66.oe66 (.const:ti_sysbios_knl_Task_allBlockedFunc__C)
                  00815360    00000004     clock_pe66.oe66 (.const:ti_sysbios_knl_Task_numConstructedTasks__C)
                  00815364    00000004     clock_pe66.oe66 (.const:ti_sysbios_timers_timer64_Timer_A_notAvailable__C)
                  00815368    00000004     clock_pe66.oe66 (.const:ti_sysbios_timers_timer64_Timer_E_cannotSupport__C)
                  0081536c    00000004     clock_pe66.oe66 (.const:ti_sysbios_timers_timer64_Timer_Module__diagsEnabled__C)
                  00815370    00000004     clock_pe66.oe66 (.const:ti_sysbios_timers_timer64_Timer_Module__diagsIncluded__C)
                  00815374    00000004     clock_pe66.oe66 (.const:ti_sysbios_timers_timer64_Timer_Module__diagsMask__C)
                  00815378    00000004     clock_pe66.oe66 (.const:ti_sysbios_timers_timer64_Timer_anyMaskHigh__C)
                  0081537c    00000004     clock_pe66.oe66 (.const:ti_sysbios_timers_timer64_Timer_anyMask__C)
                  00815380    00000004     clock_pe66.oe66 (.const:ti_sysbios_timers_timer64_Timer_freqDivisor__C)
                  00815384    00000004     clock_pe66.oe66 (.const:ti_sysbios_timers_timer64_Timer_numLocalTimers__C)
                  00815388    00000004     clock_pe66.oe66 (.const:ti_sysbios_timers_timer64_Timer_numTimerDevices__C)
                  0081538c    00000004     clock_pe66.oe66 (.const:xdc_runtime_Assert_E_assertFailed__C)
                  00815390    00000004     clock_pe66.oe66 (.const:xdc_runtime_Core_A_initializedParams__C)
                  00815394    00000004     clock_pe66.oe66 (.const:xdc_runtime_Core_Module__diagsEnabled__C)
                  00815398    00000004     clock_pe66.oe66 (.const:xdc_runtime_Core_Module__diagsIncluded__C)
                  0081539c    00000004     clock_pe66.oe66 (.const:xdc_runtime_Core_Module__diagsMask__C)
                  008153a0    00000004     clock_pe66.oe66 (.const:xdc_runtime_Error_E_memory__C)
                  008153a4    00000004     clock_pe66.oe66 (.const:xdc_runtime_Error_Module__diagsEnabled__C)
                  008153a8    00000004     clock_pe66.oe66 (.const:xdc_runtime_Error_Module__diagsIncluded__C)
                  008153ac    00000004     clock_pe66.oe66 (.const:xdc_runtime_Error_Module__diagsMask__C)
                  008153b0    00000004     clock_pe66.oe66 (.const:xdc_runtime_Error_Module__loggerFxn8__C)
                  008153b4    00000004     clock_pe66.oe66 (.const:xdc_runtime_Error_Module__loggerObj__C)
                  008153b8    00000004     clock_pe66.oe66 (.const:xdc_runtime_Error_policyFxn__C)
                  008153bc    00000004     clock_pe66.oe66 (.const:xdc_runtime_Error_policy__C)
                  008153c0    00000004     clock_pe66.oe66 (.const:xdc_runtime_Error_raiseHook__C)
                  008153c4    00000004     clock_pe66.oe66 (.const:xdc_runtime_IFilterLogger_Interface__BASE__C)
                  008153c8    00000004     clock_pe66.oe66 (.const:xdc_runtime_IGateProvider_Interface__BASE__C)
                  008153cc    00000004     clock_pe66.oe66 (.const:xdc_runtime_IHeap_Interface__BASE__C)
                  008153d0    00000004     clock_pe66.oe66 (.const:xdc_runtime_ILogger_Interface__BASE__C)
                  008153d4    00000004     clock_pe66.oe66 (.const:xdc_runtime_IModule_Interface__BASE__C)
                  008153d8    00000004     clock_pe66.oe66 (.const:xdc_runtime_Log_L_error__C)
                  008153dc    00000004     clock_pe66.oe66 (.const:xdc_runtime_LoggerBuf_E_badLevel__C)
                  008153e0    00000004     clock_pe66.oe66 (.const:xdc_runtime_LoggerBuf_Module__gateObj__C)
                  008153e4    00000004     clock_pe66.oe66 (.const:xdc_runtime_LoggerBuf_Object__count__C)
                  008153e8    00000004     clock_pe66.oe66 (.const:xdc_runtime_LoggerBuf_statusLogger__C)
                  008153ec    00000004     clock_pe66.oe66 (.const:xdc_runtime_Memory_defaultHeapInstance__C)
                  008153f0    00000004     clock_pe66.oe66 (.const:xdc_runtime_Startup_execImpl__C)
                  008153f4    00000004     clock_pe66.oe66 (.const:xdc_runtime_Startup_maxPasses__C)
                  008153f8    00000004     clock_pe66.oe66 (.const:xdc_runtime_Startup_sfxnRts__C)
                  008153fc    00000004     clock_pe66.oe66 (.const:xdc_runtime_Startup_sfxnTab__C)
                  00815400    00000004     clock_pe66.oe66 (.const:xdc_runtime_SysMin_bufSize__C)
                  00815404    00000004     clock_pe66.oe66 (.const:xdc_runtime_SysMin_outputFunc__C)
                  00815408    00000004     clock_pe66.oe66 (.const:xdc_runtime_System_Module__gateObj__C)
                  0081540c    00000004     clock_pe66.oe66 (.const:xdc_runtime_System_abortFxn__C)
                  00815410    00000004     clock_pe66.oe66 (.const:xdc_runtime_System_exitFxn__C)
                  00815414    00000004     clock_pe66.oe66 (.const:xdc_runtime_System_extendFxn__C)
                  00815418    00000004     clock_pe66.oe66 (.const:xdc_runtime_System_maxAtexitHandlers__C)
                  0081541c    00000004     clock_pe66.oe66 (.const:xdc_runtime_Text_charTab__C)
                  00815420    00000004     clock_pe66.oe66 (.const:xdc_runtime_Text_nameEmpty__C)
                  00815424    00000004     clock_pe66.oe66 (.const:xdc_runtime_Text_nameStatic__C)
                  00815428    00000004     clock_pe66.oe66 (.const:xdc_runtime_Text_nameUnknown__C)
                  0081542c    00000004     clock_pe66.oe66 (.const:xdc_runtime_Text_nodeTab__C)
                  00815430    00000004     clock_pe66.oe66 (.const:xdc_runtime_Text_visitRopeFxn__C)
                  00815434    00000002     clock_pe66.oe66 (.const:ti_sysbios_family_c64p_Hwi_Module__id__C)
                  00815436    00000002     clock_pe66.oe66 (.const:ti_sysbios_family_c64p_Hwi_Module__loggerDefined__C)
                  00815438    00000002     clock_pe66.oe66 (.const:ti_sysbios_gates_GateMutex_Module__id__C)
                  0081543a    00000002     clock_pe66.oe66 (.const:ti_sysbios_hal_Hwi_Module__id__C)
                  0081543c    00000002     clock_pe66.oe66 (.const:ti_sysbios_heaps_HeapMem_Module__id__C)
                  0081543e    00000002     clock_pe66.oe66 (.const:ti_sysbios_knl_Clock_Module__id__C)
                  00815440    00000002     clock_pe66.oe66 (.const:ti_sysbios_knl_Clock_Module__loggerDefined__C)
                  00815442    00000002     clock_pe66.oe66 (.const:ti_sysbios_knl_Semaphore_Module__id__C)
                  00815444    00000002     clock_pe66.oe66 (.const:ti_sysbios_knl_Semaphore_Module__loggerDefined__C)
                  00815446    00000002     clock_pe66.oe66 (.const:ti_sysbios_knl_Swi_Module__id__C)
                  00815448    00000002     clock_pe66.oe66 (.const:ti_sysbios_knl_Swi_Module__loggerDefined__C)
                  0081544a    00000002     clock_pe66.oe66 (.const:ti_sysbios_knl_Task_Module__id__C)
                  0081544c    00000002     clock_pe66.oe66 (.const:ti_sysbios_knl_Task_Module__loggerDefined__C)
                  0081544e    00000002     clock_pe66.oe66 (.const:ti_sysbios_knl_Task_initStackFlag__C)
                  00815450    00000002     clock_pe66.oe66 (.const:ti_sysbios_timers_timer64_Timer_Module__id__C)
                  00815452    00000002     clock_pe66.oe66 (.const:ti_sysbios_timers_timer64_Timer_startupNeeded__C)
                  00815454    00000002     clock_pe66.oe66 (.const:ti_sysbios_timers_timer64_Timer_useTimer64pRegMap__C)
                  00815456    00000002     clock_pe66.oe66 (.const:xdc_runtime_Core_Module__id__C)
                  00815458    00000002     clock_pe66.oe66 (.const:xdc_runtime_Error_Module__loggerDefined__C)
                  0081545a    00000002     clock_pe66.oe66 (.const:xdc_runtime_Error_maxDepth__C)
                  0081545c    00000002     clock_pe66.oe66 (.const:xdc_runtime_LoggerBuf_Module__id__C)
                  0081545e    00000002     clock_pe66.oe66 (.const:xdc_runtime_LoggerBuf_filterByLevel__C)
                  00815460    00000002     clock_pe66.oe66 (.const:xdc_runtime_Memory_Module__id__C)
                  00815462    00000002     clock_pe66.oe66 (.const:xdc_runtime_SysMin_flushAtExit__C)
                  00815464    00000002     clock_pe66.oe66 (.const:xdc_runtime_Text_charCnt__C)
                  00815466    00000002     clock_pe66.oe66 (.const:xdc_runtime_Text_isLoaded__C)
                  00815468    00000002     clock_pe66.oe66 (.const:xdc_runtime_Text_registryModsLastId__C)
                  0081546a    00000002     clock_pe66.oe66 (.const:xdc_runtime_Text_unnamedModsLastId__C)

.fardata   0    00816470    00000a2c     UNINITIALIZED
                  00816470    00000200     clock_pe66.oe66 (.fardata)
                  00816670    00000180     clock_pe66.oe66 (.fardata:ti_sysbios_timers_timer64_Timer_Module_State_0_device__A)
                  008167f0    000000a0     lowcoefficients.obj (.fardata:coef)
                  00816890    000000a0     main.obj (.fardata:filtbuff1)
                  00816930    000000a0     main.obj (.fardata:filtbuff2)
                  008169d0    00000080     clock_pe66.oe66 (.fardata:ti_sysbios_knl_Swi_Module_State_0_readyQ__A)
                  00816a50    00000080     clock_pe66.oe66 (.fardata:ti_sysbios_knl_Task_Module_State_0_readyQ__A)
                  00816ad0    00000080     clock_pe66.oe66 (.fardata:ti_sysbios_timers_timer64_Timer_Module_State_0_gctrl__A)
                  00816b50    00000080     clock_pe66.oe66 (.fardata:ti_sysbios_timers_timer64_Timer_Module_State_0_handles__A)
                  00816bd0    00000080     clock_pe66.oe66 (.fardata:ti_sysbios_timers_timer64_Timer_Module_State_0_intFreqs__A)
                  00816c50    00000050     clock_pe66.oe66 (.fardata:ti_sysbios_timers_timer64_Timer_Object__table__V)
                  00816ca0    0000004c     clock_pe66.oe66 (.fardata:ti_sysbios_knl_Task_Object__table__V)
                  00816cec    00000004     rts6600_elf.lib : _lock.obj (.fardata:_lock)
                  00816cf0    00000040     clock_pe66.oe66 (.fardata:ti_sysbios_gates_GateMutex_Object__table__V)
                  00816d30    00000030     clock_pe66.oe66 (.fardata:ti_sysbios_knl_Swi_Object__table__V)
                  00816d60    00000024     clock_pe66.oe66 (.fardata:xdc_runtime_LoggerBuf_Object__table__V)
                  00816d84    00000004     rts6600_elf.lib : _lock.obj (.fardata:_unlock)
                  00816d88    00000018     clock_pe66.oe66 (.fardata:ti_sysbios_family_c64p_Hwi_Object__table__V)
                  00816da0    00000018     clock_pe66.oe66 (.fardata:ti_sysbios_heaps_HeapMem_Object__table__V)
                  00816db8    00000010     Adaptive.obj (.fardata:X)
                  00816dc8    00000010     Adaptive_C.obj (.fardata:XC)
                  00816dd8    00000010     Adaptive_Intr.obj (.fardata:XIntr)
                  00816de8    00000010     Adaptive.obj (.fardata:h)
                  00816df8    00000010     Adaptive_C.obj (.fardata:hC)
                  00816e08    00000010     Adaptive_Intr.obj (.fardata:hIntr)
                  00816e18    00000010     main.obj (.fardata:my_pX)
                  00816e28    00000010     main.obj (.fardata:my_pXSA)
                  00816e38    00000010     main.obj (.fardata:my_ph)
                  00816e48    00000010     main.obj (.fardata:my_phSA)
                  00816e58    00000010     clock_pe66.oe66 (.fardata:xdc_runtime_System_Module_State_0_atexitHandlers__A)
                  00816e68    0000000c     rts6600_elf.lib : exit.obj (.fardata)
                  00816e74    00000004     --HOLE--
                  00816e78    00000008     clock_pe66.oe66 (.fardata:ti_sysbios_hal_Hwi_Object__table__V)
                  00816e80    00000006     main.obj (.fardata:y)
                  00816e86    00000002     --HOLE--
                  00816e88    00000006     main.obj (.fardata:z)
                  00816e8e    00000002     --HOLE--
                  00816e90    00000004     clock_pe66.oe66 (.fardata:ti_sysbios_gates_GateHwi_Object__table__V)
                  00816e94    00000004     --HOLE--
                  00816e98    00000004     clock_pe66.oe66 (.fardata:ti_sysbios_knl_Task_Module_State_0_idleTask__A)

.cio       0    00816ea0    00000120     UNINITIALIZED
                  00816ea0    00000120     rts6600_elf.lib : trgmsg.obj (.cio)

.vecs      0    00817000    00000200     
                  00817000    00000200     clock_pe66.oe66 (.vecs)

xdc.meta   0    00800000    000000e8     COPY SECTION
                  00800000    000000e8     clock_pe66.oe66 (xdc.meta)


LINKER GENERATED COPY TABLES

__TI_cinit_table @ 00817818 records: 4, size/record: 8, table size: 32
	.fardata: load addr=00817200, load size=000005eb bytes, run addr=00816470, run size=00000a2c bytes, compression=rle
	.neardata: load addr=008177ec, load size=0000000f bytes, run addr=00816fd0, run size=00000028 bytes, compression=rle
	.bss: load addr=00817808, load size=00000008 bytes, run addr=00816fc0, run size=00000010 bytes, compression=zero_init
	.far: load addr=00817810, load size=00000008 bytes, run addr=0080bdc0, run size=00007008 bytes, compression=zero_init


LINKER GENERATED HANDLER TABLE

__TI_handler_table @ 008177fc records: 3, size/record: 4, table size: 12
	index: 0, handler: __TI_zero_init
	index: 1, handler: __TI_decompress_rle24
	index: 2, handler: __TI_decompress_none


GLOBAL SYMBOLS: SORTED ALPHABETICALLY BY Name 

address   name                                                       
-------   ----                                                       
00816fd2  A                                                          
00816fd4  B                                                          
0080b500  C$$EXIT                                                    
008097e0  C$$IO$$                                                    
00816fe4  E                                                          
00816fec  EC                                                         
00816ff4  EIntr                                                      
00808180  HOSTwrite                                                  
00816fc0  Input_Data                                                 
008087a0  LMS_ASM                                                    
008080a0  LMS_isr10sa                                                
00803aa0  LMS_isrIntr                                                
00806d60  LMS_isrNoOpt                                               
008073a0  LMS_isr_C                                                  
0080b440  LoggerBuf_instanceStartup                                  
00816fc2  Output_Data1                                               
00816fc4  Output_Data2                                               
00816fc6  Output_Data3                                               
00816fc8  Output_Data4                                               
00816fca  Output_Data5                                               
00816fcc  Output_Data6                                               
00816fce  Output_Data7                                               
00816ca0  TSK_idle                                                   
00816db8  X                                                          
00816dc8  XC                                                         
00816dd8  XIntr                                                      
00816fe0  Y                                                          
00816fe8  YC                                                         
00816ff0  YIntr                                                      
00800000  __ASM__                                                    
00816ea0  __CIOBUF_                                                  
00800058  __ISA__                                                    
00800070  __PLAT__                                                   
00800098  __TARG__                                                   
00817818  __TI_CINIT_Base                                            
00817838  __TI_CINIT_Limit                                           
008177fc  __TI_Handler_Table_Base                                    
00817808  __TI_Handler_Table_Limit                                   
UNDEFED   __TI_INITARRAY_Base                                        
UNDEFED   __TI_INITARRAY_Limit                                       
00816470  __TI_STACK_END                                             
00001000  __TI_STACK_SIZE                                            
00816fc0  __TI_STATIC_BASE                                           
00000001  __TI_args_main                                             
00816e68  __TI_cleanup_ptr                                           
0080b520  __TI_decompress_none                                       
0080b540  __TI_decompress_rle24                                      
00816e6c  __TI_dtors_ptr                                             
00816e70  __TI_enable_exit_profile_output                            
ffffffff  __TI_pprof_out_hndl                                        
ffffffff  __TI_prof_data_size                                        
ffffffff  __TI_prof_data_start                                       
00809700  __TI_readmsg                                               
00809780  __TI_writemsg                                              
00808260  __TI_zero_init                                             
008000c0  __TRDR__                                                   
ffffffff  __binit__                                                  
00808860  __c6xabi_divu                                              
008044c0  __c6xabi_divull                                            
00809800  __c6xabi_llshl                                             
0080a480  __c6xabi_llshru                                            
00808da0  __c6xabi_remu                                              
ffffffff  __c_args__                                                 
00808860  __divu                                                     
00808da0  __remu                                                     
0080b460  __xdc__init                                                
0081666c  __xdc__init__addr                                          
0080ac00  _args_main                                                 
00000000  _argsize                                                   
008074c0  _auto_init_elf                                             
00808e40  _c_int00                                                   
00816cec  _lock                                                      
0080b480  _nop                                                       
0080b4a0  _register_lock                                             
0080b4c0  _register_unlock                                           
00815470  _stack                                                     
0080a4e0  _subcull                                                   
00816d84  _unlock                                                    
0080b500  abort                                                      
ffffffff  binit                                                      
0080ddc0  buffer0                                                    
0080e5c0  buffer1                                                    
0080edc0  buffer2                                                    
0080f5c0  buffer3                                                    
0080fdc0  buffer4                                                    
008105c0  buffer5                                                    
00810dc0  buffer6                                                    
008115c0  buffer7                                                    
008167f0  coef                                                       
00808920  exit                                                       
00816890  filtbuff1                                                  
00816930  filtbuff2                                                  
00802894  filter1                                                    
008029a4  filter2                                                    
00816fdc  force                                                      
00816de8  h                                                          
00816df8  hC                                                         
00816e08  hIntr                                                      
00802520  main                                                       
00808ee0  memcpy                                                     
00808340  memset                                                     
00816fd8  my_pE                                                      
00816e18  my_pX                                                      
00816e28  my_pXSA                                                    
00816e38  my_ph                                                      
00816e48  my_phSA                                                    
00816fd0  show_printf                                                
008027f4  sinegen                                                    
00816470  ti_sysbios_BIOS_Module__state__V                           
0080b560  ti_sysbios_BIOS_RtsGateProxy_enter__E                      
0080b580  ti_sysbios_BIOS_RtsGateProxy_leave__E                      
0080b7c0  ti_sysbios_BIOS_RtsGateProxy_query__E                      
00809900  ti_sysbios_BIOS_atExitFunc__I                              
0080a600  ti_sysbios_BIOS_errorRaiseHook__I                          
0080ac80  ti_sysbios_BIOS_exitFunc__I                                
0080b5a0  ti_sysbios_BIOS_nullFunc__I                                
00809980  ti_sysbios_BIOS_registerRTSLock__I                         
0080a660  ti_sysbios_BIOS_removeRTSLock__I                           
0080acc0  ti_sysbios_BIOS_rtsLock__I                                 
0080ad00  ti_sysbios_BIOS_rtsUnlock__I                               
0080b5c0  ti_sysbios_BIOS_setThreadType__E                           
0080ad40  ti_sysbios_BIOS_startFunc__I                               
0080b5e0  ti_sysbios_family_c62_TaskSupport_Module__startupDone__S   
0080ac40  ti_sysbios_family_c62_TaskSupport_buildTaskStack           
0080b600  ti_sysbios_family_c62_TaskSupport_checkStack__E            
0080b4e0  ti_sysbios_family_c62_TaskSupport_glue                     
00809a00  ti_sysbios_family_c62_TaskSupport_start__E                 
00809880  ti_sysbios_family_c62_TaskSupport_swap__E                  
008151c4  ti_sysbios_family_c64p_Exception_E_exceptionMax__C         
008143b6  ti_sysbios_family_c64p_Exception_Module__id__C             
00816494  ti_sysbios_family_c64p_Exception_Module__state__V          
00808f80  ti_sysbios_family_c64p_Exception_Module_startup__E         
00806600  ti_sysbios_family_c64p_Exception_dispatch__E               
00815228  ti_sysbios_family_c64p_Exception_exceptionHook__C          
0081522c  ti_sysbios_family_c64p_Exception_externalHook__C           
00800860  ti_sysbios_family_c64p_Exception_handler__I                
00804700  ti_sysbios_family_c64p_Exception_internalHandler__I        
00815230  ti_sysbios_family_c64p_Exception_internalHook__C           
00815234  ti_sysbios_family_c64p_Exception_nmiHook__C                
008151f2  ti_sysbios_family_c64p_Exception_useInternalBuffer__C      
00817000  ti_sysbios_family_c64p_Hwi0                                
00815238  ti_sysbios_family_c64p_Hwi_LD_end__C                       
0081523c  ti_sysbios_family_c64p_Hwi_LM_begin__C                     
00815240  ti_sysbios_family_c64p_Hwi_Module__diagsEnabled__C         
00815244  ti_sysbios_family_c64p_Hwi_Module__diagsIncluded__C        
00815248  ti_sysbios_family_c64p_Hwi_Module__diagsMask__C            
00815434  ti_sysbios_family_c64p_Hwi_Module__id__C                   
00815436  ti_sysbios_family_c64p_Hwi_Module__loggerDefined__C        
0081524c  ti_sysbios_family_c64p_Hwi_Module__loggerFxn1__C           
00815250  ti_sysbios_family_c64p_Hwi_Module__loggerFxn8__C           
00815254  ti_sysbios_family_c64p_Hwi_Module__loggerObj__C            
008164c4  ti_sysbios_family_c64p_Hwi_Module__root__V                 
0080b620  ti_sysbios_family_c64p_Hwi_Module__startupDone__F          
0080b620  ti_sysbios_family_c64p_Hwi_Module__startupDone__S          
008164cc  ti_sysbios_family_c64p_Hwi_Module__state__V                
00806ea0  ti_sysbios_family_c64p_Hwi_Module_startup__E               
00816d88  ti_sysbios_family_c64p_Hwi_Object__table__V                
0080b640  ti_sysbios_family_c64p_Hwi_clearInterrupt__E               
0080ad80  ti_sysbios_family_c64p_Hwi_disableInterrupt__E             
00805200  ti_sysbios_family_c64p_Hwi_dispatchAlways                  
00809020  ti_sysbios_family_c64p_Hwi_dispatchC__I                    
00804260  ti_sysbios_family_c64p_Hwi_dispatchCore__I                 
0080adc0  ti_sysbios_family_c64p_Hwi_enableInterrupt__E              
008090c0  ti_sysbios_family_c64p_Hwi_getStackInfo__E                 
00817000  ti_sysbios_family_c64p_Hwi_int0                            
00817020  ti_sysbios_family_c64p_Hwi_int1                            
00817140  ti_sysbios_family_c64p_Hwi_int10                           
00817160  ti_sysbios_family_c64p_Hwi_int11                           
00817180  ti_sysbios_family_c64p_Hwi_int12                           
008171a0  ti_sysbios_family_c64p_Hwi_int13                           
008171c0  ti_sysbios_family_c64p_Hwi_int14                           
008171e0  ti_sysbios_family_c64p_Hwi_int15                           
00817040  ti_sysbios_family_c64p_Hwi_int2                            
00817060  ti_sysbios_family_c64p_Hwi_int3                            
00817080  ti_sysbios_family_c64p_Hwi_int4                            
008170a0  ti_sysbios_family_c64p_Hwi_int5                            
008170c0  ti_sysbios_family_c64p_Hwi_int6                            
008170e0  ti_sysbios_family_c64p_Hwi_int7                            
00817100  ti_sysbios_family_c64p_Hwi_int8                            
00817120  ti_sysbios_family_c64p_Hwi_int9                            
0080b660  ti_sysbios_family_c64p_Hwi_startup__E                      
0080a540  ti_sysbios_family_c64p_Hwi_switchAndDispatch__I            
0080b680  ti_sysbios_family_c64p_Hwi_switchFromBootStack__E          
0080b6a0  ti_sysbios_family_c64p_TimestampProvider_Module_startup__E 
0080b6c0  ti_sysbios_family_c64p_TimestampProvider_get32__E          
0080b6e0  ti_sysbios_family_c64p_TimestampProvider_get64__E          
0080b700  ti_sysbios_family_c64p_tci6488_TimerSupport_enable__E      
008075e0  ti_sysbios_family_c66_Cache_Module_startup__E              
008151f4  ti_sysbios_family_c66_Cache_initSize__C                    
008148d0  ti_sysbios_family_c66_Cache_marvalues__C                   
0080a5a0  ti_sysbios_family_xxx_Hwi_switchAndRunFunc                 
0080ae00  ti_sysbios_gates_GateHwi_Handle__label__S                  
0080b720  ti_sysbios_gates_GateHwi_Instance_init__E                  
0081502c  ti_sysbios_gates_GateHwi_Module__FXNS__C                   
00816534  ti_sysbios_gates_GateHwi_Module__root__V                   
008150bc  ti_sysbios_gates_GateHwi_Object__DESC__C                   
0081517c  ti_sysbios_gates_GateHwi_Object__PARAMS__C                 
00809a80  ti_sysbios_gates_GateHwi_Object__create__S                 
0080ae40  ti_sysbios_gates_GateHwi_Object__delete__S                 
00816e90  ti_sysbios_gates_GateHwi_Object__table__V                  
0080b740  ti_sysbios_gates_GateHwi_enter__E                          
0080b760  ti_sysbios_gates_GateHwi_leave__E                          
0080b780  ti_sysbios_gates_GateHwi_query__E                          
00815258  ti_sysbios_gates_GateMutex_A_badContext__C                 
0080ae80  ti_sysbios_gates_GateMutex_Handle__label__S                
0081525c  ti_sysbios_gates_GateMutex_Instance_State_sem__O           
0080b7a0  ti_sysbios_gates_GateMutex_Instance_finalize__E            
0080aec0  ti_sysbios_gates_GateMutex_Instance_init__E                
00815050  ti_sysbios_gates_GateMutex_Module__FXNS__C                 
00815260  ti_sysbios_gates_GateMutex_Module__diagsEnabled__C         
00815264  ti_sysbios_gates_GateMutex_Module__diagsIncluded__C        
00815268  ti_sysbios_gates_GateMutex_Module__diagsMask__C            
00815438  ti_sysbios_gates_GateMutex_Module__id__C                   
0081653c  ti_sysbios_gates_GateMutex_Module__root__V                 
008150dc  ti_sysbios_gates_GateMutex_Object__DESC__C                 
00815194  ti_sysbios_gates_GateMutex_Object__PARAMS__C               
00809b00  ti_sysbios_gates_GateMutex_Object__create__S               
0080a6c0  ti_sysbios_gates_GateMutex_Object__delete__S               
00816cf0  ti_sysbios_gates_GateMutex_Object__table__V                
00805600  ti_sysbios_gates_GateMutex_enter__E                        
0080af00  ti_sysbios_gates_GateMutex_leave__E                        
0080b7c0  ti_sysbios_gates_GateMutex_query__E                        
0081526c  ti_sysbios_hal_Hwi_E_stackOverflow__C                      
0080b7e0  ti_sysbios_hal_Hwi_HwiProxy_Module__startupDone__S         
0080b640  ti_sysbios_hal_Hwi_HwiProxy_clearInterrupt__E              
0080ad80  ti_sysbios_hal_Hwi_HwiProxy_disableInterrupt__E            
0080adc0  ti_sysbios_hal_Hwi_HwiProxy_enableInterrupt__E             
008090c0  ti_sysbios_hal_Hwi_HwiProxy_getStackInfo__E                
0080b660  ti_sysbios_hal_Hwi_HwiProxy_startup__E                     
0080b680  ti_sysbios_hal_Hwi_HwiProxy_switchFromBootStack__E         
0081543a  ti_sysbios_hal_Hwi_Module__id__C                           
00816544  ti_sysbios_hal_Hwi_Module__root__V                         
0080b800  ti_sysbios_hal_Hwi_Module_startup__E                       
00816e78  ti_sysbios_hal_Hwi_Object__table__V                        
00809b80  ti_sysbios_hal_Hwi_checkStack                              
00809c00  ti_sysbios_hal_Hwi_initStack                               
00815270  ti_sysbios_heaps_HeapMem_A_align__C                        
00815274  ti_sysbios_heaps_HeapMem_A_heapSize__C                     
00815278  ti_sysbios_heaps_HeapMem_A_invalidFree__C                  
0081527c  ti_sysbios_heaps_HeapMem_A_zeroBlock__C                    
00815280  ti_sysbios_heaps_HeapMem_E_memory__C                       
0080af40  ti_sysbios_heaps_HeapMem_Handle__label__S                  
0080bdc0  ti_sysbios_heaps_HeapMem_Instance_State_0_buf__A           
008037c0  ti_sysbios_heaps_HeapMem_Instance_init__E                  
0080b820  ti_sysbios_heaps_HeapMem_Module_GateProxy_enter__E         
0080b840  ti_sysbios_heaps_HeapMem_Module_GateProxy_leave__E         
0080b7c0  ti_sysbios_heaps_HeapMem_Module_GateProxy_query__E         
00814fdc  ti_sysbios_heaps_HeapMem_Module__FXNS__C                   
00815284  ti_sysbios_heaps_HeapMem_Module__diagsEnabled__C           
00815288  ti_sysbios_heaps_HeapMem_Module__diagsIncluded__C          
0081528c  ti_sysbios_heaps_HeapMem_Module__diagsMask__C              
00815290  ti_sysbios_heaps_HeapMem_Module__gateObj__C                
0081543c  ti_sysbios_heaps_HeapMem_Module__id__C                     
0081654c  ti_sysbios_heaps_HeapMem_Module__root__V                   
008150fc  ti_sysbios_heaps_HeapMem_Object__DESC__C                   
00815074  ti_sysbios_heaps_HeapMem_Object__PARAMS__C                 
00815294  ti_sysbios_heaps_HeapMem_Object__count__C                  
00809c80  ti_sysbios_heaps_HeapMem_Object__create__S                 
0080af80  ti_sysbios_heaps_HeapMem_Object__delete__S                 
0080afc0  ti_sysbios_heaps_HeapMem_Object__get__S                    
00816da0  ti_sysbios_heaps_HeapMem_Object__table__V                  
00801760  ti_sysbios_heaps_HeapMem_alloc__E                          
00802b80  ti_sysbios_heaps_HeapMem_free__E                           
008089e0  ti_sysbios_heaps_HeapMem_getStats__E                       
00809160  ti_sysbios_heaps_HeapMem_init__I                           
0080b860  ti_sysbios_heaps_HeapMem_isBlocking__E                     
00815298  ti_sysbios_heaps_HeapMem_reqAlign__C                       
0081529c  ti_sysbios_knl_Clock_LM_begin__C                           
008152a0  ti_sysbios_knl_Clock_LM_tick__C                            
008152a4  ti_sysbios_knl_Clock_LW_delayed__C                         
008152a8  ti_sysbios_knl_Clock_Module_State_clockQ__O                
008152ac  ti_sysbios_knl_Clock_Module__diagsEnabled__C               
008152b0  ti_sysbios_knl_Clock_Module__diagsIncluded__C              
008152b4  ti_sysbios_knl_Clock_Module__diagsMask__C                  
0081543e  ti_sysbios_knl_Clock_Module__id__C                         
00815440  ti_sysbios_knl_Clock_Module__loggerDefined__C              
008152b8  ti_sysbios_knl_Clock_Module__loggerFxn1__C                 
008152bc  ti_sysbios_knl_Clock_Module__loggerFxn2__C                 
008152c0  ti_sysbios_knl_Clock_Module__loggerObj__C                  
00816554  ti_sysbios_knl_Clock_Module__root__V                       
0081655c  ti_sysbios_knl_Clock_Module__state__V                      
0080a720  ti_sysbios_knl_Clock_Module_startup__E                     
0080b880  ti_sysbios_knl_Clock_TimerProxy_Module__startupDone__S     
0080b8a0  ti_sysbios_knl_Clock_TimerProxy_getMaxTicks__E             
00808500  ti_sysbios_knl_Clock_TimerProxy_startup__E                 
00809d00  ti_sysbios_knl_Clock_doTick__I                             
00808aa0  ti_sysbios_knl_Clock_logTick__E                            
00803d40  ti_sysbios_knl_Clock_workFunc__E                           
008152c8  ti_sysbios_knl_Idle_funcList__A                            
00815208  ti_sysbios_knl_Idle_funcList__C                            
0080b8c0  ti_sysbios_knl_Idle_loop__E                                
00809d80  ti_sysbios_knl_Idle_run__E                                 
0080b8e0  ti_sysbios_knl_Queue_Instance_init__E                      
00816588  ti_sysbios_knl_Queue_Module__root__V                       
0081511c  ti_sysbios_knl_Queue_Object__DESC__C                       
008151ac  ti_sysbios_knl_Queue_Object__PARAMS__C                     
0080b900  ti_sysbios_knl_Queue_Object__destruct__S                   
0080b920  ti_sysbios_knl_Queue_Object__get__S                        
0080a780  ti_sysbios_knl_Queue_construct                             
0080b940  ti_sysbios_knl_Queue_destruct                              
0080b960  ti_sysbios_knl_Queue_empty__E                              
[...]
00815208  ti_sysbios_knl_Idle_funcList__C                            
00815210  xdc_runtime_Startup_firstFxns__A                           
00815218  xdc_runtime_Startup_firstFxns__C                           
00815220  xdc_runtime_Startup_lastFxns__C                            
00815228  ti_sysbios_family_c64p_Exception_exceptionHook__C          
0081522c  ti_sysbios_family_c64p_Exception_externalHook__C           
00815230  ti_sysbios_family_c64p_Exception_internalHook__C           
00815234  ti_sysbios_family_c64p_Exception_nmiHook__C                
00815238  ti_sysbios_family_c64p_Hwi_LD_end__C                       
0081523c  ti_sysbios_family_c64p_Hwi_LM_begin__C                     
00815240  ti_sysbios_family_c64p_Hwi_Module__diagsEnabled__C         
00815244  ti_sysbios_family_c64p_Hwi_Module__diagsIncluded__C        
00815248  ti_sysbios_family_c64p_Hwi_Module__diagsMask__C            
0081524c  ti_sysbios_family_c64p_Hwi_Module__loggerFxn1__C           
00815250  ti_sysbios_family_c64p_Hwi_Module__loggerFxn8__C           
00815254  ti_sysbios_family_c64p_Hwi_Module__loggerObj__C            
00815258  ti_sysbios_gates_GateMutex_A_badContext__C                 
0081525c  ti_sysbios_gates_GateMutex_Instance_State_sem__O           
00815260  ti_sysbios_gates_GateMutex_Module__diagsEnabled__C         
00815264  ti_sysbios_gates_GateMutex_Module__diagsIncluded__C        
00815268  ti_sysbios_gates_GateMutex_Module__diagsMask__C            
0081526c  ti_sysbios_hal_Hwi_E_stackOverflow__C                      
00815270  ti_sysbios_heaps_HeapMem_A_align__C                        
00815274  ti_sysbios_heaps_HeapMem_A_heapSize__C                     
00815278  ti_sysbios_heaps_HeapMem_A_invalidFree__C                  
0081527c  ti_sysbios_heaps_HeapMem_A_zeroBlock__C                    
00815280  ti_sysbios_heaps_HeapMem_E_memory__C                       
00815284  ti_sysbios_heaps_HeapMem_Module__diagsEnabled__C           
00815288  ti_sysbios_heaps_HeapMem_Module__diagsIncluded__C          
0081528c  ti_sysbios_heaps_HeapMem_Module__diagsMask__C              
00815290  ti_sysbios_heaps_HeapMem_Module__gateObj__C                
00815294  ti_sysbios_heaps_HeapMem_Object__count__C                  
00815298  ti_sysbios_heaps_HeapMem_reqAlign__C                       
0081529c  ti_sysbios_knl_Clock_LM_begin__C                           
008152a0  ti_sysbios_knl_Clock_LM_tick__C                            
008152a4  ti_sysbios_knl_Clock_LW_delayed__C                         
008152a8  ti_sysbios_knl_Clock_Module_State_clockQ__O                
008152ac  ti_sysbios_knl_Clock_Module__diagsEnabled__C               
008152b0  ti_sysbios_knl_Clock_Module__diagsIncluded__C              
008152b4  ti_sysbios_knl_Clock_Module__diagsMask__C                  
008152b8  ti_sysbios_knl_Clock_Module__loggerFxn1__C                 
008152bc  ti_sysbios_knl_Clock_Module__loggerFxn2__C                 
008152c0  ti_sysbios_knl_Clock_Module__loggerObj__C                  
008152c4  ti_sysbios_knl_Semaphore_A_badContext__C                   
008152c8  ti_sysbios_knl_Idle_funcList__A                            
008152cc  ti_sysbios_knl_Semaphore_A_noEvents__C                     
008152d0  ti_sysbios_knl_Semaphore_A_overflow__C                     
008152d4  ti_sysbios_knl_Semaphore_A_pendTaskDisabled__C             
008152d8  ti_sysbios_knl_Semaphore_Instance_State_pendQ__O           
008152dc  ti_sysbios_knl_Semaphore_LM_pend__C                        
008152e0  ti_sysbios_knl_Semaphore_LM_post__C                        
008152e4  ti_sysbios_knl_Semaphore_Module__diagsEnabled__C           
008152e8  ti_sysbios_knl_Semaphore_Module__diagsIncluded__C          
008152ec  ti_sysbios_knl_Semaphore_Module__diagsMask__C              
008152f0  ti_sysbios_knl_Semaphore_Module__loggerFxn2__C             
008152f4  ti_sysbios_knl_Semaphore_Module__loggerFxn4__C             
008152f8  ti_sysbios_knl_Semaphore_Module__loggerObj__C              
008152fc  ti_sysbios_knl_Swi_LD_end__C                               
00815300  ti_sysbios_knl_Swi_LM_begin__C                             
00815304  ti_sysbios_knl_Swi_LM_post__C                              
00815308  ti_sysbios_knl_Swi_Module__diagsEnabled__C                 
0081530c  ti_sysbios_knl_Swi_Module__diagsIncluded__C                
00815310  ti_sysbios_knl_Swi_Module__diagsMask__C                    
00815314  ti_sysbios_knl_Swi_Module__loggerFxn1__C                   
00815318  ti_sysbios_knl_Swi_Module__loggerFxn4__C                   
0081531c  ti_sysbios_knl_Swi_Module__loggerObj__C                    
00815320  ti_sysbios_knl_Swi_Object__count__C                        
00815324  ti_sysbios_knl_Task_E_spOutOfBounds__C                     
00815328  ti_sysbios_knl_Task_E_stackOverflow__C                     
0081532c  ti_sysbios_knl_Task_LD_block__C                            
00815330  ti_sysbios_knl_Task_LD_exit__C                             
00815334  ti_sysbios_knl_Task_LD_ready__C                            
00815338  ti_sysbios_knl_Task_LM_switch__C                           
0081533c  ti_sysbios_knl_Task_Module_State_inactiveQ__O              
00815340  ti_sysbios_knl_Task_Module__diagsEnabled__C                
00815344  ti_sysbios_knl_Task_Module__diagsIncluded__C               
00815348  ti_sysbios_knl_Task_Module__diagsMask__C                   
0081534c  ti_sysbios_knl_Task_Module__loggerFxn2__C                  
00815350  ti_sysbios_knl_Task_Module__loggerFxn4__C                  
00815354  ti_sysbios_knl_Task_Module__loggerObj__C                   
00815358  ti_sysbios_knl_Task_Object__count__C                       
0081535c  ti_sysbios_knl_Task_allBlockedFunc__C                      
00815360  ti_sysbios_knl_Task_numConstructedTasks__C                 
00815364  ti_sysbios_timers_timer64_Timer_A_notAvailable__C          
00815368  ti_sysbios_timers_timer64_Timer_E_cannotSupport__C         
0081536c  ti_sysbios_timers_timer64_Timer_Module__diagsEnabled__C    
00815370  ti_sysbios_timers_timer64_Timer_Module__diagsIncluded__C   
00815374  ti_sysbios_timers_timer64_Timer_Module__diagsMask__C       
00815378  ti_sysbios_timers_timer64_Timer_anyMaskHigh__C             
0081537c  ti_sysbios_timers_timer64_Timer_anyMask__C                 
00815380  ti_sysbios_timers_timer64_Timer_freqDivisor__C             
00815384  ti_sysbios_timers_timer64_Timer_numLocalTimers__C          
00815388  ti_sysbios_timers_timer64_Timer_numTimerDevices__C         
0081538c  xdc_runtime_Assert_E_assertFailed__C                       
00815390  xdc_runtime_Core_A_initializedParams__C                    
00815394  xdc_runtime_Core_Module__diagsEnabled__C                   
00815398  xdc_runtime_Core_Module__diagsIncluded__C                  
0081539c  xdc_runtime_Core_Module__diagsMask__C                      
008153a0  xdc_runtime_Error_E_memory__C                              
008153a4  xdc_runtime_Error_Module__diagsEnabled__C                  
008153a8  xdc_runtime_Error_Module__diagsIncluded__C                 
008153ac  xdc_runtime_Error_Module__diagsMask__C                     
008153b0  xdc_runtime_Error_Module__loggerFxn8__C                    
008153b4  xdc_runtime_Error_Module__loggerObj__C                     
008153b8  xdc_runtime_Error_policyFxn__C                             
008153bc  xdc_runtime_Error_policy__C                                
008153c0  xdc_runtime_Error_raiseHook__C                             
008153c4  xdc_runtime_IFilterLogger_Interface__BASE__C               
008153c8  xdc_runtime_IGateProvider_Interface__BASE__C               
008153cc  xdc_runtime_IHeap_Interface__BASE__C                       
008153d0  xdc_runtime_ILogger_Interface__BASE__C                     
008153d4  xdc_runtime_IModule_Interface__BASE__C                     
008153d8  xdc_runtime_Log_L_error__C                                 
008153dc  xdc_runtime_LoggerBuf_E_badLevel__C                        
008153e0  xdc_runtime_LoggerBuf_Module__gateObj__C                   
008153e4  xdc_runtime_LoggerBuf_Object__count__C                     
008153e8  xdc_runtime_LoggerBuf_statusLogger__C                      
008153ec  xdc_runtime_Memory_defaultHeapInstance__C                  
008153f0  xdc_runtime_Startup_execImpl__C                            
008153f4  xdc_runtime_Startup_maxPasses__C                           
008153f8  xdc_runtime_Startup_sfxnRts__C                             
008153fc  xdc_runtime_Startup_sfxnTab__C                             
00815400  xdc_runtime_SysMin_bufSize__C                              
00815404  xdc_runtime_SysMin_outputFunc__C                           
00815408  xdc_runtime_System_Module__gateObj__C                      
0081540c  xdc_runtime_System_abortFxn__C                             
00815410  xdc_runtime_System_exitFxn__C                              
00815414  xdc_runtime_System_extendFxn__C                            
00815418  xdc_runtime_System_maxAtexitHandlers__C                    
0081541c  xdc_runtime_Text_charTab__C                                
00815420  xdc_runtime_Text_nameEmpty__C                              
00815424  xdc_runtime_Text_nameStatic__C                             
00815428  xdc_runtime_Text_nameUnknown__C                            
0081542c  xdc_runtime_Text_nodeTab__C                                
00815430  xdc_runtime_Text_visitRopeFxn__C                           
00815434  ti_sysbios_family_c64p_Hwi_Module__id__C                   
00815436  ti_sysbios_family_c64p_Hwi_Module__loggerDefined__C        
00815438  ti_sysbios_gates_GateMutex_Module__id__C                   
0081543a  ti_sysbios_hal_Hwi_Module__id__C                           
0081543c  ti_sysbios_heaps_HeapMem_Module__id__C                     
0081543e  ti_sysbios_knl_Clock_Module__id__C                         
00815440  ti_sysbios_knl_Clock_Module__loggerDefined__C              
00815442  ti_sysbios_knl_Semaphore_Module__id__C                     
00815444  ti_sysbios_knl_Semaphore_Module__loggerDefined__C          
00815446  ti_sysbios_knl_Swi_Module__id__C                           
00815448  ti_sysbios_knl_Swi_Module__loggerDefined__C                
0081544a  ti_sysbios_knl_Task_Module__id__C                          
0081544c  ti_sysbios_knl_Task_Module__loggerDefined__C               
0081544e  ti_sysbios_knl_Task_initStackFlag__C                       
00815450  ti_sysbios_timers_timer64_Timer_Module__id__C              
00815452  ti_sysbios_timers_timer64_Timer_startupNeeded__C           
00815454  ti_sysbios_timers_timer64_Timer_useTimer64pRegMap__C       
00815456  xdc_runtime_Core_Module__id__C                             
00815458  xdc_runtime_Error_Module__loggerDefined__C                 
0081545a  xdc_runtime_Error_maxDepth__C                              
0081545c  xdc_runtime_LoggerBuf_Module__id__C                        
0081545e  xdc_runtime_LoggerBuf_filterByLevel__C                     
00815460  xdc_runtime_Memory_Module__id__C                           
00815462  xdc_runtime_SysMin_flushAtExit__C                          
00815464  xdc_runtime_Text_charCnt__C                                
00815466  xdc_runtime_Text_isLoaded__C                               
00815468  xdc_runtime_Text_registryModsLastId__C                     
0081546a  xdc_runtime_Text_unnamedModsLastId__C                      
00815470  _stack                                                     
00816470  __TI_STACK_END                                             
00816470  ti_sysbios_BIOS_Module__state__V                           
00816494  ti_sysbios_family_c64p_Exception_Module__state__V          
008164c4  ti_sysbios_family_c64p_Hwi_Module__root__V                 
008164cc  ti_sysbios_family_c64p_Hwi_Module__state__V                
00816534  ti_sysbios_gates_GateHwi_Module__root__V                   
0081653c  ti_sysbios_gates_GateMutex_Module__root__V                 
00816544  ti_sysbios_hal_Hwi_Module__root__V                         
0081654c  ti_sysbios_heaps_HeapMem_Module__root__V                   
00816554  ti_sysbios_knl_Clock_Module__root__V                       
0081655c  ti_sysbios_knl_Clock_Module__state__V                      
00816588  ti_sysbios_knl_Queue_Module__root__V                       
00816590  ti_sysbios_knl_Semaphore_Module__root__V                   
00816598  ti_sysbios_knl_Swi_Module__root__V                         
008165a0  ti_sysbios_knl_Swi_Module__state__V                        
008165bc  ti_sysbios_knl_Task_Module__root__V                        
008165c4  ti_sysbios_knl_Task_Module__state__V                       
00816608  ti_sysbios_timers_timer64_Timer_Module__root__V            
00816610  ti_sysbios_timers_timer64_Timer_Module__state__V           
00816628  xdc_runtime_Error_Module__state__V                         
0081662c  xdc_runtime_LoggerBuf_Module__root__V                      
00816634  xdc_runtime_LoggerBuf_Module__state__V                     
0081663c  xdc_runtime_Memory_Module__state__V                        
00816640  xdc_runtime_Registry_Module__state__V                      
00816648  xdc_runtime_Startup_Module__state__V                       
00816650  xdc_runtime_SysMin_Module__state__V                        
0081665c  xdc_runtime_System_Module__state__V                        
00816664  xdc_runtime_Text_Module__state__V                          
0081666c  __xdc__init__addr                                          
00816670  ti_sysbios_timers_timer64_Timer_Module_State_0_device__A   
008167f0  coef                                                       
00816890  filtbuff1                                                  
00816930  filtbuff2                                                  
008169d0  ti_sysbios_knl_Swi_Module_State_0_readyQ__A                
00816a50  ti_sysbios_knl_Task_Module_State_0_readyQ__A               
00816ad0  ti_sysbios_timers_timer64_Timer_Module_State_0_gctrl__A    
00816b50  ti_sysbios_timers_timer64_Timer_Module_State_0_handles__A  
00816bd0  ti_sysbios_timers_timer64_Timer_Module_State_0_intFreqs__A 
00816c50  ti_sysbios_timers_timer64_Timer_Object__table__V           
00816ca0  TSK_idle                                                   
00816ca0  ti_sysbios_knl_Task_Object__table__V                       
00816cec  _lock                                                      
00816cf0  ti_sysbios_gates_GateMutex_Object__table__V                
00816d30  ti_sysbios_knl_Swi_Object__table__V                        
00816d60  xdc_runtime_LoggerBuf_Object__table__V                     
00816d84  _unlock                                                    
00816d88  ti_sysbios_family_c64p_Hwi_Object__table__V                
00816da0  ti_sysbios_heaps_HeapMem_Object__table__V                  
00816db8  X                                                          
00816dc8  XC                                                         
00816dd8  XIntr                                                      
00816de8  h                                                          
00816df8  hC                                                         
00816e08  hIntr                                                      
00816e18  my_pX                                                      
00816e28  my_pXSA                                                    
00816e38  my_ph                                                      
00816e48  my_phSA                                                    
00816e58  xdc_runtime_System_Module_State_0_atexitHandlers__A        
00816e68  __TI_cleanup_ptr                                           
00816e6c  __TI_dtors_ptr                                             
00816e70  __TI_enable_exit_profile_output                            
00816e78  ti_sysbios_hal_Hwi_Object__table__V                        
00816e80  y                                                          
00816e88  z                                                          
00816e90  ti_sysbios_gates_GateHwi_Object__table__V                  
00816e98  ti_sysbios_knl_Task_Module_State_0_idleTask__A             
00816ea0  __CIOBUF_                                                  
00816fc0  Input_Data                                                 
00816fc0  __TI_STATIC_BASE                                           
00816fc2  Output_Data1                                               
00816fc4  Output_Data2                                               
00816fc6  Output_Data3                                               
00816fc8  Output_Data4                                               
00816fca  Output_Data5                                               
00816fcc  Output_Data6                                               
00816fce  Output_Data7                                               
00816fd0  show_printf                                                
00816fd2  A                                                          
00816fd4  B                                                          
00816fd8  my_pE                                                      
00816fdc  force                                                      
00816fe0  Y                                                          
00816fe4  E                                                          
00816fe8  YC                                                         
00816fec  EC                                                         
00816ff0  YIntr                                                      
00816ff4  EIntr                                                      
00817000  ti_sysbios_family_c64p_Hwi0                                
00817000  ti_sysbios_family_c64p_Hwi_int0                            
00817020  ti_sysbios_family_c64p_Hwi_int1                            
00817040  ti_sysbios_family_c64p_Hwi_int2                            
00817060  ti_sysbios_family_c64p_Hwi_int3                            
00817080  ti_sysbios_family_c64p_Hwi_int4                            
008170a0  ti_sysbios_family_c64p_Hwi_int5                            
008170c0  ti_sysbios_family_c64p_Hwi_int6                            
008170e0  ti_sysbios_family_c64p_Hwi_int7                            
00817100  ti_sysbios_family_c64p_Hwi_int8                            
00817120  ti_sysbios_family_c64p_Hwi_int9                            
00817140  ti_sysbios_family_c64p_Hwi_int10                           
00817160  ti_sysbios_family_c64p_Hwi_int11                           
00817180  ti_sysbios_family_c64p_Hwi_int12                           
008171a0  ti_sysbios_family_c64p_Hwi_int13                           
008171c0  ti_sysbios_family_c64p_Hwi_int14                           
008171e0  ti_sysbios_family_c64p_Hwi_int15                           
008177fc  __TI_Handler_Table_Base                                    
00817808  __TI_Handler_Table_Limit                                   
00817818  __TI_CINIT_Base                                            
00817838  __TI_CINIT_Limit                                           
ffffffff  __TI_pprof_out_hndl                                        
ffffffff  __TI_prof_data_size                                        
ffffffff  __TI_prof_data_start                                       
ffffffff  __binit__                                                  
ffffffff  __c_args__                                                 
ffffffff  binit                                                      
UNDEFED   __TI_INITARRAY_Base                                        
UNDEFED   __TI_INITARRAY_Limit                                       

[604 symbols]
