******************************************************************************
               TMS320C6x Linker PC v8.0.0                      
******************************************************************************
>> Linked Fri Feb 26 14:58:00 2016

OUTPUT FILE NAME:   <Adaptive_filter_all.out>
ENTRY POINT SYMBOL: "_c_int00"  address: 0080d060


MEMORY CONFIGURATION

         name            origin    length      used     unused   attr    fill
----------------------  --------  ---------  --------  --------  ----  --------
  L2SRAM                00800000   00080000  0001c494  00063b6c  RW X
  MSMCSRAM              0c000000   00400000  00000000  00400000  RW X
  DDR3                  80000000   20000000  00000000  20000000  RWIX


SEGMENT ALLOCATION MAP

run origin  load origin   length   init length attrs members
----------  ----------- ---------- ----------- ----- -------
00800000    00800000    000103a0   000103a0    r-x
  00800000    00800000    000103a0   000103a0    r-x .text
008103a0    008103a0    00007150   00000000    rw-
  008103a0    008103a0    00007148   00000000    rw- .far
  008174e8    008174e8    00000008   00000000    rw- .fardata.1
008174f0    008174f0    00002920   00002920    r--
  008174f0    008174f0    00002920   00002920    r-- .const
00819e10    00819e10    00001dec   00000000    rw-
  00819e10    00819e10    00001000   00000000    rw- .stack
  0081ae10    0081ae10    00000ca4   00000000    rw- .fardata.2
  0081bab8    0081bab8    00000120   00000000    rw- .cio
  0081bbd8    0081bbd8    00000010   00000000    rw- .bss
  0081bbe8    0081bbe8    00000014   00000000    rw- .neardata
0081bc00    0081bc00    0000089c   0000089c    r-x
  0081bc00    0081bc00    00000200   00000200    r-x .vecs
  0081be00    0081be00    0000069c   0000069c    r-- .cinit


SECTION ALLOCATION MAP

 output                                  attributes/
section   page    origin      length       input sections
--------  ----  ----------  ----------   ----------------
.stack     0    00819e10    00001000     UNINITIALIZED
                  00819e10    00000008     boot.ae66 : boot.oe66 (.stack)
                  00819e18    00000ff8     --HOLE--

.bss       0    0081bbd8    00000010     UNINITIALIZED
                  0081bbd8    00000002     (.common:Input_Data)
                  0081bbda    00000002     (.common:Output_Data1)
                  0081bbdc    00000002     (.common:Output_Data2)
                  0081bbde    00000002     (.common:Output_Data3)
                  0081bbe0    00000002     (.common:Output_Data4)
                  0081bbe2    00000002     (.common:Output_Data5)
                  0081bbe4    00000002     (.common:Output_Data6)
                  0081bbe6    00000002     (.common:Output_Data7)

.neardata 
*          0    0081bbe8    00000014     UNINITIALIZED
                  0081bbe8    0000000a     main.obj (.neardata)
                  0081bbf2    00000002     --HOLE--
                  0081bbf4    00000008     Adaptive.obj (.neardata)

.rodata    0    0081bbfc    00000000     UNINITIALIZED

.cinit     0    0081be00    0000069c     
                  0081be00    00000637     (.cinit..fardata.2.load) [load image, compression = rle]
                  0081c437    00000001     --HOLE-- [fill = 0]
                  0081c438    0000000d     (.cinit..fardata.1.load) [load image, compression = rle]
                  0081c445    00000003     --HOLE-- [fill = 0]
                  0081c448    0000000d     (.cinit..neardata.load) [load image, compression = rle]
                  0081c455    00000003     --HOLE-- [fill = 0]
                  0081c458    0000000c     (__TI_handler_table)
                  0081c464    00000008     (.cinit..bss.load) [load image, compression = zero_init]
                  0081c46c    00000008     (.cinit..far.load) [load image, compression = zero_init]
                  0081c474    00000028     (__TI_cinit_table)

.init_array 
*          0    00800000    00000000     UNINITIALIZED

.text      0    00800000    000103a0     
                  00800000    000008a0     ti.targets.rts6000.ae66 : System.oe66 (.text:xdc_runtime_System_doPrint__I)
                  008008a0    00000780     sysbios.ae66 : BIOS.obj (.text:ti_sysbios_family_c64p_Exception_handler__I)
                  00801020    00000760                  : BIOS.obj (.text:ti_sysbios_knl_Semaphore_pend__E)
                  00801780    00000700                  : BIOS.obj (.text:ti_sysbios_heaps_HeapMem_alloc__E)
                  00801e80    00000700                  : BIOS.obj (.text:ti_sysbios_timers_timer64_Timer_Module_startup__E)
                  00802580    00000620                  : BIOS.obj (.text:ti_sysbios_heaps_HeapMem_free__E)
                  00802ba0    00000600     rts6600_elf.lib : divd.obj (.text:__c6xabi_divd)
                  008031a0    00000580                     : _printfi.obj (.text:_getarg_diouxp)
                  00803720    00000540                     : _printfi.obj (.text:_setfield)
                  00803c60    00000460                     : _printfi.obj (.text:__TI_printfi)
                  008040c0    000003e0     main.obj (.text)
                  008044a0    00000380     rts6600_elf.lib : fputs.obj (.text:fputs)
                  00804820    00000320                     : _printfi.obj (.text:_pproc_fge)
                  00804b40    00000320     sysbios.ae66 : BIOS.obj (.text:ti_sysbios_timers_timer64_Timer_deviceConfig__I)
                  00804e60    00000300                  : BIOS.obj (.text:ti_sysbios_knl_Task_Module_startup__E)
                  00805160    000002e0                  : BIOS.obj (.text:ti_sysbios_heaps_HeapMem_Instance_init__E)
                  00805440    000002a0     rts6600_elf.lib : _printfi.obj (.text:_pproc_fwp)
                  008056e0    000002a0                     : _printfi.obj (.text:ecvt)
                  00805980    000002a0                     : _printfi.obj (.text:fcvt)
                  00805c20    000002a0     sysbios.ae66 : BIOS.obj (.text:ti_sysbios_knl_Clock_workFunc__E)
                  00805ec0    00000260     rts6600_elf.lib : _printfi.obj (.text:_pconv_e)
                  00806120    00000260     sysbios.ae66 : BIOS.obj (.text:ti_sysbios_family_c64p_Hwi_dispatchCore__I)
                  00806380    00000260     ti.targets.rts6000.ae66 : Startup.oe66 (.text:xdc_runtime_Startup_startMods__I)
                  008065e0    00000240     rts6600_elf.lib : imath64.obj (.text:__c6xabi_divull)
                  00806820    00000240                     : _printfi.obj (.text:_pproc_diouxp)
                  00806a60    00000240                     : _printfi.obj (.text:_pproc_str)
                  00806ca0    00000240                     : setvbuf.obj (.text:setvbuf)
                  00806ee0    00000240     sysbios.ae66 : BIOS.obj (.text:ti_sysbios_family_c64p_Exception_internalHandler__I)
                  00807120    00000240                  : BIOS.obj (.text:ti_sysbios_knl_Semaphore_post__E)
                  00807360    00000240     ti.targets.rts6000.ae66 : Core-mem.oe66 (.text:xdc_runtime_Core_createObject__I)
                  008075a0    00000240                             : LoggerBuf.oe66 (.text:xdc_runtime_LoggerBuf_write8__E)
                  008077e0    00000240     clock_pe66.oe66 (.text:xdc_runtime_System_printfExtend__I)
                  00807a20    00000220     rts6600_elf.lib : fputc.obj (.text:fputc)
                  00807c40    00000220     sysbios.ae66 : BIOS.obj (.text:ti_sysbios_knl_Swi_run__I)
                  00807e60    00000220                  : BIOS.obj (.text:ti_sysbios_timers_timer64_Timer_setPeriodMicroSecs__E)
                  00808080    00000200     rts6600_elf.lib : _printfi.obj (.text:_pconv_g)
                  00808280    00000200     sysbios.ae66 : c64p_Hwi_disp_always.obj (.text:_ti_sysbios_family_c64p_Hwi_dispatchAlways)
                  00808480    00000200     ti.targets.rts6000.ae66 : Error.oe66 (.text:xdc_runtime_Error_policyDefault__E)
                  00808680    000001e0     rts6600_elf.lib : imath40.obj (.text:__c6xabi_divul)
                  00808860    000001e0     sysbios.ae66 : BIOS.obj (.text:ti_sysbios_gates_GateMutex_enter__E)
                  00808a40    000001e0                  : BIOS.obj (.text:ti_sysbios_knl_Task_checkStacks__E)
                  00808c20    000001c0     rts6600_elf.lib : _printfi.obj (.text:_mcpy)
                  00808de0    000001c0     sysbios.ae66 : BIOS.obj (.text:ti_sysbios_timers_timer64_Timer_getFreq__E)
                  00808fa0    000001c0     ti.targets.rts6000.ae66 : Text.oe66 (.text:xdc_runtime_Text_putSite__E)
                  00809160    000001a0     rts6600_elf.lib : trgdrv.obj (.text:HOSTrename)
                  00809300    000001a0     sysbios.ae66 : BIOS.obj (.text:ti_sysbios_knl_Task_exit__E)
                  008094a0    000001a0                  : BIOS.obj (.text:ti_sysbios_knl_Task_schedule__I)
                  00809640    000001a0                  : BIOS.obj (.text:ti_sysbios_timers_timer64_Timer_start__E)
                  008097e0    000001a0     ti.targets.rts6000.ae66 : LoggerBuf.oe66 (.text:xdc_runtime_LoggerBuf_write4__E)
                  00809980    00000180     sysbios.ae66 : c64p_Exception_asm.obj (.text)
                  00809b00    00000180                  : BIOS.obj (.text:ti_sysbios_knl_Task_startCore__E)
                  00809c80    00000180     ti.targets.rts6000.ae66 : Core-smem.oe66 (.text:xdc_runtime_Core_constructObject__I)
                  00809e00    00000160     rts6600_elf.lib : copy_decompress_rle.obj (.text:__TI_decompress_rle_core)
                  00809f60    00000160     sysbios.ae66 : BIOS.obj (.text:ti_sysbios_knl_Swi_post__E)
                  0080a0c0    00000140     rts6600_elf.lib : fclose.obj (.text:__TI_closefile)
                  0080a200    00000140     boot.ae66 : autoinit.oe66 (.text:_auto_init_elf)
                  0080a340    00000140     rts6600_elf.lib : lowlev.obj (.text:getdevice)
                  0080a480    00000140     sysbios.ae66 : BIOS.obj (.text:ti_sysbios_family_c64p_Hwi_Module_startup__E)
                  0080a5c0    00000140                  : BIOS.obj (.text:ti_sysbios_knl_Semaphore_Instance_init__E)
                  0080a700    00000140                  : BIOS.obj (.text:ti_sysbios_knl_Task_blockI__E)
                  0080a840    00000140     ti.targets.rts6000.ae66 : Text.oe66 (.text:xdc_runtime_Text_putLab__E)
                  0080a980    00000120     rts6600_elf.lib : fseek.obj (.text:fseek)
                  0080aaa0    00000120     sysbios.ae66 : BIOS.obj (.text:ti_sysbios_family_c66_Cache_startup__I)
                  0080abc0    00000120                  : BIOS.obj (.text:ti_sysbios_knl_Task_unblockI__E)
                  0080ace0    00000120     ti.targets.rts6000.ae66 : LoggerBuf.oe66 (.text:xdc_runtime_LoggerBuf_setFilterLevel__E)
                  0080ae00    00000120                             : Text.oe66 (.text:xdc_runtime_Text_putMod__E)
                  0080af20    00000100     rts6600_elf.lib : trgdrv.obj (.text:HOSTlseek)
                  0080b020    00000100                     : _io_perm.obj (.text:__TI_wrt_ok)
                  0080b120    00000100                     : _printfi.obj (.text:_ltostr)
                  0080b220    00000100                     : _printfi.obj (.text:_pproc_fflags)
                  0080b320    00000100                     : atoi.obj (.text:atoi)
                  0080b420    00000100     sysbios.ae66 : BIOS.obj (.text:ti_sysbios_knl_Swi_restoreHwi__E)
                  0080b520    00000100                  : BIOS.obj (.text:ti_sysbios_timers_timer64_Timer_initDevice__I)
                  0080b620    00000100     ti.targets.rts6000.ae66 : Core-mem.oe66 (.text:xdc_runtime_Core_deleteObject__I)
                  0080b720    00000100                             : LoggerBuf.oe66 (.text:xdc_runtime_LoggerBuf_getFilterLevel__E)
                  0080b820    00000100                             : Startup.oe66 (.text:xdc_runtime_Startup_exec__E)
                  0080b920    00000100                             : Text.oe66 (.text:xdc_runtime_Text_visitRope2__I)
                  0080ba20    000000e0     Adaptive.obj (.text)
                  0080bb00    000000e0     rts6600_elf.lib : trgdrv.obj (.text:HOSTopen)
                  0080bbe0    000000e0                     : trgdrv.obj (.text:HOSTwrite)
                  0080bcc0    000000e0                     : _printfi.obj (.text:_div)
                  0080bda0    000000e0                     : lowlev.obj (.text:close)
                  0080be80    000000e0                     : copy_zero_init.obj (.text:decompress:ZI:__TI_zero_init)
                  0080bf60    000000e0                     : ltoa.obj (.text:ltoa)
                  0080c040    000000e0                     : memset.obj (.text:memset)
                  0080c120    000000e0                     : printf.obj (.text:printf)
                  0080c200    000000e0     sysbios.ae66 : BIOS.obj (.text:ti_sysbios_knl_Swi_runLoop__I)
                  0080c2e0    000000e0                  : BIOS.obj (.text:ti_sysbios_timers_timer64_Timer_startup__E)
                  0080c3c0    000000e0     ti.targets.rts6000.ae66 : Error.oe66 (.text:xdc_runtime_Error_print__E)
                  0080c4a0    000000e0                             : Memory.oe66 (.text:xdc_runtime_Memory_alloc__E)
                  0080c580    000000c0     rts6600_elf.lib : trgdrv.obj (.text:HOSTread)
                  0080c640    000000c0                     : trgdrv.obj (.text:HOSTunlink)
                  0080c700    000000c0                     : fflush.obj (.text:__TI_doflush)
                  0080c7c0    000000c0                     : divu.obj (.text:__divu)
                  0080c880    000000c0                     : exit.obj (.text:exit)
                  0080c940    000000c0     sysbios.ae66 : BIOS.obj (.text:ti_sysbios_heaps_HeapMem_getStats__E)
                  0080ca00    000000c0                  : BIOS.obj (.text:ti_sysbios_knl_Clock_logTick__E)
                  0080cac0    000000c0                  : BIOS.obj (.text:ti_sysbios_knl_Swi_schedule__I)
                  0080cb80    000000c0                  : BIOS.obj (.text:ti_sysbios_knl_Task_allBlockedFunction__I)
                  0080cc40    000000c0     ti.targets.rts6000.ae66 : Error.oe66 (.text:xdc_runtime_Error_setX__E)
                  0080cd00    000000c0                             : LoggerBuf.oe66 (.text:xdc_runtime_LoggerBuf_Instance_init__E)
                  0080cdc0    000000c0                             : System.oe66 (.text:xdc_runtime_System_formatNum__I)
                  0080ce80    000000a0     rts6600_elf.lib : trgdrv.obj (.text:HOSTclose)
                  0080cf20    000000a0                     : fopen.obj (.text:__TI_cleanup)
                  0080cfc0    000000a0                     : remu.obj (.text:__remu)
                  0080d060    000000a0     boot.ae66 : boot.oe66 (.text:_c_int00)
                  0080d100    000000a0     rts6600_elf.lib : _printfi.obj (.text:_ecpy)
                  0080d1a0    000000a0                     : _printfi.obj (.text:_fcpy)
                  0080d240    000000a0                     : _printfi.obj (.text:_pconv_f)
                  0080d2e0    000000a0                     : memcpy64.obj (.text:memcpy)
                  0080d380    000000a0     sysbios.ae66 : BIOS.obj (.text:ti_sysbios_family_c64p_Exception_Module_startup__E)
                  0080d420    000000a0                  : BIOS.obj (.text:ti_sysbios_family_c64p_Hwi_dispatchC__I)
                  0080d4c0    000000a0                  : BIOS.obj (.text:ti_sysbios_family_c64p_Hwi_getStackInfo__E)
                  0080d560    000000a0                  : BIOS.obj (.text:ti_sysbios_heaps_HeapMem_init__I)
                  0080d600    000000a0                  : BIOS.obj (.text:ti_sysbios_timers_timer64_Timer_stop__E)
                  0080d6a0    000000a0     ti.targets.rts6000.ae66 : Assert.oe66 (.text:xdc_runtime_Assert_raise__I)
                  0080d740    000000a0                             : LoggerBuf.oe66 (.text:xdc_runtime_LoggerBuf_Module_startup__E)
                  0080d7e0    000000a0     clock_pe66.oe66 (.text:xdc_runtime_LoggerBuf_Object__create__S)
                  0080d880    000000a0     ti.targets.rts6000.ae66 : SysMin.oe66 (.text:xdc_runtime_SysMin_abort__E)
                  0080d920    000000a0                             : SysMin.oe66 (.text:xdc_runtime_SysMin_flush__E)
                  0080d9c0    000000a0                             : SysMin.oe66 (.text:xdc_runtime_SysMin_putch__E)
                  0080da60    000000a0                             : Text.oe66 (.text:xdc_runtime_Text_xprintf__I)
                  0080db00    00000080     rts6600_elf.lib : trgmsg.obj (.text:__TI_readmsg)
                  0080db80    00000080                     : trgmsg.obj (.text:__TI_writemsg)
                  0080dc00    00000080                     : llshift.obj (.text:__c6xabi_llshl)
                  0080dc80    00000080     sysbios.ae66 : c62_TaskSupport_asm.obj (.text:_ti_sysbios_family_c62_TaskSupport_swap__E)
                  0080dd00    00000080     rts6600_elf.lib : lowlev.obj (.text:finddevice)
                  0080dd80    00000080     clock_pe66.oe66 (.text:ti_sysbios_BIOS_atExitFunc__I)
                  0080de00    00000080     clock_pe66.oe66 (.text:ti_sysbios_BIOS_registerRTSLock__I)
                  0080de80    00000080     sysbios.ae66 : BIOS.obj (.text:ti_sysbios_family_c62_TaskSupport_start__E)
                  0080df00    00000080     clock_pe66.oe66 (.text:ti_sysbios_gates_GateHwi_Object__create__S)
                  0080df80    00000080     clock_pe66.oe66 (.text:ti_sysbios_gates_GateMutex_Object__create__S)
                  0080e000    00000080     sysbios.ae66 : BIOS.obj (.text:ti_sysbios_hal_Hwi_checkStack)
                  0080e080    00000080                  : BIOS.obj (.text:ti_sysbios_hal_Hwi_initStack)
                  0080e100    00000080     clock_pe66.oe66 (.text:ti_sysbios_heaps_HeapMem_Object__create__S)
                  0080e180    00000080     clock_pe66.oe66 (.text:ti_sysbios_knl_Clock_doTick__I)
                  0080e200    00000080     sysbios.ae66 : BIOS.obj (.text:ti_sysbios_knl_Idle_run__E)
                  0080e280    00000080                  : BIOS.obj (.text:ti_sysbios_knl_Semaphore_pendTimeout__I)
                  0080e300    00000080                  : BIOS.obj (.text:ti_sysbios_knl_Swi_startup__E)
                  0080e380    00000080                  : BIOS.obj (.text:ti_sysbios_knl_Task_restore__E)
                  0080e400    00000080     rts6600_elf.lib : lowlev.obj (.text:unlink)
                  0080e480    00000080     ti.targets.rts6000.ae66 : Core-label.oe66 (.text:xdc_runtime_Core_assignLabel__I)
                  0080e500    00000080                             : Core-params.oe66 (.text:xdc_runtime_Core_assignParams__I)
                  0080e580    00000080                             : LoggerBuf.oe66 (.text:xdc_runtime_LoggerBuf_filterOutEvent__I)
                  0080e600    00000080     clock_pe66.oe66 (.text:xdc_runtime_SysMin_output__I)
                  0080e680    00000080     ti.targets.rts6000.ae66 : System.oe66 (.text:xdc_runtime_System_atexit__E)
                  0080e700    00000080                             : System.oe66 (.text:xdc_runtime_System_processAtExit__E)
                  0080e780    00000080                             : System.oe66 (.text:xdc_runtime_System_putchar__I)
                  0080e800    00000080                             : Text.oe66 (.text:xdc_runtime_Text_printVisFxn__I)
                  0080e880    00000060     rts6600_elf.lib : frcmpyd_div.obj (.text:__TI_frcmpyd_div)
                  0080e8e0    00000060                     : llshift.obj (.text:__c6xabi_llshru)
                  0080e940    00000060                     : imath64.obj (.text:_subcull)
                  0080e9a0    00000060     sysbios.ae66 : c64p_Hwi_asm_switch.obj (.text:_ti_sysbios_family_c64p_Hwi_switchAndDispatch__I)
                  0080ea00    00000060                  : c64p_Hwi_asm_switch.obj (.text:_ti_sysbios_family_xxx_Hwi_switchAndRunFunc)
                  0080ea60    00000060     rts6600_elf.lib : lowlev.obj (.text:lseek)
                  0080eac0    00000060     clock_pe66.oe66 (.text:malloc)
                  0080eb20    00000060     rts6600_elf.lib : memccpy.obj (.text:memccpy)
                  0080eb80    00000060     clock_pe66.oe66 (.text:ti_sysbios_BIOS_errorRaiseHook__I)
                  0080ebe0    00000060     clock_pe66.oe66 (.text:ti_sysbios_BIOS_removeRTSLock__I)
                  0080ec40    00000060     clock_pe66.oe66 (.text:ti_sysbios_gates_GateMutex_Object__delete__S)
                  0080eca0    00000060     sysbios.ae66 : BIOS.obj (.text:ti_sysbios_knl_Clock_Module_startup__E)
                  0080ed00    00000060     clock_pe66.oe66 (.text:ti_sysbios_knl_Queue_construct)
                  0080ed60    00000060     clock_pe66.oe66 (.text:ti_sysbios_knl_Semaphore_construct)
                  0080edc0    00000060     sysbios.ae66 : BIOS.obj (.text:ti_sysbios_knl_Swi_Module_startup__E)
                  0080ee20    00000060                  : BIOS.obj (.text:ti_sysbios_knl_Task_enter__I)
                  0080ee80    00000060     rts6600_elf.lib : lowlev.obj (.text:write)
                  0080eee0    00000060     clock_pe66.oe66 (.text:xdc_runtime_LoggerBuf_Object__delete__S)
                  0080ef40    00000060     ti.targets.rts6000.ae66 : Memory.oe66 (.text:xdc_runtime_Memory_calloc__E)
                  0080efa0    00000060                             : SysMin.oe66 (.text:xdc_runtime_SysMin_Module_startup__E)
                  0080f000    00000060                             : SysMin.oe66 (.text:xdc_runtime_SysMin_exit__E)
                  0080f060    00000060                             : System.oe66 (.text:xdc_runtime_System_avprintf__E)
                  0080f0c0    00000060                             : System.oe66 (.text:xdc_runtime_System_vprintf__E)
                  0080f120    00000060                             : Text.oe66 (.text:xdc_runtime_Text_cordText__E)
                  0080f180    00000040     rts6600_elf.lib : isinf.obj (.text:__c6xabi_isinf)
                  0080f1c0    00000040                     : _printfi.obj (.text:__c6xabi_isnan)
                  0080f200    00000040                     : args_main.obj (.text:_args_main)
                  0080f240    00000040     sysbios.ae66 : c62_TaskSupport_asm.obj (.text:_ti_sysbios_family_c62_TaskSupport_buildTaskStack)
                  0080f280    00000040     clock_pe66.oe66 (.text:free)
                  0080f2c0    00000040     clock_pe66.oe66 (.text:ti_sysbios_BIOS_exitFunc__I)
                  0080f300    00000040     clock_pe66.oe66 (.text:ti_sysbios_BIOS_rtsLock__I)
                  0080f340    00000040     clock_pe66.oe66 (.text:ti_sysbios_BIOS_rtsUnlock__I)
                  0080f380    00000040     clock_pe66.oe66 (.text:ti_sysbios_BIOS_startFunc__I)
                  0080f3c0    00000040     sysbios.ae66 : BIOS.obj (.text:ti_sysbios_family_c64p_Hwi_disableInterrupt__E)
                  0080f400    00000040                  : BIOS.obj (.text:ti_sysbios_family_c64p_Hwi_enableInterrupt__E)
                  0080f440    00000040     clock_pe66.oe66 (.text:ti_sysbios_gates_GateHwi_Handle__label__S)
                  0080f480    00000040     clock_pe66.oe66 (.text:ti_sysbios_gates_GateHwi_Object__delete__S)
                  0080f4c0    00000040     clock_pe66.oe66 (.text:ti_sysbios_gates_GateMutex_Handle__label__S)
                  0080f500    00000040     sysbios.ae66 : BIOS.obj (.text:ti_sysbios_gates_GateMutex_Instance_init__E)
                  0080f540    00000040                  : BIOS.obj (.text:ti_sysbios_gates_GateMutex_leave__E)
                  0080f580    00000040     clock_pe66.oe66 (.text:ti_sysbios_heaps_HeapMem_Handle__label__S)
                  0080f5c0    00000040     clock_pe66.oe66 (.text:ti_sysbios_heaps_HeapMem_Object__delete__S)
                  0080f600    00000040     clock_pe66.oe66 (.text:ti_sysbios_heaps_HeapMem_Object__get__S)
                  0080f640    00000040     clock_pe66.oe66 (.text:ti_sysbios_knl_Semaphore_Object__destruct__S)
                  0080f680    00000040     clock_pe66.oe66 (.text:ti_sysbios_knl_Swi_Object__get__S)
                  0080f6c0    00000040     clock_pe66.oe66 (.text:ti_sysbios_knl_Task_Object__get__S)
                  0080f700    00000040     ti.targets.rts6000.ae66 : Error.oe66 (.text:xdc_runtime_Error_check__E)
                  0080f740    00000040                             : Error.oe66 (.text:xdc_runtime_Error_init__E)
                  0080f780    00000040                             : Error.oe66 (.text:xdc_runtime_Error_raiseX__E)
                  0080f7c0    00000040                             : Gate.oe66 (.text:xdc_runtime_Gate_leaveSystem__E)
                  0080f800    00000040     clock_pe66.oe66 (.text:xdc_runtime_LoggerBuf_Handle__label__S)
                  0080f840    00000040     ti.targets.rts6000.ae66 : LoggerBuf.oe66 (.text:xdc_runtime_LoggerBuf_Instance_finalize__E)
                  0080f880    00000040     clock_pe66.oe66 (.text:xdc_runtime_LoggerBuf_Object__get__S)
                  0080f8c0    00000040     ti.targets.rts6000.ae66 : LoggerBuf.oe66 (.text:xdc_runtime_LoggerBuf_write0__E)
                  0080f900    00000040                             : LoggerBuf.oe66 (.text:xdc_runtime_LoggerBuf_write1__E)
                  0080f940    00000040                             : LoggerBuf.oe66 (.text:xdc_runtime_LoggerBuf_write2__E)
                  0080f980    00000040                             : Memory.oe66 (.text:xdc_runtime_Memory_free__E)
                  0080f9c0    00000040                             : Registry.oe66 (.text:xdc_runtime_Registry_findById__E)
                  0080fa00    00000040                             : System.oe66 (.text:xdc_runtime_System_abort__E)
                  0080fa40    00000040     clock_pe66.oe66 (.text:xdc_runtime_System_aprintf__E)
                  0080fa80    00000040     ti.targets.rts6000.ae66 : System.oe66 (.text:xdc_runtime_System_exit__E)
                  0080fac0    00000040     clock_pe66.oe66 (.text:xdc_runtime_System_printf__E)
                  0080fb00    00000040     ti.targets.rts6000.ae66 : Text.oe66 (.text:xdc_runtime_Text_ropeText__E)
                  0080fb40    00000020                             : xdc_noinit.oe66 (.text:__xdc__init)
                  0080fb60    00000020     rts6600_elf.lib : _lock.obj (.text:_nop)
                  0080fb80    00000020                     : printf.obj (.text:_outc)
                  0080fba0    00000020                     : printf.obj (.text:_outs)
                  0080fbc0    00000020                     : _lock.obj (.text:_register_lock)
                  0080fbe0    00000020                     : _lock.obj (.text:_register_unlock)
                  0080fc00    00000020     sysbios.ae66 : c62_TaskSupport_asm.obj (.text:_ti_sysbios_family_c62_TaskSupport_glue)
                  0080fc20    00000020     rts6600_elf.lib : exit.obj (.text:abort)
                  0080fc40    00000020                     : copy_decompress_none.obj (.text:decompress:none:__TI_decompress_none)
                  0080fc60    00000020                     : copy_decompress_rle.obj (.text:decompress:rle24:__TI_decompress_rle24)
                  0080fc80    00000020     clock_pe66.oe66 (.text:ti_sysbios_BIOS_RtsGateProxy_enter__E)
                  0080fca0    00000020     clock_pe66.oe66 (.text:ti_sysbios_BIOS_RtsGateProxy_leave__E)
                  0080fcc0    00000020     clock_pe66.oe66 (.text:ti_sysbios_BIOS_nullFunc__I)
                  0080fce0    00000020     sysbios.ae66 : BIOS.obj (.text:ti_sysbios_BIOS_setThreadType__E)
                  0080fd00    00000020     clock_pe66.oe66 (.text:ti_sysbios_family_c62_TaskSupport_Module__startupDone__S)
                  0080fd20    00000020     sysbios.ae66 : BIOS.obj (.text:ti_sysbios_family_c62_TaskSupport_checkStack__E)
                  0080fd40    00000020     clock_pe66.oe66 (.text:ti_sysbios_family_c64p_Hwi_Module__startupDone__F)
                  0080fd60    00000020     sysbios.ae66 : BIOS.obj (.text:ti_sysbios_family_c64p_Hwi_clearInterrupt__E)
                  0080fd80    00000020                  : BIOS.obj (.text:ti_sysbios_family_c64p_Hwi_startup__E)
                  0080fda0    00000020                  : BIOS.obj (.text:ti_sysbios_family_c64p_Hwi_switchFromBootStack__E)
                  0080fdc0    00000020                  : BIOS.obj (.text:ti_sysbios_family_c64p_TimestampProvider_Module_startup__E)
                  0080fde0    00000020                  : BIOS.obj (.text:ti_sysbios_family_c64p_TimestampProvider_get32__E)
                  0080fe00    00000020                  : BIOS.obj (.text:ti_sysbios_family_c64p_TimestampProvider_get64__E)
                  0080fe20    00000020                  : BIOS.obj (.text:ti_sysbios_family_c64p_tci6488_TimerSupport_enable__E)
                  0080fe40    00000020                  : BIOS.obj (.text:ti_sysbios_gates_GateHwi_Instance_init__E)
                  0080fe60    00000020                  : BIOS.obj (.text:ti_sysbios_gates_GateHwi_enter__E)
                  0080fe80    00000020                  : BIOS.obj (.text:ti_sysbios_gates_GateHwi_leave__E)
                  0080fea0    00000020                  : BIOS.obj (.text:ti_sysbios_gates_GateHwi_query__E)
                  0080fec0    00000020                  : BIOS.obj (.text:ti_sysbios_gates_GateMutex_Instance_finalize__E)
                  0080fee0    00000020                  : BIOS.obj (.text:ti_sysbios_gates_GateMutex_query__E)
                  0080ff00    00000020     clock_pe66.oe66 (.text:ti_sysbios_hal_Hwi_HwiProxy_Module__startupDone__S)
                  0080ff20    00000020     sysbios.ae66 : BIOS.obj (.text:ti_sysbios_hal_Hwi_Module_startup__E)
                  0080ff40    00000020     clock_pe66.oe66 (.text:ti_sysbios_heaps_HeapMem_Module_GateProxy_enter__E)
                  0080ff60    00000020     clock_pe66.oe66 (.text:ti_sysbios_heaps_HeapMem_Module_GateProxy_leave__E)
                  0080ff80    00000020     sysbios.ae66 : BIOS.obj (.text:ti_sysbios_heaps_HeapMem_isBlocking__E)
                  0080ffa0    00000020     clock_pe66.oe66 (.text:ti_sysbios_knl_Clock_TimerProxy_Module__startupDone__S)
                  0080ffc0    00000020     clock_pe66.oe66 (.text:ti_sysbios_knl_Clock_TimerProxy_getMaxTicks__E)
                  0080ffe0    00000020     sysbios.ae66 : BIOS.obj (.text:ti_sysbios_knl_Idle_loop__E)
                  00810000    00000020                  : BIOS.obj (.text:ti_sysbios_knl_Queue_Instance_init__E)
                  00810020    00000020     clock_pe66.oe66 (.text:ti_sysbios_knl_Queue_Object__destruct__S)
                  00810040    00000020     clock_pe66.oe66 (.text:ti_sysbios_knl_Queue_Object__get__S)
                  00810060    00000020     clock_pe66.oe66 (.text:ti_sysbios_knl_Queue_destruct)
                  00810080    00000020     sysbios.ae66 : BIOS.obj (.text:ti_sysbios_knl_Queue_empty__E)
                  008100a0    00000020                  : BIOS.obj (.text:ti_sysbios_knl_Semaphore_Instance_finalize__E)
                  008100c0    00000020     clock_pe66.oe66 (.text:ti_sysbios_knl_Semaphore_destruct)
                  008100e0    00000020     sysbios.ae66 : BIOS.obj (.text:ti_sysbios_knl_Swi_disable__E)
                  00810100    00000020     clock_pe66.oe66 (.text:ti_sysbios_knl_Task_SupportProxy_Module__startupDone__S)
                  00810120    00000020     sysbios.ae66 : BIOS.obj (.text:ti_sysbios_knl_Task_disable__E)
                  00810140    00000020                  : BIOS.obj (.text:ti_sysbios_knl_Task_startup__E)
                  00810160    00000020     clock_pe66.oe66 (.text:ti_sysbios_timers_timer64_Timer_Module__startupDone__F)
                  00810180    00000020     sysbios.ae66 : BIOS.obj (.text:ti_sysbios_timers_timer64_Timer_getMaxTicks__E)
                  008101a0    00000020     ti.targets.rts6000.ae66 : Gate.oe66 (.text:xdc_runtime_Gate_enterSystem__E)
                  008101c0    00000020     clock_pe66.oe66 (.text:xdc_runtime_IHeap_alloc)
                  008101e0    00000020     clock_pe66.oe66 (.text:xdc_runtime_IHeap_free)
                  00810200    00000020     clock_pe66.oe66 (.text:xdc_runtime_LoggerBuf_Module_GateProxy_enter__E)
                  00810220    00000020     clock_pe66.oe66 (.text:xdc_runtime_LoggerBuf_Module_GateProxy_leave__E)
                  00810240    00000020     ti.targets.rts6000.ae66 : LoggerBuf.oe66 (.text:xdc_runtime_LoggerBuf_disable__E)
                  00810260    00000020                             : LoggerBuf.oe66 (.text:xdc_runtime_LoggerBuf_enable__E)
                  00810280    00000020     clock_pe66.oe66 (.text:xdc_runtime_Memory_HeapProxy_alloc__E)
                  008102a0    00000020     clock_pe66.oe66 (.text:xdc_runtime_Memory_HeapProxy_free__E)
                  008102c0    00000020     clock_pe66.oe66 (.text:xdc_runtime_Startup_exec__I)
                  008102e0    00000020     ti.targets.rts6000.ae66 : SysMin.oe66 (.text:xdc_runtime_SysMin_ready__E)
                  00810300    00000020     clock_pe66.oe66 (.text:xdc_runtime_System_Module_GateProxy_enter__E)
                  00810320    00000020     clock_pe66.oe66 (.text:xdc_runtime_System_Module_GateProxy_leave__E)
                  00810340    00000020     ti.targets.rts6000.ae66 : System.oe66 (.text:xdc_runtime_System_Module_startup__E)
                  00810360    00000020                             : System.oe66 (.text:xdc_runtime_System_vsnprintf__E)
                  00810380    00000020     clock_pe66.oe66 (.text:xdc_runtime_Text_visitRope__I)

.far       0    008103a0    00007148     UNINITIALIZED
                  008103a0    00002000     (.common:ti_sysbios_heaps_HeapMem_Instance_State_0_buf__A)
                  008123a0    00000800     (.common:buffer0)
                  00812ba0    00000800     (.common:buffer1)
                  008133a0    00000800     (.common:buffer2)
                  00813ba0    00000800     (.common:buffer3)
                  008143a0    00000800     (.common:buffer4)
                  00814ba0    00000800     (.common:buffer5)
                  008153a0    00000800     (.common:buffer6)
                  00815ba0    00000800     (.common:buffer7)
                  008163a0    00000800     clock_pe66.oe66 (.far:taskStackSection)
                  00816ba0    00000400     (.common:xdc_runtime_LoggerBuf_Instance_State_0_entryArr__A)
                  00816fa0    00000400     (.common:xdc_runtime_SysMin_Module_State_0_outbuf__A)
                  008173a0    00000140     (.common:__TI_tmpnams)
                  008174e0    00000008     (.common:parmbuf)

.fardata.1 
*          0    008174e8    00000008     UNINITIALIZED
                  008174e8    00000008     clock_pe66.oe66 (.fardata:ti_sysbios_hal_Hwi_Object__table__V)

.const     0    008174f0    00002920     
                  008174f0    000017e6     clock_pe66.oe66 (.const:xdc_runtime_Text_charTab__A)
                  00818cd6    00000002     clock_pe66.oe66 (.const:ti_sysbios_family_c64p_Exception_Module__id__C)
                  00818cd8    00000518     sysbios.ae66 : BIOS.obj (.const:.string)
                  008191f0    00000400     clock_pe66.oe66 (.const:ti_sysbios_family_c66_Cache_marvalues__C)
                  008195f0    00000101     rts6600_elf.lib : ctype.obj (.const:.string:_ctypes_)
                  008196f1    00000001     clock_pe66.oe66 (.const:ti_sysbios_timers_timer64_Timer_localTimerBaseId__C)
                  008196f2    00000002     clock_pe66.oe66 (.const:ti_sysbios_family_c64p_Exception_useInternalBuffer__C)
                  008196f4    00000004     ti.targets.rts6000.ae66 : Assert.oe66 (.const:.string)
                  008196f8    000000c8     clock_pe66.oe66 (.const:xdc_runtime_Text_nodeTab__A)
                  008197c0    00000058     ti.targets.rts6000.ae66 : Error.oe66 (.const:.string)
                  00819818    00000048     clock_pe66.oe66 (.const:.string)
                  00819860    00000040     ti.targets.rts6000.ae66 : Text.oe66 (.const:.string)
                  008198a0    0000003c     clock_pe66.oe66 (.const:xdc_runtime_LoggerBuf_Module__FXNS__C)
                  008198dc    0000002c     main.obj (.const:.string)
                  00819908    0000002c     ti.targets.rts6000.ae66 : Startup.oe66 (.const:.string)
                  00819934    00000004     clock_pe66.oe66 (.const:ti_sysbios_family_c64p_Exception_E_exceptionMax__C)
                  00819938    0000002c     clock_pe66.oe66 (.const:xdc_runtime_Startup_sfxnTab__A)
                  00819964    00000028     clock_pe66.oe66 (.const:ti_sysbios_heaps_HeapMem_Module__FXNS__C)
                  0081998c    00000028     clock_pe66.oe66 (.const:xdc_runtime_LoggerBuf_Object__PARAMS__C)
                  008199b4    00000024     rts6600_elf.lib : _printfi.obj (.const:.string)
                  008199d8    00000024     clock_pe66.oe66 (.const:ti_sysbios_gates_GateHwi_Module__FXNS__C)
                  008199fc    00000024     clock_pe66.oe66 (.const:ti_sysbios_gates_GateMutex_Module__FXNS__C)
                  00819a20    00000024     clock_pe66.oe66 (.const:ti_sysbios_heaps_HeapMem_Object__PARAMS__C)
                  00819a44    00000024     clock_pe66.oe66 (.const:ti_sysbios_knl_Semaphore_Object__PARAMS__C)
                  00819a68    00000020     clock_pe66.oe66 (.const:ti_sysbios_gates_GateHwi_Object__DESC__C)
                  00819a88    00000020     clock_pe66.oe66 (.const:ti_sysbios_gates_GateMutex_Object__DESC__C)
                  00819aa8    00000020     clock_pe66.oe66 (.const:ti_sysbios_heaps_HeapMem_Object__DESC__C)
                  00819ac8    00000020     clock_pe66.oe66 (.const:ti_sysbios_knl_Queue_Object__DESC__C)
                  00819ae8    00000020     clock_pe66.oe66 (.const:ti_sysbios_knl_Semaphore_Object__DESC__C)
                  00819b08    00000020     clock_pe66.oe66 (.const:xdc_runtime_LoggerBuf_Object__DESC__C)
                  00819b28    00000018     clock_pe66.oe66 (.const:ti_sysbios_gates_GateHwi_Object__PARAMS__C)
                  00819b40    00000018     clock_pe66.oe66 (.const:ti_sysbios_gates_GateMutex_Object__PARAMS__C)
                  00819b58    00000018     clock_pe66.oe66 (.const:ti_sysbios_knl_Queue_Object__PARAMS__C)
                  00819b70    00000016     clock_pe66.oe66 (.const:xdc_runtime_Startup_sfxnRts__A)
                  00819b86    00000002     clock_pe66.oe66 (.const:ti_sysbios_family_c64p_Hwi_Module__id__C)
                  00819b88    00000008     ti.targets.rts6000.ae66 : System.oe66 (.const:.string)
                  00819b90    00000011                             : System.oe66 (.const:digtohex)
                  00819ba1    00000001     --HOLE-- [fill = 0]
                  00819ba2    00000002     clock_pe66.oe66 (.const:ti_sysbios_family_c64p_Hwi_Module__loggerDefined__C)
                  00819ba4    0000000c     clock_pe66.oe66 (.const:ti_sysbios_family_c66_Cache_initSize__C)
                  00819bb0    00000008     clock_pe66.oe66 (.const:ti_sysbios_knl_Idle_funcList__C)
                  00819bb8    00000008     clock_pe66.oe66 (.const:xdc_runtime_Startup_firstFxns__A)
                  00819bc0    00000008     clock_pe66.oe66 (.const:xdc_runtime_Startup_firstFxns__C)
                  00819bc8    00000008     clock_pe66.oe66 (.const:xdc_runtime_Startup_lastFxns__C)
                  00819bd0    00000004     clock_pe66.oe66 (.const:ti_sysbios_family_c64p_Exception_exceptionHook__C)
                  00819bd4    00000004     clock_pe66.oe66 (.const:ti_sysbios_family_c64p_Exception_externalHook__C)
                  00819bd8    00000004     clock_pe66.oe66 (.const:ti_sysbios_family_c64p_Exception_internalHook__C)
                  00819bdc    00000004     clock_pe66.oe66 (.const:ti_sysbios_family_c64p_Exception_nmiHook__C)
                  00819be0    00000004     clock_pe66.oe66 (.const:ti_sysbios_family_c64p_Hwi_LD_end__C)
                  00819be4    00000004     clock_pe66.oe66 (.const:ti_sysbios_family_c64p_Hwi_LM_begin__C)
                  00819be8    00000004     clock_pe66.oe66 (.const:ti_sysbios_family_c64p_Hwi_Module__diagsEnabled__C)
                  00819bec    00000004     clock_pe66.oe66 (.const:ti_sysbios_family_c64p_Hwi_Module__diagsIncluded__C)
                  00819bf0    00000004     clock_pe66.oe66 (.const:ti_sysbios_family_c64p_Hwi_Module__diagsMask__C)
                  00819bf4    00000004     clock_pe66.oe66 (.const:ti_sysbios_family_c64p_Hwi_Module__loggerFxn1__C)
                  00819bf8    00000004     clock_pe66.oe66 (.const:ti_sysbios_family_c64p_Hwi_Module__loggerFxn8__C)
                  00819bfc    00000004     clock_pe66.oe66 (.const:ti_sysbios_family_c64p_Hwi_Module__loggerObj__C)
                  00819c00    00000004     clock_pe66.oe66 (.const:ti_sysbios_gates_GateMutex_A_badContext__C)
                  00819c04    00000004     clock_pe66.oe66 (.const:ti_sysbios_gates_GateMutex_Instance_State_sem__O)
                  00819c08    00000004     clock_pe66.oe66 (.const:ti_sysbios_gates_GateMutex_Module__diagsEnabled__C)
                  00819c0c    00000004     clock_pe66.oe66 (.const:ti_sysbios_gates_GateMutex_Module__diagsIncluded__C)
                  00819c10    00000004     clock_pe66.oe66 (.const:ti_sysbios_gates_GateMutex_Module__diagsMask__C)
                  00819c14    00000004     clock_pe66.oe66 (.const:ti_sysbios_hal_Hwi_E_stackOverflow__C)
                  00819c18    00000004     clock_pe66.oe66 (.const:ti_sysbios_heaps_HeapMem_A_align__C)
                  00819c1c    00000004     clock_pe66.oe66 (.const:ti_sysbios_heaps_HeapMem_A_heapSize__C)
                  00819c20    00000004     clock_pe66.oe66 (.const:ti_sysbios_heaps_HeapMem_A_invalidFree__C)
                  00819c24    00000004     clock_pe66.oe66 (.const:ti_sysbios_heaps_HeapMem_A_zeroBlock__C)
                  00819c28    00000004     clock_pe66.oe66 (.const:ti_sysbios_heaps_HeapMem_E_memory__C)
                  00819c2c    00000004     clock_pe66.oe66 (.const:ti_sysbios_heaps_HeapMem_Module__diagsEnabled__C)
                  00819c30    00000004     clock_pe66.oe66 (.const:ti_sysbios_heaps_HeapMem_Module__diagsIncluded__C)
                  00819c34    00000004     clock_pe66.oe66 (.const:ti_sysbios_heaps_HeapMem_Module__diagsMask__C)
                  00819c38    00000004     clock_pe66.oe66 (.const:ti_sysbios_heaps_HeapMem_Module__gateObj__C)
                  00819c3c    00000004     clock_pe66.oe66 (.const:ti_sysbios_heaps_HeapMem_Object__count__C)
                  00819c40    00000004     clock_pe66.oe66 (.const:ti_sysbios_heaps_HeapMem_reqAlign__C)
                  00819c44    00000004     clock_pe66.oe66 (.const:ti_sysbios_knl_Clock_LM_begin__C)
                  00819c48    00000004     clock_pe66.oe66 (.const:ti_sysbios_knl_Clock_LM_tick__C)
                  00819c4c    00000004     clock_pe66.oe66 (.const:ti_sysbios_knl_Clock_LW_delayed__C)
                  00819c50    00000004     clock_pe66.oe66 (.const:ti_sysbios_knl_Clock_Module_State_clockQ__O)
                  00819c54    00000004     clock_pe66.oe66 (.const:ti_sysbios_knl_Clock_Module__diagsEnabled__C)
                  00819c58    00000004     clock_pe66.oe66 (.const:ti_sysbios_knl_Clock_Module__diagsIncluded__C)
                  00819c5c    00000004     clock_pe66.oe66 (.const:ti_sysbios_knl_Clock_Module__diagsMask__C)
                  00819c60    00000004     clock_pe66.oe66 (.const:ti_sysbios_knl_Clock_Module__loggerFxn1__C)
                  00819c64    00000004     clock_pe66.oe66 (.const:ti_sysbios_knl_Clock_Module__loggerFxn2__C)
                  00819c68    00000004     clock_pe66.oe66 (.const:ti_sysbios_knl_Clock_Module__loggerObj__C)
                  00819c6c    00000004     clock_pe66.oe66 (.const:ti_sysbios_knl_Semaphore_A_badContext__C)
                  00819c70    00000004     clock_pe66.oe66 (.const:ti_sysbios_knl_Idle_funcList__A)
                  00819c74    00000004     clock_pe66.oe66 (.const:ti_sysbios_knl_Semaphore_A_noEvents__C)
                  00819c78    00000004     clock_pe66.oe66 (.const:ti_sysbios_knl_Semaphore_A_overflow__C)
                  00819c7c    00000004     clock_pe66.oe66 (.const:ti_sysbios_knl_Semaphore_A_pendTaskDisabled__C)
                  00819c80    00000004     clock_pe66.oe66 (.const:ti_sysbios_knl_Semaphore_Instance_State_pendQ__O)
                  00819c84    00000004     clock_pe66.oe66 (.const:ti_sysbios_knl_Semaphore_LM_pend__C)
                  00819c88    00000004     clock_pe66.oe66 (.const:ti_sysbios_knl_Semaphore_LM_post__C)
                  00819c8c    00000004     clock_pe66.oe66 (.const:ti_sysbios_knl_Semaphore_Module__diagsEnabled__C)
                  00819c90    00000004     clock_pe66.oe66 (.const:ti_sysbios_knl_Semaphore_Module__diagsIncluded__C)
                  00819c94    00000004     clock_pe66.oe66 (.const:ti_sysbios_knl_Semaphore_Module__diagsMask__C)
                  00819c98    00000004     clock_pe66.oe66 (.const:ti_sysbios_knl_Semaphore_Module__loggerFxn2__C)
                  00819c9c    00000004     clock_pe66.oe66 (.const:ti_sysbios_knl_Semaphore_Module__loggerFxn4__C)
                  00819ca0    00000004     clock_pe66.oe66 (.const:ti_sysbios_knl_Semaphore_Module__loggerObj__C)
                  00819ca4    00000004     clock_pe66.oe66 (.const:ti_sysbios_knl_Swi_LD_end__C)
                  00819ca8    00000004     clock_pe66.oe66 (.const:ti_sysbios_knl_Swi_LM_begin__C)
                  00819cac    00000004     clock_pe66.oe66 (.const:ti_sysbios_knl_Swi_LM_post__C)
                  00819cb0    00000004     clock_pe66.oe66 (.const:ti_sysbios_knl_Swi_Module__diagsEnabled__C)
                  00819cb4    00000004     clock_pe66.oe66 (.const:ti_sysbios_knl_Swi_Module__diagsIncluded__C)
                  00819cb8    00000004     clock_pe66.oe66 (.const:ti_sysbios_knl_Swi_Module__diagsMask__C)
                  00819cbc    00000004     clock_pe66.oe66 (.const:ti_sysbios_knl_Swi_Module__loggerFxn1__C)
                  00819cc0    00000004     clock_pe66.oe66 (.const:ti_sysbios_knl_Swi_Module__loggerFxn4__C)
                  00819cc4    00000004     clock_pe66.oe66 (.const:ti_sysbios_knl_Swi_Module__loggerObj__C)
                  00819cc8    00000004     clock_pe66.oe66 (.const:ti_sysbios_knl_Swi_Object__count__C)
                  00819ccc    00000004     clock_pe66.oe66 (.const:ti_sysbios_knl_Task_E_spOutOfBounds__C)
                  00819cd0    00000004     clock_pe66.oe66 (.const:ti_sysbios_knl_Task_E_stackOverflow__C)
                  00819cd4    00000004     clock_pe66.oe66 (.const:ti_sysbios_knl_Task_LD_block__C)
                  00819cd8    00000004     clock_pe66.oe66 (.const:ti_sysbios_knl_Task_LD_exit__C)
                  00819cdc    00000004     clock_pe66.oe66 (.const:ti_sysbios_knl_Task_LD_ready__C)
                  00819ce0    00000004     clock_pe66.oe66 (.const:ti_sysbios_knl_Task_LM_switch__C)
                  00819ce4    00000004     clock_pe66.oe66 (.const:ti_sysbios_knl_Task_Module_State_inactiveQ__O)
                  00819ce8    00000004     clock_pe66.oe66 (.const:ti_sysbios_knl_Task_Module__diagsEnabled__C)
                  00819cec    00000004     clock_pe66.oe66 (.const:ti_sysbios_knl_Task_Module__diagsIncluded__C)
                  00819cf0    00000004     clock_pe66.oe66 (.const:ti_sysbios_knl_Task_Module__diagsMask__C)
                  00819cf4    00000004     clock_pe66.oe66 (.const:ti_sysbios_knl_Task_Module__loggerFxn2__C)
                  00819cf8    00000004     clock_pe66.oe66 (.const:ti_sysbios_knl_Task_Module__loggerFxn4__C)
                  00819cfc    00000004     clock_pe66.oe66 (.const:ti_sysbios_knl_Task_Module__loggerObj__C)
                  00819d00    00000004     clock_pe66.oe66 (.const:ti_sysbios_knl_Task_Object__count__C)
                  00819d04    00000004     clock_pe66.oe66 (.const:ti_sysbios_knl_Task_allBlockedFunc__C)
                  00819d08    00000004     clock_pe66.oe66 (.const:ti_sysbios_knl_Task_numConstructedTasks__C)
                  00819d0c    00000004     clock_pe66.oe66 (.const:ti_sysbios_timers_timer64_Timer_A_notAvailable__C)
                  00819d10    00000004     clock_pe66.oe66 (.const:ti_sysbios_timers_timer64_Timer_E_cannotSupport__C)
                  00819d14    00000004     clock_pe66.oe66 (.const:ti_sysbios_timers_timer64_Timer_Module__diagsEnabled__C)
                  00819d18    00000004     clock_pe66.oe66 (.const:ti_sysbios_timers_timer64_Timer_Module__diagsIncluded__C)
                  00819d1c    00000004     clock_pe66.oe66 (.const:ti_sysbios_timers_timer64_Timer_Module__diagsMask__C)
                  00819d20    00000004     clock_pe66.oe66 (.const:ti_sysbios_timers_timer64_Timer_anyMaskHigh__C)
                  00819d24    00000004     clock_pe66.oe66 (.const:ti_sysbios_timers_timer64_Timer_anyMask__C)
                  00819d28    00000004     clock_pe66.oe66 (.const:ti_sysbios_timers_timer64_Timer_freqDivisor__C)
                  00819d2c    00000004     clock_pe66.oe66 (.const:ti_sysbios_timers_timer64_Timer_numLocalTimers__C)
                  00819d30    00000004     clock_pe66.oe66 (.const:ti_sysbios_timers_timer64_Timer_numTimerDevices__C)
                  00819d34    00000004     clock_pe66.oe66 (.const:xdc_runtime_Assert_E_assertFailed__C)
                  00819d38    00000004     clock_pe66.oe66 (.const:xdc_runtime_Core_A_initializedParams__C)
                  00819d3c    00000004     clock_pe66.oe66 (.const:xdc_runtime_Core_Module__diagsEnabled__C)
                  00819d40    00000004     clock_pe66.oe66 (.const:xdc_runtime_Core_Module__diagsIncluded__C)
                  00819d44    00000004     clock_pe66.oe66 (.const:xdc_runtime_Core_Module__diagsMask__C)
                  00819d48    00000004     clock_pe66.oe66 (.const:xdc_runtime_Error_E_memory__C)
                  00819d4c    00000004     clock_pe66.oe66 (.const:xdc_runtime_Error_Module__diagsEnabled__C)
                  00819d50    00000004     clock_pe66.oe66 (.const:xdc_runtime_Error_Module__diagsIncluded__C)
                  00819d54    00000004     clock_pe66.oe66 (.const:xdc_runtime_Error_Module__diagsMask__C)
                  00819d58    00000004     clock_pe66.oe66 (.const:xdc_runtime_Error_Module__loggerFxn8__C)
                  00819d5c    00000004     clock_pe66.oe66 (.const:xdc_runtime_Error_Module__loggerObj__C)
                  00819d60    00000004     clock_pe66.oe66 (.const:xdc_runtime_Error_policyFxn__C)
                  00819d64    00000004     clock_pe66.oe66 (.const:xdc_runtime_Error_policy__C)
                  00819d68    00000004     clock_pe66.oe66 (.const:xdc_runtime_Error_raiseHook__C)
                  00819d6c    00000004     clock_pe66.oe66 (.const:xdc_runtime_IFilterLogger_Interface__BASE__C)
                  00819d70    00000004     clock_pe66.oe66 (.const:xdc_runtime_IGateProvider_Interface__BASE__C)
                  00819d74    00000004     clock_pe66.oe66 (.const:xdc_runtime_IHeap_Interface__BASE__C)
                  00819d78    00000004     clock_pe66.oe66 (.const:xdc_runtime_ILogger_Interface__BASE__C)
                  00819d7c    00000004     clock_pe66.oe66 (.const:xdc_runtime_IModule_Interface__BASE__C)
                  00819d80    00000004     clock_pe66.oe66 (.const:xdc_runtime_Log_L_error__C)
                  00819d84    00000004     clock_pe66.oe66 (.const:xdc_runtime_LoggerBuf_E_badLevel__C)
                  00819d88    00000004     clock_pe66.oe66 (.const:xdc_runtime_LoggerBuf_Module__gateObj__C)
                  00819d8c    00000004     clock_pe66.oe66 (.const:xdc_runtime_LoggerBuf_Object__count__C)
                  00819d90    00000004     clock_pe66.oe66 (.const:xdc_runtime_LoggerBuf_statusLogger__C)
                  00819d94    00000004     clock_pe66.oe66 (.const:xdc_runtime_Memory_defaultHeapInstance__C)
                  00819d98    00000004     clock_pe66.oe66 (.const:xdc_runtime_Startup_execImpl__C)
                  00819d9c    00000004     clock_pe66.oe66 (.const:xdc_runtime_Startup_maxPasses__C)
                  00819da0    00000004     clock_pe66.oe66 (.const:xdc_runtime_Startup_sfxnRts__C)
                  00819da4    00000004     clock_pe66.oe66 (.const:xdc_runtime_Startup_sfxnTab__C)
                  00819da8    00000004     clock_pe66.oe66 (.const:xdc_runtime_SysMin_bufSize__C)
                  00819dac    00000004     clock_pe66.oe66 (.const:xdc_runtime_SysMin_outputFunc__C)
                  00819db0    00000004     clock_pe66.oe66 (.const:xdc_runtime_System_Module__gateObj__C)
                  00819db4    00000004     clock_pe66.oe66 (.const:xdc_runtime_System_abortFxn__C)
                  00819db8    00000004     clock_pe66.oe66 (.const:xdc_runtime_System_exitFxn__C)
                  00819dbc    00000004     clock_pe66.oe66 (.const:xdc_runtime_System_extendFxn__C)
                  00819dc0    00000004     clock_pe66.oe66 (.const:xdc_runtime_System_maxAtexitHandlers__C)
                  00819dc4    00000004     clock_pe66.oe66 (.const:xdc_runtime_Text_charTab__C)
                  00819dc8    00000004     clock_pe66.oe66 (.const:xdc_runtime_Text_nameEmpty__C)
                  00819dcc    00000004     clock_pe66.oe66 (.const:xdc_runtime_Text_nameStatic__C)
                  00819dd0    00000004     clock_pe66.oe66 (.const:xdc_runtime_Text_nameUnknown__C)
                  00819dd4    00000004     clock_pe66.oe66 (.const:xdc_runtime_Text_nodeTab__C)
                  00819dd8    00000004     clock_pe66.oe66 (.const:xdc_runtime_Text_visitRopeFxn__C)
                  00819ddc    00000002     clock_pe66.oe66 (.const:ti_sysbios_gates_GateMutex_Module__id__C)
                  00819dde    00000002     clock_pe66.oe66 (.const:ti_sysbios_hal_Hwi_Module__id__C)
                  00819de0    00000002     clock_pe66.oe66 (.const:ti_sysbios_heaps_HeapMem_Module__id__C)
                  00819de2    00000002     clock_pe66.oe66 (.const:ti_sysbios_knl_Clock_Module__id__C)
                  00819de4    00000002     clock_pe66.oe66 (.const:ti_sysbios_knl_Clock_Module__loggerDefined__C)
                  00819de6    00000002     clock_pe66.oe66 (.const:ti_sysbios_knl_Semaphore_Module__id__C)
                  00819de8    00000002     clock_pe66.oe66 (.const:ti_sysbios_knl_Semaphore_Module__loggerDefined__C)
                  00819dea    00000002     clock_pe66.oe66 (.const:ti_sysbios_knl_Swi_Module__id__C)
                  00819dec    00000002     clock_pe66.oe66 (.const:ti_sysbios_knl_Swi_Module__loggerDefined__C)
                  00819dee    00000002     clock_pe66.oe66 (.const:ti_sysbios_knl_Task_Module__id__C)
                  00819df0    00000002     clock_pe66.oe66 (.const:ti_sysbios_knl_Task_Module__loggerDefined__C)
                  00819df2    00000002     clock_pe66.oe66 (.const:ti_sysbios_knl_Task_initStackFlag__C)
                  00819df4    00000002     clock_pe66.oe66 (.const:ti_sysbios_timers_timer64_Timer_Module__id__C)
                  00819df6    00000002     clock_pe66.oe66 (.const:ti_sysbios_timers_timer64_Timer_startupNeeded__C)
                  00819df8    00000002     clock_pe66.oe66 (.const:ti_sysbios_timers_timer64_Timer_useTimer64pRegMap__C)
                  00819dfa    00000002     clock_pe66.oe66 (.const:xdc_runtime_Core_Module__id__C)
                  00819dfc    00000002     clock_pe66.oe66 (.const:xdc_runtime_Error_Module__loggerDefined__C)
                  00819dfe    00000002     clock_pe66.oe66 (.const:xdc_runtime_Error_maxDepth__C)
                  00819e00    00000002     clock_pe66.oe66 (.const:xdc_runtime_LoggerBuf_Module__id__C)
                  00819e02    00000002     clock_pe66.oe66 (.const:xdc_runtime_LoggerBuf_filterByLevel__C)
                  00819e04    00000002     clock_pe66.oe66 (.const:xdc_runtime_Memory_Module__id__C)
                  00819e06    00000002     clock_pe66.oe66 (.const:xdc_runtime_SysMin_flushAtExit__C)
                  00819e08    00000002     clock_pe66.oe66 (.const:xdc_runtime_Text_charCnt__C)
                  00819e0a    00000002     clock_pe66.oe66 (.const:xdc_runtime_Text_isLoaded__C)
                  00819e0c    00000002     clock_pe66.oe66 (.const:xdc_runtime_Text_registryModsLastId__C)
                  00819e0e    00000002     clock_pe66.oe66 (.const:xdc_runtime_Text_unnamedModsLastId__C)

.fardata.2 
*          0    0081ae10    00000ca4     UNINITIALIZED
                  0081ae10    00000204     clock_pe66.oe66 (.fardata)
                  0081b014    00000004     rts6600_elf.lib : _lock.obj (.fardata:_lock)
                  0081b018    000001e0                     : defs.obj (.fardata:_ftable)
                  0081b1f8    00000180     clock_pe66.oe66 (.fardata:ti_sysbios_timers_timer64_Timer_Module_State_0_device__A)
                  0081b378    000000a0     rts6600_elf.lib : lowlev.obj (.fardata:_stream)
                  0081b418    000000a0     lowcoefficients.obj (.fardata:coef)
                  0081b4b8    000000a0     main.obj (.fardata:filtbuff1)
                  0081b558    000000a0     main.obj (.fardata:filtbuff2)
                  0081b5f8    00000080     clock_pe66.oe66 (.fardata:ti_sysbios_knl_Swi_Module_State_0_readyQ__A)
                  0081b678    00000080     clock_pe66.oe66 (.fardata:ti_sysbios_knl_Task_Module_State_0_readyQ__A)
                  0081b6f8    00000080     clock_pe66.oe66 (.fardata:ti_sysbios_timers_timer64_Timer_Module_State_0_gctrl__A)
                  0081b778    00000080     clock_pe66.oe66 (.fardata:ti_sysbios_timers_timer64_Timer_Module_State_0_handles__A)
                  0081b7f8    00000080     clock_pe66.oe66 (.fardata:ti_sysbios_timers_timer64_Timer_Module_State_0_intFreqs__A)
                  0081b878    00000078     rts6600_elf.lib : lowlev.obj (.fardata:_device)
                  0081b8f0    00000050     clock_pe66.oe66 (.fardata:ti_sysbios_timers_timer64_Timer_Object__table__V)
                  0081b940    0000004c     clock_pe66.oe66 (.fardata:ti_sysbios_knl_Task_Object__table__V)
                  0081b98c    00000004     rts6600_elf.lib : _lock.obj (.fardata:_unlock)
                  0081b990    00000040     clock_pe66.oe66 (.fardata:ti_sysbios_gates_GateMutex_Object__table__V)
                  0081b9d0    00000030     clock_pe66.oe66 (.fardata:ti_sysbios_knl_Swi_Object__table__V)
                  0081ba00    00000024     clock_pe66.oe66 (.fardata:xdc_runtime_LoggerBuf_Object__table__V)
                  0081ba24    00000004     rts6600_elf.lib : defs.obj (.fardata)
                  0081ba28    00000018     clock_pe66.oe66 (.fardata:ti_sysbios_family_c64p_Hwi_Object__table__V)
                  0081ba40    00000018     clock_pe66.oe66 (.fardata:ti_sysbios_heaps_HeapMem_Object__table__V)
                  0081ba58    00000010     Adaptive.obj (.fardata:X)
                  0081ba68    00000010     Adaptive.obj (.fardata:h)
                  0081ba78    00000010     clock_pe66.oe66 (.fardata:xdc_runtime_System_Module_State_0_atexitHandlers__A)
                  0081ba88    0000000c     rts6600_elf.lib : exit.obj (.fardata)
                  0081ba94    00000004     --HOLE--
                  0081ba98    00000006     main.obj (.fardata:y)
                  0081ba9e    00000002     --HOLE--
                  0081baa0    00000006     main.obj (.fardata:z)
                  0081baa6    00000002     --HOLE--
                  0081baa8    00000004     clock_pe66.oe66 (.fardata:ti_sysbios_gates_GateHwi_Object__table__V)
                  0081baac    00000004     --HOLE--
                  0081bab0    00000004     clock_pe66.oe66 (.fardata:ti_sysbios_knl_Task_Module_State_0_idleTask__A)

.cio       0    0081bab8    00000120     UNINITIALIZED
                  0081bab8    00000120     rts6600_elf.lib : trgmsg.obj (.cio)

.vecs      0    0081bc00    00000200     
                  0081bc00    00000200     clock_pe66.oe66 (.vecs)

xdc.meta   0    00800000    000000e8     COPY SECTION
                  00800000    000000e8     clock_pe66.oe66 (xdc.meta)


LINKER GENERATED COPY TABLES

__TI_cinit_table @ 0081c474 records: 5, size/record: 8, table size: 40
	.fardata.2: load addr=0081be00, load size=00000637 bytes, run addr=0081ae10, run size=00000ca4 bytes, compression=rle
	.fardata.1: load addr=0081c438, load size=0000000d bytes, run addr=008174e8, run size=00000008 bytes, compression=rle
	.neardata: load addr=0081c448, load size=0000000d bytes, run addr=0081bbe8, run size=00000014 bytes, compression=rle
	.bss: load addr=0081c464, load size=00000008 bytes, run addr=0081bbd8, run size=00000010 bytes, compression=zero_init
	.far: load addr=0081c46c, load size=00000008 bytes, run addr=008103a0, run size=00007148 bytes, compression=zero_init


LINKER GENERATED HANDLER TABLE

__TI_handler_table @ 0081c458 records: 3, size/record: 4, table size: 12
	index: 0, handler: __TI_zero_init
	index: 1, handler: __TI_decompress_rle24
	index: 2, handler: __TI_decompress_none


GLOBAL SYMBOLS: SORTED ALPHABETICALLY BY Name 

address   name                                                       
-------   ----                                                       
0081bbe8  A                                                          
0081bbea  B                                                          
0080fc20  C$$EXIT                                                    
0080dbe0  C$$IO$$                                                    
0081bbf8  E                                                          
0080ce80  HOSTclose                                                  
0080af20  HOSTlseek                                                  
0080bb00  HOSTopen                                                   
0080c580  HOSTread                                                   
00809160  HOSTrename                                                 
0080c640  HOSTunlink                                                 
0080bbe0  HOSTwrite                                                  
0081bbd8  Input_Data                                                 
0080ba20  LMS_isrNoOpt                                               
0081bbda  Output_Data1                                               
0081bbdc  Output_Data2                                               
0081bbde  Output_Data3                                               
0081bbe0  Output_Data4                                               
0081bbe2  Output_Data5                                               
0081bbe4  Output_Data6                                               
0081bbe6  Output_Data7                                               
0081b940  TSK_idle                                                   
0081ba58  X                                                          
0081bbf4  Y                                                          
00800000  __ASM__                                                    
0081bab8  __CIOBUF_                                                  
00800058  __ISA__                                                    
00800070  __PLAT__                                                   
00800098  __TARG__                                                   
0081c474  __TI_CINIT_Base                                            
0081c49c  __TI_CINIT_Limit                                           
0081c458  __TI_Handler_Table_Base                                    
0081c464  __TI_Handler_Table_Limit                                   
UNDEFED   __TI_INITARRAY_Base                                        
UNDEFED   __TI_INITARRAY_Limit                                       
0081ae10  __TI_STACK_END                                             
00001000  __TI_STACK_SIZE                                            
0081bbd8  __TI_STATIC_BASE                                           
00000001  __TI_args_main                                             
0080cf20  __TI_cleanup                                               
0081ba88  __TI_cleanup_ptr                                           
0080a0c0  __TI_closefile                                             
0080fc40  __TI_decompress_none                                       
0080fc60  __TI_decompress_rle24                                      
0080c700  __TI_doflush                                               
0081ba8c  __TI_dtors_ptr                                             
0081ba90  __TI_enable_exit_profile_output                            
0080e880  __TI_frcmpyd_div                                           
0081ba24  __TI_ft_end                                                
ffffffff  __TI_pprof_out_hndl                                        
00803c60  __TI_printfi                                               
ffffffff  __TI_prof_data_size                                        
ffffffff  __TI_prof_data_start                                       
0080db00  __TI_readmsg                                               
008173a0  __TI_tmpnams                                               
0080db80  __TI_writemsg                                              
0080b020  __TI_wrt_ok                                                
0080be80  __TI_zero_init                                             
008000c0  __TRDR__                                                   
ffffffff  __binit__                                                  
00802ba0  __c6xabi_divd                                              
0080c7c0  __c6xabi_divu                                              
00808680  __c6xabi_divul                                             
008065e0  __c6xabi_divull                                            
0080f180  __c6xabi_isinf                                             
0080dc00  __c6xabi_llshl                                             
0080e8e0  __c6xabi_llshru                                            
0080cfc0  __c6xabi_remu                                              
ffffffff  __c_args__                                                 
0080c7c0  __divu                                                     
0080cfc0  __remu                                                     
0080fb40  __xdc__init                                                
0081b010  __xdc__init__addr                                          
0080f200  _args_main                                                 
00000000  _argsize                                                   
0080a200  _auto_init_elf                                             
0080d060  _c_int00                                                   
008195f0  _ctypes_                                                   
0081b018  _ftable                                                    
0081b014  _lock                                                      
0080fb60  _nop                                                       
0080fbc0  _register_lock                                             
0080fbe0  _register_unlock                                           
00819e10  _stack                                                     
0080e940  _subcull                                                   
0081b98c  _unlock                                                    
0080fc20  abort                                                      
0080b320  atoi                                                       
ffffffff  binit                                                      
008123a0  buffer0                                                    
00812ba0  buffer1                                                    
008133a0  buffer2                                                    
00813ba0  buffer3                                                    
008143a0  buffer4                                                    
00814ba0  buffer5                                                    
008153a0  buffer6                                                    
00815ba0  buffer7                                                    
0080bda0  close                                                      
0081b418  coef                                                       
0080c880  exit                                                       
0081b4b8  filtbuff1                                                  
0081b558  filtbuff2                                                  
00804120  filter1                                                    
00804210  filter2                                                    
0081bbf0  force                                                      
00807a20  fputc                                                      
008044a0  fputs                                                      
0080f280  free                                                       
0080a980  fseek                                                      
0081ba68  h                                                          
0080ea60  lseek                                                      
0080bf60  ltoa                                                       
008042e4  main                                                       
0080eac0  malloc                                                     
0080eb20  memccpy                                                    
0080d2e0  memcpy                                                     
0080c040  memset                                                     
0081bbec  my_pE                                                      
0080c120  printf                                                     
0080e400  remove                                                     
00806ca0  setvbuf                                                    
008040c0  sinegen                                                    
0081ae10  ti_sysbios_BIOS_Module__state__V                           
0080fc80  ti_sysbios_BIOS_RtsGateProxy_enter__E                      
0080fca0  ti_sysbios_BIOS_RtsGateProxy_leave__E                      
0080fee0  ti_sysbios_BIOS_RtsGateProxy_query__E                      
0080dd80  ti_sysbios_BIOS_atExitFunc__I                              
0080eb80  ti_sysbios_BIOS_errorRaiseHook__I                          
0080f2c0  ti_sysbios_BIOS_exitFunc__I                                
0080fcc0  ti_sysbios_BIOS_nullFunc__I                                
0080de00  ti_sysbios_BIOS_registerRTSLock__I                         
0080ebe0  ti_sysbios_BIOS_removeRTSLock__I                           
0080f300  ti_sysbios_BIOS_rtsLock__I                                 
0080f340  ti_sysbios_BIOS_rtsUnlock__I                               
0080fce0  ti_sysbios_BIOS_setThreadType__E                           
0080f380  ti_sysbios_BIOS_startFunc__I                               
0080fd00  ti_sysbios_family_c62_TaskSupport_Module__startupDone__S   
0080f240  ti_sysbios_family_c62_TaskSupport_buildTaskStack           
0080fd20  ti_sysbios_family_c62_TaskSupport_checkStack__E            
0080fc00  ti_sysbios_family_c62_TaskSupport_glue                     
0080de80  ti_sysbios_family_c62_TaskSupport_start__E                 
0080dc80  ti_sysbios_family_c62_TaskSupport_swap__E                  
00819934  ti_sysbios_family_c64p_Exception_E_exceptionMax__C         
00818cd6  ti_sysbios_family_c64p_Exception_Module__id__C             
0081ae34  ti_sysbios_family_c64p_Exception_Module__state__V          
0080d380  ti_sysbios_family_c64p_Exception_Module_startup__E         
00809980  ti_sysbios_family_c64p_Exception_dispatch__E               
00819bd0  ti_sysbios_family_c64p_Exception_exceptionHook__C          
00819bd4  ti_sysbios_family_c64p_Exception_externalHook__C           
008008a0  ti_sysbios_family_c64p_Exception_handler__I                
00806ee0  ti_sysbios_family_c64p_Exception_internalHandler__I        
00819bd8  ti_sysbios_family_c64p_Exception_internalHook__C           
00819bdc  ti_sysbios_family_c64p_Exception_nmiHook__C                
008196f2  ti_sysbios_family_c64p_Exception_useInternalBuffer__C      
0081bc00  ti_sysbios_family_c64p_Hwi0                                
00819be0  ti_sysbios_family_c64p_Hwi_LD_end__C                       
00819be4  ti_sysbios_family_c64p_Hwi_LM_begin__C                     
00819be8  ti_sysbios_family_c64p_Hwi_Module__diagsEnabled__C         
00819bec  ti_sysbios_family_c64p_Hwi_Module__diagsIncluded__C        
00819bf0  ti_sysbios_family_c64p_Hwi_Module__diagsMask__C            
00819b86  ti_sysbios_family_c64p_Hwi_Module__id__C                   
00819ba2  ti_sysbios_family_c64p_Hwi_Module__loggerDefined__C        
00819bf4  ti_sysbios_family_c64p_Hwi_Module__loggerFxn1__C           
00819bf8  ti_sysbios_family_c64p_Hwi_Module__loggerFxn8__C           
00819bfc  ti_sysbios_family_c64p_Hwi_Module__loggerObj__C            
0081ae64  ti_sysbios_family_c64p_Hwi_Module__root__V                 
0080fd40  ti_sysbios_family_c64p_Hwi_Module__startupDone__F          
0080fd40  ti_sysbios_family_c64p_Hwi_Module__startupDone__S          
0081ae6c  ti_sysbios_family_c64p_Hwi_Module__state__V                
0080a480  ti_sysbios_family_c64p_Hwi_Module_startup__E               
0081ba28  ti_sysbios_family_c64p_Hwi_Object__table__V                
0080fd60  ti_sysbios_family_c64p_Hwi_clearInterrupt__E               
0080f3c0  ti_sysbios_family_c64p_Hwi_disableInterrupt__E             
00808280  ti_sysbios_family_c64p_Hwi_dispatchAlways                  
0080d420  ti_sysbios_family_c64p_Hwi_dispatchC__I                    
00806120  ti_sysbios_family_c64p_Hwi_dispatchCore__I                 
0080f400  ti_sysbios_family_c64p_Hwi_enableInterrupt__E              
0080d4c0  ti_sysbios_family_c64p_Hwi_getStackInfo__E                 
0081bc00  ti_sysbios_family_c64p_Hwi_int0                            
0081bc20  ti_sysbios_family_c64p_Hwi_int1                            
0081bd40  ti_sysbios_family_c64p_Hwi_int10                           
0081bd60  ti_sysbios_family_c64p_Hwi_int11                           
0081bd80  ti_sysbios_family_c64p_Hwi_int12                           
0081bda0  ti_sysbios_family_c64p_Hwi_int13                           
0081bdc0  ti_sysbios_family_c64p_Hwi_int14                           
0081bde0  ti_sysbios_family_c64p_Hwi_int15                           
0081bc40  ti_sysbios_family_c64p_Hwi_int2                            
0081bc60  ti_sysbios_family_c64p_Hwi_int3                            
0081bc80  ti_sysbios_family_c64p_Hwi_int4                            
0081bca0  ti_sysbios_family_c64p_Hwi_int5                            
0081bcc0  ti_sysbios_family_c64p_Hwi_int6                            
0081bce0  ti_sysbios_family_c64p_Hwi_int7                            
0081bd00  ti_sysbios_family_c64p_Hwi_int8                            
0081bd20  ti_sysbios_family_c64p_Hwi_int9                            
0080fd80  ti_sysbios_family_c64p_Hwi_startup__E                      
0080e9a0  ti_sysbios_family_c64p_Hwi_switchAndDispatch__I            
0080fda0  ti_sysbios_family_c64p_Hwi_switchFromBootStack__E          
0080fdc0  ti_sysbios_family_c64p_TimestampProvider_Module_startup__E 
0080fde0  ti_sysbios_family_c64p_TimestampProvider_get32__E          
0080fe00  ti_sysbios_family_c64p_TimestampProvider_get64__E          
0080fe20  ti_sysbios_family_c64p_tci6488_TimerSupport_enable__E      
00819ba4  ti_sysbios_family_c66_Cache_initSize__C                    
008191f0  ti_sysbios_family_c66_Cache_marvalues__C                   
0080aaa0  ti_sysbios_family_c66_Cache_startup__I                     
0080ea00  ti_sysbios_family_xxx_Hwi_switchAndRunFunc                 
0080f440  ti_sysbios_gates_GateHwi_Handle__label__S                  
0080fe40  ti_sysbios_gates_GateHwi_Instance_init__E                  
008199d8  ti_sysbios_gates_GateHwi_Module__FXNS__C                   
0081aed8  ti_sysbios_gates_GateHwi_Module__root__V                   
00819a68  ti_sysbios_gates_GateHwi_Object__DESC__C                   
00819b28  ti_sysbios_gates_GateHwi_Object__PARAMS__C                 
0080df00  ti_sysbios_gates_GateHwi_Object__create__S                 
0080f480  ti_sysbios_gates_GateHwi_Object__delete__S                 
0081baa8  ti_sysbios_gates_GateHwi_Object__table__V                  
0080fe60  ti_sysbios_gates_GateHwi_enter__E                          
0080fe80  ti_sysbios_gates_GateHwi_leave__E                          
0080fea0  ti_sysbios_gates_GateHwi_query__E                          
00819c00  ti_sysbios_gates_GateMutex_A_badContext__C                 
0080f4c0  ti_sysbios_gates_GateMutex_Handle__label__S                
00819c04  ti_sysbios_gates_GateMutex_Instance_State_sem__O           
0080fec0  ti_sysbios_gates_GateMutex_Instance_finalize__E            
0080f500  ti_sysbios_gates_GateMutex_Instance_init__E                
008199fc  ti_sysbios_gates_GateMutex_Module__FXNS__C                 
00819c08  ti_sysbios_gates_GateMutex_Module__diagsEnabled__C         
00819c0c  ti_sysbios_gates_GateMutex_Module__diagsIncluded__C        
00819c10  ti_sysbios_gates_GateMutex_Module__diagsMask__C            
00819ddc  ti_sysbios_gates_GateMutex_Module__id__C                   
0081aee0  ti_sysbios_gates_GateMutex_Module__root__V                 
00819a88  ti_sysbios_gates_GateMutex_Object__DESC__C                 
00819b40  ti_sysbios_gates_GateMutex_Object__PARAMS__C               
0080df80  ti_sysbios_gates_GateMutex_Object__create__S               
0080ec40  ti_sysbios_gates_GateMutex_Object__delete__S               
0081b990  ti_sysbios_gates_GateMutex_Object__table__V                
00808860  ti_sysbios_gates_GateMutex_enter__E                        
0080f540  ti_sysbios_gates_GateMutex_leave__E                        
0080fee0  ti_sysbios_gates_GateMutex_query__E                        
00819c14  ti_sysbios_hal_Hwi_E_stackOverflow__C                      
0080ff00  ti_sysbios_hal_Hwi_HwiProxy_Module__startupDone__S         
0080fd60  ti_sysbios_hal_Hwi_HwiProxy_clearInterrupt__E              
0080f3c0  ti_sysbios_hal_Hwi_HwiProxy_disableInterrupt__E            
0080f400  ti_sysbios_hal_Hwi_HwiProxy_enableInterrupt__E             
0080d4c0  ti_sysbios_hal_Hwi_HwiProxy_getStackInfo__E                
0080fd80  ti_sysbios_hal_Hwi_HwiProxy_startup__E                     
0080fda0  ti_sysbios_hal_Hwi_HwiProxy_switchFromBootStack__E         
00819dde  ti_sysbios_hal_Hwi_Module__id__C                           
0081aee8  ti_sysbios_hal_Hwi_Module__root__V                         
0080ff20  ti_sysbios_hal_Hwi_Module_startup__E                       
008174e8  ti_sysbios_hal_Hwi_Object__table__V                        
[...]
00819a44  ti_sysbios_knl_Semaphore_Object__PARAMS__C                 
00819a68  ti_sysbios_gates_GateHwi_Object__DESC__C                   
00819a88  ti_sysbios_gates_GateMutex_Object__DESC__C                 
00819aa8  ti_sysbios_heaps_HeapMem_Object__DESC__C                   
00819ac8  ti_sysbios_knl_Queue_Object__DESC__C                       
00819ae8  ti_sysbios_knl_Semaphore_Object__DESC__C                   
00819b08  xdc_runtime_LoggerBuf_Object__DESC__C                      
00819b28  ti_sysbios_gates_GateHwi_Object__PARAMS__C                 
00819b40  ti_sysbios_gates_GateMutex_Object__PARAMS__C               
00819b58  ti_sysbios_knl_Queue_Object__PARAMS__C                     
00819b70  xdc_runtime_Startup_sfxnRts__A                             
00819b86  ti_sysbios_family_c64p_Hwi_Module__id__C                   
00819ba2  ti_sysbios_family_c64p_Hwi_Module__loggerDefined__C        
00819ba4  ti_sysbios_family_c66_Cache_initSize__C                    
00819bb0  ti_sysbios_knl_Idle_funcList__C                            
00819bb8  xdc_runtime_Startup_firstFxns__A                           
00819bc0  xdc_runtime_Startup_firstFxns__C                           
00819bc8  xdc_runtime_Startup_lastFxns__C                            
00819bd0  ti_sysbios_family_c64p_Exception_exceptionHook__C          
00819bd4  ti_sysbios_family_c64p_Exception_externalHook__C           
00819bd8  ti_sysbios_family_c64p_Exception_internalHook__C           
00819bdc  ti_sysbios_family_c64p_Exception_nmiHook__C                
00819be0  ti_sysbios_family_c64p_Hwi_LD_end__C                       
00819be4  ti_sysbios_family_c64p_Hwi_LM_begin__C                     
00819be8  ti_sysbios_family_c64p_Hwi_Module__diagsEnabled__C         
00819bec  ti_sysbios_family_c64p_Hwi_Module__diagsIncluded__C        
00819bf0  ti_sysbios_family_c64p_Hwi_Module__diagsMask__C            
00819bf4  ti_sysbios_family_c64p_Hwi_Module__loggerFxn1__C           
00819bf8  ti_sysbios_family_c64p_Hwi_Module__loggerFxn8__C           
00819bfc  ti_sysbios_family_c64p_Hwi_Module__loggerObj__C            
00819c00  ti_sysbios_gates_GateMutex_A_badContext__C                 
00819c04  ti_sysbios_gates_GateMutex_Instance_State_sem__O           
00819c08  ti_sysbios_gates_GateMutex_Module__diagsEnabled__C         
00819c0c  ti_sysbios_gates_GateMutex_Module__diagsIncluded__C        
00819c10  ti_sysbios_gates_GateMutex_Module__diagsMask__C            
00819c14  ti_sysbios_hal_Hwi_E_stackOverflow__C                      
00819c18  ti_sysbios_heaps_HeapMem_A_align__C                        
00819c1c  ti_sysbios_heaps_HeapMem_A_heapSize__C                     
00819c20  ti_sysbios_heaps_HeapMem_A_invalidFree__C                  
00819c24  ti_sysbios_heaps_HeapMem_A_zeroBlock__C                    
00819c28  ti_sysbios_heaps_HeapMem_E_memory__C                       
00819c2c  ti_sysbios_heaps_HeapMem_Module__diagsEnabled__C           
00819c30  ti_sysbios_heaps_HeapMem_Module__diagsIncluded__C          
00819c34  ti_sysbios_heaps_HeapMem_Module__diagsMask__C              
00819c38  ti_sysbios_heaps_HeapMem_Module__gateObj__C                
00819c3c  ti_sysbios_heaps_HeapMem_Object__count__C                  
00819c40  ti_sysbios_heaps_HeapMem_reqAlign__C                       
00819c44  ti_sysbios_knl_Clock_LM_begin__C                           
00819c48  ti_sysbios_knl_Clock_LM_tick__C                            
00819c4c  ti_sysbios_knl_Clock_LW_delayed__C                         
00819c50  ti_sysbios_knl_Clock_Module_State_clockQ__O                
00819c54  ti_sysbios_knl_Clock_Module__diagsEnabled__C               
00819c58  ti_sysbios_knl_Clock_Module__diagsIncluded__C              
00819c5c  ti_sysbios_knl_Clock_Module__diagsMask__C                  
00819c60  ti_sysbios_knl_Clock_Module__loggerFxn1__C                 
00819c64  ti_sysbios_knl_Clock_Module__loggerFxn2__C                 
00819c68  ti_sysbios_knl_Clock_Module__loggerObj__C                  
00819c6c  ti_sysbios_knl_Semaphore_A_badContext__C                   
00819c70  ti_sysbios_knl_Idle_funcList__A                            
00819c74  ti_sysbios_knl_Semaphore_A_noEvents__C                     
00819c78  ti_sysbios_knl_Semaphore_A_overflow__C                     
00819c7c  ti_sysbios_knl_Semaphore_A_pendTaskDisabled__C             
00819c80  ti_sysbios_knl_Semaphore_Instance_State_pendQ__O           
00819c84  ti_sysbios_knl_Semaphore_LM_pend__C                        
00819c88  ti_sysbios_knl_Semaphore_LM_post__C                        
00819c8c  ti_sysbios_knl_Semaphore_Module__diagsEnabled__C           
00819c90  ti_sysbios_knl_Semaphore_Module__diagsIncluded__C          
00819c94  ti_sysbios_knl_Semaphore_Module__diagsMask__C              
00819c98  ti_sysbios_knl_Semaphore_Module__loggerFxn2__C             
00819c9c  ti_sysbios_knl_Semaphore_Module__loggerFxn4__C             
00819ca0  ti_sysbios_knl_Semaphore_Module__loggerObj__C              
00819ca4  ti_sysbios_knl_Swi_LD_end__C                               
00819ca8  ti_sysbios_knl_Swi_LM_begin__C                             
00819cac  ti_sysbios_knl_Swi_LM_post__C                              
00819cb0  ti_sysbios_knl_Swi_Module__diagsEnabled__C                 
00819cb4  ti_sysbios_knl_Swi_Module__diagsIncluded__C                
00819cb8  ti_sysbios_knl_Swi_Module__diagsMask__C                    
00819cbc  ti_sysbios_knl_Swi_Module__loggerFxn1__C                   
00819cc0  ti_sysbios_knl_Swi_Module__loggerFxn4__C                   
00819cc4  ti_sysbios_knl_Swi_Module__loggerObj__C                    
00819cc8  ti_sysbios_knl_Swi_Object__count__C                        
00819ccc  ti_sysbios_knl_Task_E_spOutOfBounds__C                     
00819cd0  ti_sysbios_knl_Task_E_stackOverflow__C                     
00819cd4  ti_sysbios_knl_Task_LD_block__C                            
00819cd8  ti_sysbios_knl_Task_LD_exit__C                             
00819cdc  ti_sysbios_knl_Task_LD_ready__C                            
00819ce0  ti_sysbios_knl_Task_LM_switch__C                           
00819ce4  ti_sysbios_knl_Task_Module_State_inactiveQ__O              
00819ce8  ti_sysbios_knl_Task_Module__diagsEnabled__C                
00819cec  ti_sysbios_knl_Task_Module__diagsIncluded__C               
00819cf0  ti_sysbios_knl_Task_Module__diagsMask__C                   
00819cf4  ti_sysbios_knl_Task_Module__loggerFxn2__C                  
00819cf8  ti_sysbios_knl_Task_Module__loggerFxn4__C                  
00819cfc  ti_sysbios_knl_Task_Module__loggerObj__C                   
00819d00  ti_sysbios_knl_Task_Object__count__C                       
00819d04  ti_sysbios_knl_Task_allBlockedFunc__C                      
00819d08  ti_sysbios_knl_Task_numConstructedTasks__C                 
00819d0c  ti_sysbios_timers_timer64_Timer_A_notAvailable__C          
00819d10  ti_sysbios_timers_timer64_Timer_E_cannotSupport__C         
00819d14  ti_sysbios_timers_timer64_Timer_Module__diagsEnabled__C    
00819d18  ti_sysbios_timers_timer64_Timer_Module__diagsIncluded__C   
00819d1c  ti_sysbios_timers_timer64_Timer_Module__diagsMask__C       
00819d20  ti_sysbios_timers_timer64_Timer_anyMaskHigh__C             
00819d24  ti_sysbios_timers_timer64_Timer_anyMask__C                 
00819d28  ti_sysbios_timers_timer64_Timer_freqDivisor__C             
00819d2c  ti_sysbios_timers_timer64_Timer_numLocalTimers__C          
00819d30  ti_sysbios_timers_timer64_Timer_numTimerDevices__C         
00819d34  xdc_runtime_Assert_E_assertFailed__C                       
00819d38  xdc_runtime_Core_A_initializedParams__C                    
00819d3c  xdc_runtime_Core_Module__diagsEnabled__C                   
00819d40  xdc_runtime_Core_Module__diagsIncluded__C                  
00819d44  xdc_runtime_Core_Module__diagsMask__C                      
00819d48  xdc_runtime_Error_E_memory__C                              
00819d4c  xdc_runtime_Error_Module__diagsEnabled__C                  
00819d50  xdc_runtime_Error_Module__diagsIncluded__C                 
00819d54  xdc_runtime_Error_Module__diagsMask__C                     
00819d58  xdc_runtime_Error_Module__loggerFxn8__C                    
00819d5c  xdc_runtime_Error_Module__loggerObj__C                     
00819d60  xdc_runtime_Error_policyFxn__C                             
00819d64  xdc_runtime_Error_policy__C                                
00819d68  xdc_runtime_Error_raiseHook__C                             
00819d6c  xdc_runtime_IFilterLogger_Interface__BASE__C               
00819d70  xdc_runtime_IGateProvider_Interface__BASE__C               
00819d74  xdc_runtime_IHeap_Interface__BASE__C                       
00819d78  xdc_runtime_ILogger_Interface__BASE__C                     
00819d7c  xdc_runtime_IModule_Interface__BASE__C                     
00819d80  xdc_runtime_Log_L_error__C                                 
00819d84  xdc_runtime_LoggerBuf_E_badLevel__C                        
00819d88  xdc_runtime_LoggerBuf_Module__gateObj__C                   
00819d8c  xdc_runtime_LoggerBuf_Object__count__C                     
00819d90  xdc_runtime_LoggerBuf_statusLogger__C                      
00819d94  xdc_runtime_Memory_defaultHeapInstance__C                  
00819d98  xdc_runtime_Startup_execImpl__C                            
00819d9c  xdc_runtime_Startup_maxPasses__C                           
00819da0  xdc_runtime_Startup_sfxnRts__C                             
00819da4  xdc_runtime_Startup_sfxnTab__C                             
00819da8  xdc_runtime_SysMin_bufSize__C                              
00819dac  xdc_runtime_SysMin_outputFunc__C                           
00819db0  xdc_runtime_System_Module__gateObj__C                      
00819db4  xdc_runtime_System_abortFxn__C                             
00819db8  xdc_runtime_System_exitFxn__C                              
00819dbc  xdc_runtime_System_extendFxn__C                            
00819dc0  xdc_runtime_System_maxAtexitHandlers__C                    
00819dc4  xdc_runtime_Text_charTab__C                                
00819dc8  xdc_runtime_Text_nameEmpty__C                              
00819dcc  xdc_runtime_Text_nameStatic__C                             
00819dd0  xdc_runtime_Text_nameUnknown__C                            
00819dd4  xdc_runtime_Text_nodeTab__C                                
00819dd8  xdc_runtime_Text_visitRopeFxn__C                           
00819ddc  ti_sysbios_gates_GateMutex_Module__id__C                   
00819dde  ti_sysbios_hal_Hwi_Module__id__C                           
00819de0  ti_sysbios_heaps_HeapMem_Module__id__C                     
00819de2  ti_sysbios_knl_Clock_Module__id__C                         
00819de4  ti_sysbios_knl_Clock_Module__loggerDefined__C              
00819de6  ti_sysbios_knl_Semaphore_Module__id__C                     
00819de8  ti_sysbios_knl_Semaphore_Module__loggerDefined__C          
00819dea  ti_sysbios_knl_Swi_Module__id__C                           
00819dec  ti_sysbios_knl_Swi_Module__loggerDefined__C                
00819dee  ti_sysbios_knl_Task_Module__id__C                          
00819df0  ti_sysbios_knl_Task_Module__loggerDefined__C               
00819df2  ti_sysbios_knl_Task_initStackFlag__C                       
00819df4  ti_sysbios_timers_timer64_Timer_Module__id__C              
00819df6  ti_sysbios_timers_timer64_Timer_startupNeeded__C           
00819df8  ti_sysbios_timers_timer64_Timer_useTimer64pRegMap__C       
00819dfa  xdc_runtime_Core_Module__id__C                             
00819dfc  xdc_runtime_Error_Module__loggerDefined__C                 
00819dfe  xdc_runtime_Error_maxDepth__C                              
00819e00  xdc_runtime_LoggerBuf_Module__id__C                        
00819e02  xdc_runtime_LoggerBuf_filterByLevel__C                     
00819e04  xdc_runtime_Memory_Module__id__C                           
00819e06  xdc_runtime_SysMin_flushAtExit__C                          
00819e08  xdc_runtime_Text_charCnt__C                                
00819e0a  xdc_runtime_Text_isLoaded__C                               
00819e0c  xdc_runtime_Text_registryModsLastId__C                     
00819e0e  xdc_runtime_Text_unnamedModsLastId__C                      
00819e10  _stack                                                     
0081ae10  __TI_STACK_END                                             
0081ae10  ti_sysbios_BIOS_Module__state__V                           
0081ae34  ti_sysbios_family_c64p_Exception_Module__state__V          
0081ae64  ti_sysbios_family_c64p_Hwi_Module__root__V                 
0081ae6c  ti_sysbios_family_c64p_Hwi_Module__state__V                
0081aed8  ti_sysbios_gates_GateHwi_Module__root__V                   
0081aee0  ti_sysbios_gates_GateMutex_Module__root__V                 
0081aee8  ti_sysbios_hal_Hwi_Module__root__V                         
0081aef0  ti_sysbios_heaps_HeapMem_Module__root__V                   
0081aef8  ti_sysbios_knl_Clock_Module__root__V                       
0081af00  ti_sysbios_knl_Clock_Module__state__V                      
0081af2c  ti_sysbios_knl_Queue_Module__root__V                       
0081af34  ti_sysbios_knl_Semaphore_Module__root__V                   
0081af3c  ti_sysbios_knl_Swi_Module__root__V                         
0081af44  ti_sysbios_knl_Swi_Module__state__V                        
0081af60  ti_sysbios_knl_Task_Module__root__V                        
0081af68  ti_sysbios_knl_Task_Module__state__V                       
0081afac  ti_sysbios_timers_timer64_Timer_Module__root__V            
0081afb4  ti_sysbios_timers_timer64_Timer_Module__state__V           
0081afcc  xdc_runtime_Error_Module__state__V                         
0081afd0  xdc_runtime_LoggerBuf_Module__root__V                      
0081afd8  xdc_runtime_LoggerBuf_Module__state__V                     
0081afe0  xdc_runtime_Memory_Module__state__V                        
0081afe4  xdc_runtime_Registry_Module__state__V                      
0081afec  xdc_runtime_Startup_Module__state__V                       
0081aff4  xdc_runtime_SysMin_Module__state__V                        
0081b000  xdc_runtime_System_Module__state__V                        
0081b008  xdc_runtime_Text_Module__state__V                          
0081b010  __xdc__init__addr                                          
0081b014  _lock                                                      
0081b018  _ftable                                                    
0081b1f8  ti_sysbios_timers_timer64_Timer_Module_State_0_device__A   
0081b418  coef                                                       
0081b4b8  filtbuff1                                                  
0081b558  filtbuff2                                                  
0081b5f8  ti_sysbios_knl_Swi_Module_State_0_readyQ__A                
0081b678  ti_sysbios_knl_Task_Module_State_0_readyQ__A               
0081b6f8  ti_sysbios_timers_timer64_Timer_Module_State_0_gctrl__A    
0081b778  ti_sysbios_timers_timer64_Timer_Module_State_0_handles__A  
0081b7f8  ti_sysbios_timers_timer64_Timer_Module_State_0_intFreqs__A 
0081b8f0  ti_sysbios_timers_timer64_Timer_Object__table__V           
0081b940  TSK_idle                                                   
0081b940  ti_sysbios_knl_Task_Object__table__V                       
0081b98c  _unlock                                                    
0081b990  ti_sysbios_gates_GateMutex_Object__table__V                
0081b9d0  ti_sysbios_knl_Swi_Object__table__V                        
0081ba00  xdc_runtime_LoggerBuf_Object__table__V                     
0081ba24  __TI_ft_end                                                
0081ba28  ti_sysbios_family_c64p_Hwi_Object__table__V                
0081ba40  ti_sysbios_heaps_HeapMem_Object__table__V                  
0081ba58  X                                                          
0081ba68  h                                                          
0081ba78  xdc_runtime_System_Module_State_0_atexitHandlers__A        
0081ba88  __TI_cleanup_ptr                                           
0081ba8c  __TI_dtors_ptr                                             
0081ba90  __TI_enable_exit_profile_output                            
0081ba98  y                                                          
0081baa0  z                                                          
0081baa8  ti_sysbios_gates_GateHwi_Object__table__V                  
0081bab0  ti_sysbios_knl_Task_Module_State_0_idleTask__A             
0081bab8  __CIOBUF_                                                  
0081bbd8  Input_Data                                                 
0081bbd8  __TI_STATIC_BASE                                           
0081bbda  Output_Data1                                               
0081bbdc  Output_Data2                                               
0081bbde  Output_Data3                                               
0081bbe0  Output_Data4                                               
0081bbe2  Output_Data5                                               
0081bbe4  Output_Data6                                               
0081bbe6  Output_Data7                                               
0081bbe8  A                                                          
0081bbea  B                                                          
0081bbec  my_pE                                                      
0081bbf0  force                                                      
0081bbf4  Y                                                          
0081bbf8  E                                                          
0081bc00  ti_sysbios_family_c64p_Hwi0                                
0081bc00  ti_sysbios_family_c64p_Hwi_int0                            
0081bc20  ti_sysbios_family_c64p_Hwi_int1                            
0081bc40  ti_sysbios_family_c64p_Hwi_int2                            
0081bc60  ti_sysbios_family_c64p_Hwi_int3                            
0081bc80  ti_sysbios_family_c64p_Hwi_int4                            
0081bca0  ti_sysbios_family_c64p_Hwi_int5                            
0081bcc0  ti_sysbios_family_c64p_Hwi_int6                            
0081bce0  ti_sysbios_family_c64p_Hwi_int7                            
0081bd00  ti_sysbios_family_c64p_Hwi_int8                            
0081bd20  ti_sysbios_family_c64p_Hwi_int9                            
0081bd40  ti_sysbios_family_c64p_Hwi_int10                           
0081bd60  ti_sysbios_family_c64p_Hwi_int11                           
0081bd80  ti_sysbios_family_c64p_Hwi_int12                           
0081bda0  ti_sysbios_family_c64p_Hwi_int13                           
0081bdc0  ti_sysbios_family_c64p_Hwi_int14                           
0081bde0  ti_sysbios_family_c64p_Hwi_int15                           
0081c458  __TI_Handler_Table_Base                                    
0081c464  __TI_Handler_Table_Limit                                   
0081c474  __TI_CINIT_Base                                            
0081c49c  __TI_CINIT_Limit                                           
ffffffff  __TI_pprof_out_hndl                                        
ffffffff  __TI_prof_data_size                                        
ffffffff  __TI_prof_data_start                                       
ffffffff  __binit__                                                  
ffffffff  __c_args__                                                 
ffffffff  binit                                                      
UNDEFED   __TI_INITARRAY_Base                                        
UNDEFED   __TI_INITARRAY_Limit                                       

[618 symbols]
