******************************************************************************
               TMS320C6x Linker PC v8.0.1                      
******************************************************************************
>> Linked Sun Mar 06 17:47:13 2016

OUTPUT FILE NAME:   <Adaptive_filter_all.out>
ENTRY POINT SYMBOL: "_c_int00"  address: 0080d4e0


MEMORY CONFIGURATION

         name            origin    length      used     unused   attr    fill
----------------------  --------  ---------  --------  --------  ----  --------
  L2SRAM                00800000   00080000  0001a802  000657fe  RW X
  MSMCSRAM              0c000000   00400000  00000000  00400000  RW X
  DDR3                  80000000   20000000  00000000  20000000  RWIX


SEGMENT ALLOCATION MAP

run origin  load origin   length   init length attrs members
----------  ----------- ---------- ----------- ----- -------
00800000    00800000    00010ae0   00010ae0    r-x
  00800000    00800000    00010ae0   00010ae0    r-x .text
00810ae0    00810ae0    00005148   00000000    rw-
  00810ae0    00810ae0    00005148   00000000    rw- .far
00815c28    00815c28    00002776   00002776    r--
  00815c28    00815c28    00002776   00002776    r-- .const
008183a0    008183a0    00001c28   00000000    rw-
  008183a0    008183a0    00001000   00000000    rw- .stack
  008193a0    008193a0    00000b04   00000000    rw- .fardata
  00819ea8    00819ea8    00000120   00000000    rw- .cio
00819fc8    00819fc8    00000038   00000038    r--
  00819fc8    00819fc8    00000038   00000038    r-- .switch
0081a000    0081a000    00000200   00000200    r-x
  0081a000    0081a000    00000200   00000200    r-x .vecs
0081a200    0081a200    00000024   00000000    rw-
  0081a200    0081a200    00000008   00000000    rw- .bss
  0081a208    0081a208    0000001c   00000000    rw- .neardata
0081a224    0081a224    000005e4   000005e4    r--
  0081a224    0081a224    000005e4   000005e4    r-- .cinit


SECTION ALLOCATION MAP

 output                                  attributes/
section   page    origin      length       input sections
--------  ----  ----------  ----------   ----------------
.stack     0    008183a0    00001000     UNINITIALIZED
                  008183a0    00000008     boot.ae66 : boot.oe66 (.stack)
                  008183a8    00000ff8     --HOLE--

.vecs      0    0081a000    00000200     
                  0081a000    00000200     clock_pe66.oe66 (.vecs)

.bss       0    0081a200    00000008     UNINITIALIZED
                  0081a200    00000002     (.common:Input_Data)
                  0081a202    00000002     (.common:Output_Data1)
                  0081a204    00000002     (.common:Output_Data2)
                  0081a206    00000002     (.common:Output_Data3)

.neardata 
*          0    0081a208    0000001c     UNINITIALIZED
                  0081a208    00000008     Adaptive.obj (.neardata)
                  0081a210    00000008     Adaptive_C.obj (.neardata)
                  0081a218    00000008     LMSCLinear1.obj (.neardata)
                  0081a220    00000004     main.obj (.neardata)

.rodata    0    0081a224    00000000     UNINITIALIZED

.cinit     0    0081a224    000005e4     
                  0081a224    00000595     (.cinit..fardata.load) [load image, compression = rle]
                  0081a7b9    00000003     --HOLE-- [fill = 0]
                  0081a7bc    0000000d     (.cinit..neardata.load) [load image, compression = rle]
                  0081a7c9    00000003     --HOLE-- [fill = 0]
                  0081a7cc    0000000c     (__TI_handler_table)
                  0081a7d8    00000008     (.cinit..bss.load) [load image, compression = zero_init]
                  0081a7e0    00000008     (.cinit..far.load) [load image, compression = zero_init]
                  0081a7e8    00000020     (__TI_cinit_table)

.init_array 
*          0    00800000    00000000     UNINITIALIZED

xdc.meta   0    00800000    000000e8     COPY SECTION
                  00800000    000000e8     clock_pe66.oe66 (xdc.meta)

.text      0    00800000    00010ae0     
                  00800000    00000860     ti.targets.rts6000.ae66 : System.oe66 (.text:xdc_runtime_System_doPrint__I)
                  00800860    00000780     sysbios.ae66 : BIOS.obj (.text:ti_sysbios_family_c64p_Exception_handler__I)
                  00800fe0    00000780                  : BIOS.obj (.text:ti_sysbios_knl_Semaphore_pend__E)
                  00801760    000006e0                  : BIOS.obj (.text:ti_sysbios_heaps_HeapMem_alloc__E)
                  00801e40    000006e0                  : BIOS.obj (.text:ti_sysbios_timers_timer64_Timer_Module_startup__E)
                  00802520    00000620                  : BIOS.obj (.text:ti_sysbios_heaps_HeapMem_free__E)
                  00802b40    00000600     rts6600_elf.lib : divd.obj (.text:__c6xabi_divd)
                  00803140    000005a0                     : _printfi.obj (.text:_setfield)
                  008036e0    00000580                     : _printfi.obj (.text:_getarg_diouxp)
                  00803c60    00000460                     : _printfi.obj (.text:__TI_printfi)
                  008040c0    00000380                     : fputs.obj (.text:fputs)
                  00804440    00000320     sysbios.ae66 : BIOS.obj (.text:ti_sysbios_timers_timer64_Timer_deviceConfig__I)
                  00804760    00000300     rts6600_elf.lib : _printfi.obj (.text:_pproc_fgea)
                  00804a60    00000300     sysbios.ae66 : BIOS.obj (.text:ti_sysbios_knl_Task_Module_startup__E)
                  00804d60    000002e0                  : BIOS.obj (.text:ti_sysbios_heaps_HeapMem_Instance_init__E)
                  00805040    000002c0     rts6600_elf.lib : _printfi.obj (.text:_pproc_fwp)
                  00805300    000002a0                     : _printfi.obj (.text:ecvt)
                  008055a0    000002a0     sysbios.ae66 : BIOS.obj (.text:ti_sysbios_knl_Clock_workFunc__E)
                  00805840    00000280     rts6600_elf.lib : _printfi.obj (.text:fcvt)
                  00805ac0    00000280     ti.targets.rts6000.ae66 : LoggerBuf.oe66 (.text:xdc_runtime_LoggerBuf_write8__E)
                  00805d40    00000260     rts6600_elf.lib : _printfi.obj (.text:_pconv_e)
                  00805fa0    00000260     sysbios.ae66 : BIOS.obj (.text:ti_sysbios_family_c64p_Hwi_dispatchCore__I)
                  00806200    00000240     rts6600_elf.lib : imath64.obj (.text:__c6xabi_divull)
                  00806440    00000240                     : _printfi.obj (.text:_pproc_diouxp)
                  00806680    00000240                     : _printfi.obj (.text:_pproc_str)
                  008068c0    00000240                     : _printfi.obj (.text:acvt)
                  00806b00    00000240                     : setvbuf.obj (.text:setvbuf)
                  00806d40    00000240     sysbios.ae66 : BIOS.obj (.text:ti_sysbios_family_c64p_Exception_internalHandler__I)
                  00806f80    00000240                  : BIOS.obj (.text:ti_sysbios_knl_Semaphore_post__E)
                  008071c0    00000240     clock_pe66.oe66 (.text:xdc_runtime_System_printfExtend__I)
                  00807400    00000220     rts6600_elf.lib : fputc.obj (.text:fputc)
                  00807620    00000220     sysbios.ae66 : BIOS.obj (.text:ti_sysbios_timers_timer64_Timer_setPeriodMicroSecs__E)
                  00807840    00000220     ti.targets.rts6000.ae66 : Core-mem.oe66 (.text:xdc_runtime_Core_createObject__I)
                  00807a60    00000200     rts6600_elf.lib : _printfi.obj (.text:_pconv_g)
                  00807c60    00000200     sysbios.ae66 : c64p_Hwi_disp_always.obj (.text:_ti_sysbios_family_c64p_Hwi_dispatchAlways)
                  00807e60    00000200                  : BIOS.obj (.text:ti_sysbios_knl_Swi_run__I)
                  00808060    000001e0     rts6600_elf.lib : imath40.obj (.text:__c6xabi_divul)
                  00808240    000001e0     main.obj (.text)
                  00808420    000001e0     sysbios.ae66 : BIOS.obj (.text:ti_sysbios_gates_GateMutex_enter__E)
                  00808600    000001e0                  : BIOS.obj (.text:ti_sysbios_knl_Task_checkStacks__E)
                  008087e0    000001e0     ti.targets.rts6000.ae66 : Error.oe66 (.text:xdc_runtime_Error_policyDefault__E)
                  008089c0    000001e0                             : Startup.oe66 (.text:xdc_runtime_Startup_startMods__I)
                  00808ba0    000001c0     sysbios.ae66 : BIOS.obj (.text:ti_sysbios_timers_timer64_Timer_getFreq__E)
                  00808d60    000001c0     ti.targets.rts6000.ae66 : LoggerBuf.oe66 (.text:xdc_runtime_LoggerBuf_write4__E)
                  00808f20    000001c0                             : Text.oe66 (.text:xdc_runtime_Text_putSite__E)
                  008090e0    000001a0     Adaptive_C.obj (.text)
                  00809280    000001a0     rts6600_elf.lib : trgdrv.obj (.text:HOSTrename)
                  00809420    000001a0                     : _printfi.obj (.text:_pconv_a)
                  008095c0    000001a0                     : frexp.obj (.text:frexp)
                  00809760    000001a0     sysbios.ae66 : BIOS.obj (.text:ti_sysbios_knl_Task_schedule__I)
                  00809900    000001a0                  : BIOS.obj (.text:ti_sysbios_timers_timer64_Timer_start__E)
                  00809aa0    00000180                  : c64p_Exception_asm.obj (.text)
                  00809c20    00000180                  : BIOS.obj (.text:ti_sysbios_knl_Task_exit__E)
                  00809da0    00000180                  : BIOS.obj (.text:ti_sysbios_knl_Task_startCore__E)
                  00809f20    00000180     ti.targets.rts6000.ae66 : Core-smem.oe66 (.text:xdc_runtime_Core_constructObject__I)
                  0080a0a0    00000160     LMSCLinear1.obj (.text)
                  0080a200    00000160     rts6600_elf.lib : copy_decompress_rle.obj (.text:__TI_decompress_rle_core)
                  0080a360    00000160                     : _printfi.obj (.text:_mcpy)
                  0080a4c0    00000140                     : fclose.obj (.text:__TI_closefile)
                  0080a600    00000140                     : lowlev.obj (.text:getdevice)
                  0080a740    00000140                     : ldexp.obj (.text:ldexp)
                  0080a880    00000140     sysbios.ae66 : BIOS.obj (.text:ti_sysbios_family_c64p_Hwi_Module_startup__E)
                  0080a9c0    00000140                  : BIOS.obj (.text:ti_sysbios_knl_Semaphore_Instance_init__E)
                  0080ab00    00000140                  : BIOS.obj (.text:ti_sysbios_knl_Swi_post__E)
                  0080ac40    00000140                  : BIOS.obj (.text:ti_sysbios_knl_Task_blockI__E)
                  0080ad80    00000120     boot.ae66 : autoinit.oe66 (.text:_auto_init_elf)
                  0080aea0    00000120     rts6600_elf.lib : fseek.obj (.text:fseek)
                  0080afc0    00000120     sysbios.ae66 : BIOS.obj (.text:ti_sysbios_family_c66_Cache_Module_startup__E)
                  0080b0e0    00000120                  : BIOS.obj (.text:ti_sysbios_knl_Task_unblockI__E)
                  0080b200    00000120     ti.targets.rts6000.ae66 : Core-mem.oe66 (.text:xdc_runtime_Core_deleteObject__I)
                  0080b320    00000120                             : LoggerBuf.oe66 (.text:xdc_runtime_LoggerBuf_setFilterLevel__E)
                  0080b440    00000120                             : Text.oe66 (.text:xdc_runtime_Text_putLab__E)
                  0080b560    00000120                             : Text.oe66 (.text:xdc_runtime_Text_putMod__E)
                  0080b680    00000100     rts6600_elf.lib : trgdrv.obj (.text:HOSTlseek)
                  0080b780    00000100                     : _io_perm.obj (.text:__TI_wrt_ok)
                  0080b880    00000100                     : _printfi.obj (.text:_ltostr)
                  0080b980    00000100                     : _printfi.obj (.text:_pproc_fflags)
                  0080ba80    00000100                     : atoi.obj (.text:atoi)
                  0080bb80    00000100     sysbios.ae66 : BIOS.obj (.text:ti_sysbios_knl_Swi_restoreHwi__E)
                  0080bc80    00000100                  : BIOS.obj (.text:ti_sysbios_timers_timer64_Timer_initDevice__I)
                  0080bd80    00000100     ti.targets.rts6000.ae66 : LoggerBuf.oe66 (.text:xdc_runtime_LoggerBuf_getFilterLevel__E)
                  0080be80    00000100                             : Startup.oe66 (.text:xdc_runtime_Startup_exec__E)
                  0080bf80    000000e0     rts6600_elf.lib : trgdrv.obj (.text:HOSTopen)
                  0080c060    000000e0                     : trgdrv.obj (.text:HOSTwrite)
                  0080c140    000000e0                     : _printfi.obj (.text:_div)
                  0080c220    000000e0                     : lowlev.obj (.text:close)
                  0080c300    000000e0                     : copy_zero_init.obj (.text:decompress:ZI:__TI_zero_init)
                  0080c3e0    000000e0                     : ltoa.obj (.text:ltoa)
                  0080c4c0    000000e0                     : memset.obj (.text:memset)
                  0080c5a0    000000e0                     : printf.obj (.text:printf)
                  0080c680    000000e0     sysbios.ae66 : BIOS.obj (.text:ti_sysbios_knl_Swi_runLoop__I)
                  0080c760    000000e0                  : BIOS.obj (.text:ti_sysbios_timers_timer64_Timer_startup__E)
                  0080c840    000000e0     ti.targets.rts6000.ae66 : Error.oe66 (.text:xdc_runtime_Error_print__E)
                  0080c920    000000e0                             : Memory.oe66 (.text:xdc_runtime_Memory_alloc__E)
                  0080ca00    000000c0     Adaptive.obj (.text)
                  0080cac0    000000c0     rts6600_elf.lib : trgdrv.obj (.text:HOSTread)
                  0080cb80    000000c0                     : trgdrv.obj (.text:HOSTunlink)
                  0080cc40    000000c0                     : fflush.obj (.text:__TI_doflush)
                  0080cd00    000000c0                     : divu.obj (.text:__divu)
                  0080cdc0    000000c0                     : _printfi.obj (.text:_ecpy)
                  0080ce80    000000c0                     : exit.obj (.text:exit)
                  0080cf40    000000c0     sysbios.ae66 : BIOS.obj (.text:ti_sysbios_heaps_HeapMem_getStats__E)
                  0080d000    000000c0                  : BIOS.obj (.text:ti_sysbios_knl_Clock_logTick__E)
                  0080d0c0    000000c0                  : BIOS.obj (.text:ti_sysbios_knl_Swi_schedule__I)
                  0080d180    000000c0                  : BIOS.obj (.text:ti_sysbios_knl_Task_allBlockedFunction__I)
                  0080d240    000000c0     ti.targets.rts6000.ae66 : Text.oe66 (.text:xdc_runtime_Text_visitRope2__I)
                  0080d300    000000a0     rts6600_elf.lib : trgdrv.obj (.text:HOSTclose)
                  0080d3a0    000000a0                     : fopen.obj (.text:__TI_cleanup)
                  0080d440    000000a0                     : remu.obj (.text:__remu)
                  0080d4e0    000000a0     boot.ae66 : boot.oe66 (.text:_c_int00)
                  0080d580    000000a0     rts6600_elf.lib : _printfi.obj (.text:_fcpy)
                  0080d620    000000a0                     : _printfi.obj (.text:_pconv_f)
                  0080d6c0    000000a0                     : memcpy64.obj (.text:memcpy)
                  0080d760    000000a0     sysbios.ae66 : BIOS.obj (.text:ti_sysbios_family_c64p_Exception_Module_startup__E)
                  0080d800    000000a0                  : BIOS.obj (.text:ti_sysbios_family_c64p_Hwi_dispatchC__I)
                  0080d8a0    000000a0                  : BIOS.obj (.text:ti_sysbios_family_c64p_Hwi_getStackInfo__E)
                  0080d940    000000a0                  : BIOS.obj (.text:ti_sysbios_heaps_HeapMem_init__I)
                  0080d9e0    000000a0                  : BIOS.obj (.text:ti_sysbios_timers_timer64_Timer_stop__E)
                  0080da80    000000a0     ti.targets.rts6000.ae66 : Assert.oe66 (.text:xdc_runtime_Assert_raise__I)
                  0080db20    000000a0                             : Error.oe66 (.text:xdc_runtime_Error_setX__E)
                  0080dbc0    000000a0     clock_pe66.oe66 (.text:xdc_runtime_LoggerBuf_Object__create__S)
                  0080dc60    000000a0     ti.targets.rts6000.ae66 : SysMin.oe66 (.text:xdc_runtime_SysMin_flush__E)
                  0080dd00    000000a0                             : SysMin.oe66 (.text:xdc_runtime_SysMin_putch__E)
                  0080dda0    000000a0                             : System.oe66 (.text:xdc_runtime_System_formatNum__I)
                  0080de40    000000a0                             : Text.oe66 (.text:xdc_runtime_Text_xprintf__I)
                  0080dee0    00000080     rts6600_elf.lib : trgmsg.obj (.text:__TI_readmsg)
                  0080df60    00000080                     : trgmsg.obj (.text:__TI_writemsg)
                  0080dfe0    00000080                     : llshift.obj (.text:__c6xabi_llshl)
                  0080e060    00000080     sysbios.ae66 : c62_TaskSupport_asm.obj (.text:_ti_sysbios_family_c62_TaskSupport_swap__E)
                  0080e0e0    00000080     rts6600_elf.lib : lowlev.obj (.text:finddevice)
                  0080e160    00000080                     : _printfi.obj (.text:incr_hex)
                  0080e1e0    00000080     clock_pe66.oe66 (.text:ti_sysbios_BIOS_atExitFunc__I)
                  0080e260    00000080     clock_pe66.oe66 (.text:ti_sysbios_BIOS_registerRTSLock__I)
                  0080e2e0    00000080     sysbios.ae66 : BIOS.obj (.text:ti_sysbios_family_c62_TaskSupport_start__E)
                  0080e360    00000080     clock_pe66.oe66 (.text:ti_sysbios_gates_GateHwi_Object__create__S)
                  0080e3e0    00000080     clock_pe66.oe66 (.text:ti_sysbios_gates_GateMutex_Object__create__S)
                  0080e460    00000080     sysbios.ae66 : BIOS.obj (.text:ti_sysbios_hal_Hwi_checkStack)
                  0080e4e0    00000080                  : BIOS.obj (.text:ti_sysbios_hal_Hwi_initStack)
                  0080e560    00000080     clock_pe66.oe66 (.text:ti_sysbios_heaps_HeapMem_Object__create__S)
                  0080e5e0    00000080     clock_pe66.oe66 (.text:ti_sysbios_knl_Clock_doTick__I)
                  0080e660    00000080     sysbios.ae66 : BIOS.obj (.text:ti_sysbios_knl_Idle_run__E)
                  0080e6e0    00000080                  : BIOS.obj (.text:ti_sysbios_knl_Semaphore_pendTimeout__I)
                  0080e760    00000080                  : BIOS.obj (.text:ti_sysbios_knl_Swi_startup__E)
                  0080e7e0    00000080                  : BIOS.obj (.text:ti_sysbios_knl_Task_restore__E)
                  0080e860    00000080     rts6600_elf.lib : lowlev.obj (.text:unlink)
                  0080e8e0    00000080     ti.targets.rts6000.ae66 : Core-label.oe66 (.text:xdc_runtime_Core_assignLabel__I)
                  0080e960    00000080                             : Core-params.oe66 (.text:xdc_runtime_Core_assignParams__I)
                  0080e9e0    00000080                             : LoggerBuf.oe66 (.text:xdc_runtime_LoggerBuf_Instance_init__E)
                  0080ea60    00000080                             : LoggerBuf.oe66 (.text:xdc_runtime_LoggerBuf_filterOutEvent__I)
                  0080eae0    00000080                             : SysMin.oe66 (.text:xdc_runtime_SysMin_abort__E)
                  0080eb60    00000080     clock_pe66.oe66 (.text:xdc_runtime_SysMin_output__I)
                  0080ebe0    00000080     ti.targets.rts6000.ae66 : System.oe66 (.text:xdc_runtime_System_atexit__E)
                  0080ec60    00000080                             : System.oe66 (.text:xdc_runtime_System_processAtExit__E)
                  0080ece0    00000080                             : System.oe66 (.text:xdc_runtime_System_putchar__I)
                  0080ed60    00000080                             : Text.oe66 (.text:xdc_runtime_Text_printVisFxn__I)
                  0080ede0    00000060     Adaptativelinear.obj (.text)
                  0080ee40    00000060     rts6600_elf.lib : frcmpyd_div.obj (.text:__TI_frcmpyd_div)
                  0080eea0    00000060                     : llshift.obj (.text:__c6xabi_llshru)
                  0080ef00    00000060                     : imath64.obj (.text:_subcull)
                  0080ef60    00000060     sysbios.ae66 : c64p_Hwi_asm_switch.obj (.text:_ti_sysbios_family_c64p_Hwi_switchAndDispatch__I)
                  0080efc0    00000060                  : c64p_Hwi_asm_switch.obj (.text:_ti_sysbios_family_xxx_Hwi_switchAndRunFunc)
                  0080f020    00000060     rts6600_elf.lib : lowlev.obj (.text:lseek)
                  0080f080    00000060     clock_pe66.oe66 (.text:malloc)
                  0080f0e0    00000060     rts6600_elf.lib : memccpy.obj (.text:memccpy)
                  0080f140    00000060     clock_pe66.oe66 (.text:ti_sysbios_BIOS_errorRaiseHook__I)
                  0080f1a0    00000060     clock_pe66.oe66 (.text:ti_sysbios_BIOS_removeRTSLock__I)
                  0080f200    00000060     clock_pe66.oe66 (.text:ti_sysbios_gates_GateMutex_Object__delete__S)
                  0080f260    00000060     sysbios.ae66 : BIOS.obj (.text:ti_sysbios_knl_Clock_Module_startup__E)
                  0080f2c0    00000060     clock_pe66.oe66 (.text:ti_sysbios_knl_Queue_construct)
                  0080f320    00000060     clock_pe66.oe66 (.text:ti_sysbios_knl_Semaphore_construct)
                  0080f380    00000060     sysbios.ae66 : BIOS.obj (.text:ti_sysbios_knl_Swi_Module_startup__E)
                  0080f3e0    00000060                  : BIOS.obj (.text:ti_sysbios_knl_Task_enter__I)
                  0080f440    00000060     rts6600_elf.lib : _printfi.obj (.text:val_hex)
                  0080f4a0    00000060                     : lowlev.obj (.text:write)
                  0080f500    00000060     ti.targets.rts6000.ae66 : LoggerBuf.oe66 (.text:xdc_runtime_LoggerBuf_Module_startup__E)
                  0080f560    00000060     clock_pe66.oe66 (.text:xdc_runtime_LoggerBuf_Object__delete__S)
                  0080f5c0    00000060     ti.targets.rts6000.ae66 : Memory.oe66 (.text:xdc_runtime_Memory_valloc__E)
                  0080f620    00000060                             : SysMin.oe66 (.text:xdc_runtime_SysMin_Module_startup__E)
                  0080f680    00000060                             : SysMin.oe66 (.text:xdc_runtime_SysMin_exit__E)
                  0080f6e0    00000060                             : System.oe66 (.text:xdc_runtime_System_avprintf__E)
                  0080f740    00000060                             : System.oe66 (.text:xdc_runtime_System_vprintf__E)
                  0080f7a0    00000060                             : Text.oe66 (.text:xdc_runtime_Text_cordText__E)
                  0080f800    00000040     rts6600_elf.lib : isinf.obj (.text:__c6xabi_isinf)
                  0080f840    00000040                     : _printfi.obj (.text:__c6xabi_isnan)
                  0080f880    00000040                     : args_main.obj (.text:_args_main)
                  0080f8c0    00000040     sysbios.ae66 : c62_TaskSupport_asm.obj (.text:_ti_sysbios_family_c62_TaskSupport_buildTaskStack)
                  0080f900    00000040     clock_pe66.oe66 (.text:free)
                  0080f940    00000040     clock_pe66.oe66 (.text:ti_sysbios_BIOS_exitFunc__I)
                  0080f980    00000040     clock_pe66.oe66 (.text:ti_sysbios_BIOS_rtsLock__I)
                  0080f9c0    00000040     clock_pe66.oe66 (.text:ti_sysbios_BIOS_rtsUnlock__I)
                  0080fa00    00000040     clock_pe66.oe66 (.text:ti_sysbios_BIOS_startFunc__I)
                  0080fa40    00000040     sysbios.ae66 : BIOS.obj (.text:ti_sysbios_family_c64p_Hwi_disableInterrupt__E)
                  0080fa80    00000040                  : BIOS.obj (.text:ti_sysbios_family_c64p_Hwi_enableInterrupt__E)
                  0080fac0    00000040     clock_pe66.oe66 (.text:ti_sysbios_gates_GateHwi_Handle__label__S)
                  0080fb00    00000040     clock_pe66.oe66 (.text:ti_sysbios_gates_GateHwi_Object__delete__S)
                  0080fb40    00000040     clock_pe66.oe66 (.text:ti_sysbios_gates_GateMutex_Handle__label__S)
                  0080fb80    00000040     sysbios.ae66 : BIOS.obj (.text:ti_sysbios_gates_GateMutex_Instance_init__E)
                  0080fbc0    00000040                  : BIOS.obj (.text:ti_sysbios_gates_GateMutex_leave__E)
                  0080fc00    00000040     clock_pe66.oe66 (.text:ti_sysbios_heaps_HeapMem_Handle__label__S)
                  0080fc40    00000040     clock_pe66.oe66 (.text:ti_sysbios_heaps_HeapMem_Object__delete__S)
                  0080fc80    00000040     clock_pe66.oe66 (.text:ti_sysbios_heaps_HeapMem_Object__get__S)
                  0080fcc0    00000040     clock_pe66.oe66 (.text:ti_sysbios_knl_Semaphore_Object__destruct__S)
                  0080fd00    00000040     clock_pe66.oe66 (.text:ti_sysbios_knl_Swi_Object__get__S)
                  0080fd40    00000040     clock_pe66.oe66 (.text:ti_sysbios_knl_Task_Object__get__S)
                  0080fd80    00000040     ti.targets.rts6000.ae66 : Error.oe66 (.text:xdc_runtime_Error_check__E)
                  0080fdc0    00000040                             : Error.oe66 (.text:xdc_runtime_Error_init__E)
                  0080fe00    00000040     clock_pe66.oe66 (.text:xdc_runtime_LoggerBuf_Handle__label__S)
                  0080fe40    00000040     ti.targets.rts6000.ae66 : LoggerBuf.oe66 (.text:xdc_runtime_LoggerBuf_Instance_finalize__E)
                  0080fe80    00000040     clock_pe66.oe66 (.text:xdc_runtime_LoggerBuf_Object__get__S)
                  0080fec0    00000040     ti.targets.rts6000.ae66 : LoggerBuf.oe66 (.text:xdc_runtime_LoggerBuf_reset__E)
                  0080ff00    00000040                             : LoggerBuf.oe66 (.text:xdc_runtime_LoggerBuf_write0__E)
                  0080ff40    00000040                             : Memory.oe66 (.text:xdc_runtime_Memory_free__E)
                  0080ff80    00000040                             : Registry.oe66 (.text:xdc_runtime_Registry_findById__E)
                  0080ffc0    00000040                             : System.oe66 (.text:xdc_runtime_System_abort__E)
                  00810000    00000040     clock_pe66.oe66 (.text:xdc_runtime_System_aprintf__E)
                  00810040    00000040     ti.targets.rts6000.ae66 : System.oe66 (.text:xdc_runtime_System_exit__E)
                  00810080    00000040     clock_pe66.oe66 (.text:xdc_runtime_System_printf__E)
                  008100c0    00000040     ti.targets.rts6000.ae66 : Text.oe66 (.text:xdc_runtime_Text_ropeText__E)
                  00810100    00000020                             : LoggerBuf.oe66 (.text:LoggerBuf_instanceStartup)
                  00810120    00000020     rts6600_elf.lib : errno.obj (.text:__c6xabi_errno_addr)
                  00810140    00000020     ti.targets.rts6000.ae66 : xdc_noinit.oe66 (.text:__xdc__init)
                  00810160    00000020     rts6600_elf.lib : _lock.obj (.text:_nop)
                  00810180    00000020                     : printf.obj (.text:_outc)
                  008101a0    00000020                     : printf.obj (.text:_outs)
                  008101c0    00000020                     : _lock.obj (.text:_register_lock)
                  008101e0    00000020                     : _lock.obj (.text:_register_unlock)
                  00810200    00000020     sysbios.ae66 : c62_TaskSupport_asm.obj (.text:_ti_sysbios_family_c62_TaskSupport_glue)
                  00810220    00000020     rts6600_elf.lib : exit.obj (.text:abort)
                  00810240    00000020                     : copy_decompress_none.obj (.text:decompress:none:__TI_decompress_none)
                  00810260    00000020                     : copy_decompress_rle.obj (.text:decompress:rle24:__TI_decompress_rle24)
                  00810280    00000020     clock_pe66.oe66 (.text:ti_sysbios_BIOS_RtsGateProxy_enter__E)
                  008102a0    00000020     clock_pe66.oe66 (.text:ti_sysbios_BIOS_RtsGateProxy_leave__E)
                  008102c0    00000020     clock_pe66.oe66 (.text:ti_sysbios_BIOS_nullFunc__I)
                  008102e0    00000020     sysbios.ae66 : BIOS.obj (.text:ti_sysbios_BIOS_setThreadType__E)
                  00810300    00000020     clock_pe66.oe66 (.text:ti_sysbios_family_c62_TaskSupport_Module__startupDone__S)
                  00810320    00000020     sysbios.ae66 : BIOS.obj (.text:ti_sysbios_family_c62_TaskSupport_checkStack__E)
                  00810340    00000020     clock_pe66.oe66 (.text:ti_sysbios_family_c64p_Hwi_Module__startupDone__F)
                  00810360    00000020     sysbios.ae66 : BIOS.obj (.text:ti_sysbios_family_c64p_Hwi_clearInterrupt__E)
                  00810380    00000020                  : BIOS.obj (.text:ti_sysbios_family_c64p_Hwi_startup__E)
                  008103a0    00000020                  : BIOS.obj (.text:ti_sysbios_family_c64p_Hwi_switchFromBootStack__E)
                  008103c0    00000020                  : BIOS.obj (.text:ti_sysbios_family_c64p_TimestampProvider_Module_startup__E)
                  008103e0    00000020                  : BIOS.obj (.text:ti_sysbios_family_c64p_TimestampProvider_get32__E)
                  00810400    00000020                  : BIOS.obj (.text:ti_sysbios_family_c64p_TimestampProvider_get64__E)
                  00810420    00000020                  : BIOS.obj (.text:ti_sysbios_family_c64p_tci6488_TimerSupport_enable__E)
                  00810440    00000020                  : BIOS.obj (.text:ti_sysbios_gates_GateHwi_Instance_init__E)
                  00810460    00000020                  : BIOS.obj (.text:ti_sysbios_gates_GateHwi_enter__E)
                  00810480    00000020                  : BIOS.obj (.text:ti_sysbios_gates_GateHwi_leave__E)
                  008104a0    00000020                  : BIOS.obj (.text:ti_sysbios_gates_GateHwi_query__E)
                  008104c0    00000020                  : BIOS.obj (.text:ti_sysbios_gates_GateMutex_Instance_finalize__E)
                  008104e0    00000020                  : BIOS.obj (.text:ti_sysbios_gates_GateMutex_query__E)
                  00810500    00000020     clock_pe66.oe66 (.text:ti_sysbios_hal_Hwi_HwiProxy_Module__startupDone__S)
                  00810520    00000020     sysbios.ae66 : BIOS.obj (.text:ti_sysbios_hal_Hwi_Module_startup__E)
                  00810540    00000020     clock_pe66.oe66 (.text:ti_sysbios_heaps_HeapMem_Module_GateProxy_enter__E)
                  00810560    00000020     clock_pe66.oe66 (.text:ti_sysbios_heaps_HeapMem_Module_GateProxy_leave__E)
                  00810580    00000020     sysbios.ae66 : BIOS.obj (.text:ti_sysbios_heaps_HeapMem_isBlocking__E)
                  008105a0    00000020     clock_pe66.oe66 (.text:ti_sysbios_knl_Clock_TimerProxy_Module__startupDone__S)
                  008105c0    00000020     clock_pe66.oe66 (.text:ti_sysbios_knl_Clock_TimerProxy_getMaxTicks__E)
                  008105e0    00000020     sysbios.ae66 : BIOS.obj (.text:ti_sysbios_knl_Idle_loop__E)
                  00810600    00000020                  : BIOS.obj (.text:ti_sysbios_knl_Queue_Instance_init__E)
                  00810620    00000020     clock_pe66.oe66 (.text:ti_sysbios_knl_Queue_Object__destruct__S)
                  00810640    00000020     clock_pe66.oe66 (.text:ti_sysbios_knl_Queue_Object__get__S)
                  00810660    00000020     clock_pe66.oe66 (.text:ti_sysbios_knl_Queue_destruct)
                  00810680    00000020     sysbios.ae66 : BIOS.obj (.text:ti_sysbios_knl_Queue_empty__E)
                  008106a0    00000020                  : BIOS.obj (.text:ti_sysbios_knl_Semaphore_Instance_finalize__E)
                  008106c0    00000020     clock_pe66.oe66 (.text:ti_sysbios_knl_Semaphore_destruct)
                  008106e0    00000020     sysbios.ae66 : BIOS.obj (.text:ti_sysbios_knl_Swi_disable__E)
                  00810700    00000020     clock_pe66.oe66 (.text:ti_sysbios_knl_Task_SupportProxy_Module__startupDone__S)
                  00810720    00000020     sysbios.ae66 : BIOS.obj (.text:ti_sysbios_knl_Task_disable__E)
                  00810740    00000020                  : BIOS.obj (.text:ti_sysbios_knl_Task_startup__E)
                  00810760    00000020     clock_pe66.oe66 (.text:ti_sysbios_timers_timer64_Timer_Module__startupDone__F)
                  00810780    00000020     sysbios.ae66 : BIOS.obj (.text:ti_sysbios_timers_timer64_Timer_getMaxTicks__E)
                  008107a0    00000020     ti.targets.rts6000.ae66 : Error.oe66 (.text:xdc_runtime_Error_getSite__E)
                  008107c0    00000020                             : Error.oe66 (.text:xdc_runtime_Error_raiseX__E)
                  008107e0    00000020                             : Gate.oe66 (.text:xdc_runtime_Gate_enterSystem__E)
                  00810800    00000020                             : Gate.oe66 (.text:xdc_runtime_Gate_leaveSystem__E)
                  00810820    00000020     clock_pe66.oe66 (.text:xdc_runtime_IHeap_alloc)
                  00810840    00000020     clock_pe66.oe66 (.text:xdc_runtime_IHeap_free)
                  00810860    00000020     clock_pe66.oe66 (.text:xdc_runtime_LoggerBuf_Module_GateProxy_enter__E)
                  00810880    00000020     clock_pe66.oe66 (.text:xdc_runtime_LoggerBuf_Module_GateProxy_leave__E)
                  008108a0    00000020     ti.targets.rts6000.ae66 : LoggerBuf.oe66 (.text:xdc_runtime_LoggerBuf_disable__E)
                  008108c0    00000020                             : LoggerBuf.oe66 (.text:xdc_runtime_LoggerBuf_enable__E)
                  008108e0    00000020                             : LoggerBuf.oe66 (.text:xdc_runtime_LoggerBuf_write1__E)
                  00810900    00000020                             : LoggerBuf.oe66 (.text:xdc_runtime_LoggerBuf_write2__E)
                  00810920    00000020     clock_pe66.oe66 (.text:xdc_runtime_Memory_HeapProxy_alloc__E)
                  00810940    00000020     clock_pe66.oe66 (.text:xdc_runtime_Memory_HeapProxy_free__E)
                  00810960    00000020     ti.targets.rts6000.ae66 : Memory.oe66 (.text:xdc_runtime_Memory_calloc__E)
                  00810980    00000020                             : Memory.oe66 (.text:xdc_runtime_Memory_getMaxDefaultTypeAlign__E)
                  008109a0    00000020     clock_pe66.oe66 (.text:xdc_runtime_Startup_exec__I)
                  008109c0    00000020     clock_pe66.oe66 (.text:xdc_runtime_Startup_reset__I)
                  008109e0    00000020     ti.targets.rts6000.ae66 : SysMin.oe66 (.text:xdc_runtime_SysMin_ready__E)
                  00810a00    00000020     clock_pe66.oe66 (.text:xdc_runtime_System_Module_GateProxy_enter__E)
                  00810a20    00000020     clock_pe66.oe66 (.text:xdc_runtime_System_Module_GateProxy_leave__E)
                  00810a40    00000020     ti.targets.rts6000.ae66 : System.oe66 (.text:xdc_runtime_System_Module_startup__E)
                  00810a60    00000020                             : System.oe66 (.text:xdc_runtime_System_aprintf_va__F)
                  00810a80    00000020                             : System.oe66 (.text:xdc_runtime_System_printf_va__F)
                  00810aa0    00000020                             : System.oe66 (.text:xdc_runtime_System_vsnprintf__E)
                  00810ac0    00000020     clock_pe66.oe66 (.text:xdc_runtime_Text_visitRope__I)

.far       0    00810ae0    00005148     UNINITIALIZED
                  00810ae0    00002000     (.common:ti_sysbios_heaps_HeapMem_Instance_State_0_buf__A)
                  00812ae0    00000800     (.common:buffer0)
                  008132e0    00000800     (.common:buffer1)
                  00813ae0    00000800     (.common:buffer2)
                  008142e0    00000800     (.common:buffer3)
                  00814ae0    00000800     clock_pe66.oe66 (.far:taskStackSection)
                  008152e0    00000400     (.common:xdc_runtime_LoggerBuf_Instance_State_0_entryArr__A)
                  008156e0    00000400     (.common:xdc_runtime_SysMin_Module_State_0_outbuf__A)
                  00815ae0    00000140     (.common:__TI_tmpnams)
                  00815c20    00000008     (.common:parmbuf)

.const     0    00815c28    00002776     
                  00815c28    000015ee     clock_pe66.oe66 (.const:xdc_runtime_Text_charTab__A)
                  00817216    00000002     clock_pe66.oe66 (.const:ti_sysbios_family_c64p_Exception_Module__id__C)
                  00817218    00000518     sysbios.ae66 : BIOS.obj (.const:.string)
                  00817730    00000400     clock_pe66.oe66 (.const:ti_sysbios_family_c66_Cache_marvalues__C)
                  00817b30    00000101     rts6600_elf.lib : ctype.obj (.const:.string:_ctypes_)
                  00817c31    00000001     clock_pe66.oe66 (.const:ti_sysbios_timers_timer64_Timer_localTimerBaseId__C)
                  00817c32    00000002     clock_pe66.oe66 (.const:ti_sysbios_family_c64p_Exception_useInternalBuffer__C)
                  00817c34    00000004     ti.targets.rts6000.ae66 : Assert.oe66 (.const:.string)
                  00817c38    000000c8     clock_pe66.oe66 (.const:xdc_runtime_Text_nodeTab__A)
                  00817d00    00000074     main.obj (.const:.string)
                  00817d74    00000058     ti.targets.rts6000.ae66 : Error.oe66 (.const:.string)
                  00817dcc    00000048     clock_pe66.oe66 (.const:.string)
                  00817e14    00000040     ti.targets.rts6000.ae66 : Text.oe66 (.const:.string)
                  00817e54    0000003c     clock_pe66.oe66 (.const:xdc_runtime_LoggerBuf_Module__FXNS__C)
                  00817e90    00000030     clock_pe66.oe66 (.const:xdc_runtime_Startup_sfxnTab__A)
                  00817ec0    0000002c     ti.targets.rts6000.ae66 : Startup.oe66 (.const:.string)
                  00817eec    00000028     clock_pe66.oe66 (.const:ti_sysbios_heaps_HeapMem_Module__FXNS__C)
                  00817f14    00000028     clock_pe66.oe66 (.const:xdc_runtime_LoggerBuf_Object__PARAMS__C)
                  00817f3c    00000024     rts6600_elf.lib : _printfi.obj (.const:.string)
                  00817f60    00000024     clock_pe66.oe66 (.const:ti_sysbios_gates_GateHwi_Module__FXNS__C)
                  00817f84    00000024     clock_pe66.oe66 (.const:ti_sysbios_gates_GateMutex_Module__FXNS__C)
                  00817fa8    00000024     clock_pe66.oe66 (.const:ti_sysbios_heaps_HeapMem_Object__PARAMS__C)
                  00817fcc    00000024     clock_pe66.oe66 (.const:ti_sysbios_knl_Semaphore_Object__PARAMS__C)
                  00817ff0    00000020     clock_pe66.oe66 (.const:ti_sysbios_gates_GateHwi_Object__DESC__C)
                  00818010    00000020     clock_pe66.oe66 (.const:ti_sysbios_gates_GateMutex_Object__DESC__C)
                  00818030    00000020     clock_pe66.oe66 (.const:ti_sysbios_heaps_HeapMem_Object__DESC__C)
                  00818050    00000020     clock_pe66.oe66 (.const:ti_sysbios_knl_Queue_Object__DESC__C)
                  00818070    00000020     clock_pe66.oe66 (.const:ti_sysbios_knl_Semaphore_Object__DESC__C)
                  00818090    00000020     clock_pe66.oe66 (.const:xdc_runtime_LoggerBuf_Object__DESC__C)
                  008180b0    00000018     clock_pe66.oe66 (.const:ti_sysbios_gates_GateHwi_Object__PARAMS__C)
                  008180c8    00000018     clock_pe66.oe66 (.const:ti_sysbios_gates_GateMutex_Object__PARAMS__C)
                  008180e0    00000018     clock_pe66.oe66 (.const:ti_sysbios_knl_Queue_Object__PARAMS__C)
                  008180f8    00000018     clock_pe66.oe66 (.const:xdc_runtime_Startup_sfxnRts__A)
                  00818110    00000011     ti.targets.rts6000.ae66 : System.oe66 (.const:.string:digtohex)
                  00818121    00000001     --HOLE-- [fill = 0]
                  00818122    00000002     clock_pe66.oe66 (.const:ti_sysbios_family_c64p_Hwi_Module__id__C)
                  00818124    0000000c     clock_pe66.oe66 (.const:ti_sysbios_family_c66_Cache_initSize__C)
                  00818130    00000008     ti.targets.rts6000.ae66 : System.oe66 (.const:.string)
                  00818138    00000008     clock_pe66.oe66 (.const:ti_sysbios_knl_Idle_funcList__C)
                  00818140    00000008     clock_pe66.oe66 (.const:xdc_runtime_Startup_firstFxns__A)
                  00818148    00000008     clock_pe66.oe66 (.const:xdc_runtime_Startup_firstFxns__C)
                  00818150    00000008     clock_pe66.oe66 (.const:xdc_runtime_Startup_lastFxns__C)
                  00818158    00000004     clock_pe66.oe66 (.const:ti_sysbios_family_c64p_Exception_E_exceptionMax__C)
                  0081815c    00000004     clock_pe66.oe66 (.const:ti_sysbios_family_c64p_Exception_exceptionHook__C)
                  00818160    00000004     clock_pe66.oe66 (.const:ti_sysbios_family_c64p_Exception_externalHook__C)
                  00818164    00000004     clock_pe66.oe66 (.const:ti_sysbios_family_c64p_Exception_internalHook__C)
                  00818168    00000004     clock_pe66.oe66 (.const:ti_sysbios_family_c64p_Exception_nmiHook__C)
                  0081816c    00000004     clock_pe66.oe66 (.const:ti_sysbios_family_c64p_Hwi_LD_end__C)
                  00818170    00000004     clock_pe66.oe66 (.const:ti_sysbios_family_c64p_Hwi_LM_begin__C)
                  00818174    00000004     clock_pe66.oe66 (.const:ti_sysbios_family_c64p_Hwi_Module__diagsEnabled__C)
                  00818178    00000004     clock_pe66.oe66 (.const:ti_sysbios_family_c64p_Hwi_Module__diagsIncluded__C)
                  0081817c    00000004     clock_pe66.oe66 (.const:ti_sysbios_family_c64p_Hwi_Module__diagsMask__C)
                  00818180    00000004     clock_pe66.oe66 (.const:ti_sysbios_family_c64p_Hwi_Module__loggerFxn1__C)
                  00818184    00000004     clock_pe66.oe66 (.const:ti_sysbios_family_c64p_Hwi_Module__loggerFxn8__C)
                  00818188    00000004     clock_pe66.oe66 (.const:ti_sysbios_family_c64p_Hwi_Module__loggerObj__C)
                  0081818c    00000004     clock_pe66.oe66 (.const:ti_sysbios_gates_GateMutex_A_badContext__C)
                  00818190    00000004     clock_pe66.oe66 (.const:ti_sysbios_gates_GateMutex_Instance_State_sem__O)
                  00818194    00000004     clock_pe66.oe66 (.const:ti_sysbios_gates_GateMutex_Module__diagsEnabled__C)
                  00818198    00000004     clock_pe66.oe66 (.const:ti_sysbios_gates_GateMutex_Module__diagsIncluded__C)
                  0081819c    00000004     clock_pe66.oe66 (.const:ti_sysbios_gates_GateMutex_Module__diagsMask__C)
                  008181a0    00000004     clock_pe66.oe66 (.const:ti_sysbios_hal_Hwi_E_stackOverflow__C)
                  008181a4    00000004     clock_pe66.oe66 (.const:ti_sysbios_heaps_HeapMem_A_align__C)
                  008181a8    00000004     clock_pe66.oe66 (.const:ti_sysbios_heaps_HeapMem_A_heapSize__C)
                  008181ac    00000004     clock_pe66.oe66 (.const:ti_sysbios_heaps_HeapMem_A_invalidFree__C)
                  008181b0    00000004     clock_pe66.oe66 (.const:ti_sysbios_heaps_HeapMem_A_zeroBlock__C)
                  008181b4    00000004     clock_pe66.oe66 (.const:ti_sysbios_heaps_HeapMem_E_memory__C)
                  008181b8    00000004     clock_pe66.oe66 (.const:ti_sysbios_heaps_HeapMem_Module__diagsEnabled__C)
                  008181bc    00000004     clock_pe66.oe66 (.const:ti_sysbios_heaps_HeapMem_Module__diagsIncluded__C)
                  008181c0    00000004     clock_pe66.oe66 (.const:ti_sysbios_heaps_HeapMem_Module__diagsMask__C)
                  008181c4    00000004     clock_pe66.oe66 (.const:ti_sysbios_heaps_HeapMem_Module__gateObj__C)
                  008181c8    00000004     clock_pe66.oe66 (.const:ti_sysbios_heaps_HeapMem_Object__count__C)
                  008181cc    00000004     clock_pe66.oe66 (.const:ti_sysbios_heaps_HeapMem_reqAlign__C)
                  008181d0    00000004     clock_pe66.oe66 (.const:ti_sysbios_knl_Clock_LM_begin__C)
                  008181d4    00000004     clock_pe66.oe66 (.const:ti_sysbios_knl_Clock_LM_tick__C)
                  008181d8    00000004     clock_pe66.oe66 (.const:ti_sysbios_knl_Clock_LW_delayed__C)
                  008181dc    00000004     clock_pe66.oe66 (.const:ti_sysbios_knl_Clock_Module_State_clockQ__O)
                  008181e0    00000004     clock_pe66.oe66 (.const:ti_sysbios_knl_Clock_Module__diagsEnabled__C)
                  008181e4    00000004     clock_pe66.oe66 (.const:ti_sysbios_knl_Clock_Module__diagsIncluded__C)
                  008181e8    00000004     clock_pe66.oe66 (.const:ti_sysbios_knl_Clock_Module__diagsMask__C)
                  008181ec    00000004     clock_pe66.oe66 (.const:ti_sysbios_knl_Clock_Module__loggerFxn1__C)
                  008181f0    00000004     clock_pe66.oe66 (.const:ti_sysbios_knl_Clock_Module__loggerFxn2__C)
                  008181f4    00000004     clock_pe66.oe66 (.const:ti_sysbios_knl_Clock_Module__loggerObj__C)
                  008181f8    00000004     clock_pe66.oe66 (.const:ti_sysbios_knl_Idle_funcList__A)
                  008181fc    00000004     clock_pe66.oe66 (.const:ti_sysbios_knl_Semaphore_A_badContext__C)
                  00818200    00000004     clock_pe66.oe66 (.const:ti_sysbios_knl_Semaphore_A_noEvents__C)
                  00818204    00000004     clock_pe66.oe66 (.const:ti_sysbios_knl_Semaphore_A_overflow__C)
                  00818208    00000004     clock_pe66.oe66 (.const:ti_sysbios_knl_Semaphore_A_pendTaskDisabled__C)
                  0081820c    00000004     clock_pe66.oe66 (.const:ti_sysbios_knl_Semaphore_Instance_State_pendQ__O)
                  00818210    00000004     clock_pe66.oe66 (.const:ti_sysbios_knl_Semaphore_LM_pend__C)
                  00818214    00000004     clock_pe66.oe66 (.const:ti_sysbios_knl_Semaphore_LM_post__C)
                  00818218    00000004     clock_pe66.oe66 (.const:ti_sysbios_knl_Semaphore_Module__diagsEnabled__C)
                  0081821c    00000004     clock_pe66.oe66 (.const:ti_sysbios_knl_Semaphore_Module__diagsIncluded__C)
                  00818220    00000004     clock_pe66.oe66 (.const:ti_sysbios_knl_Semaphore_Module__diagsMask__C)
                  00818224    00000004     clock_pe66.oe66 (.const:ti_sysbios_knl_Semaphore_Module__loggerFxn2__C)
                  00818228    00000004     clock_pe66.oe66 (.const:ti_sysbios_knl_Semaphore_Module__loggerFxn4__C)
                  0081822c    00000004     clock_pe66.oe66 (.const:ti_sysbios_knl_Semaphore_Module__loggerObj__C)
                  00818230    00000004     clock_pe66.oe66 (.const:ti_sysbios_knl_Swi_LD_end__C)
                  00818234    00000004     clock_pe66.oe66 (.const:ti_sysbios_knl_Swi_LM_begin__C)
                  00818238    00000004     clock_pe66.oe66 (.const:ti_sysbios_knl_Swi_LM_post__C)
                  0081823c    00000004     clock_pe66.oe66 (.const:ti_sysbios_knl_Swi_Module__diagsEnabled__C)
                  00818240    00000004     clock_pe66.oe66 (.const:ti_sysbios_knl_Swi_Module__diagsIncluded__C)
                  00818244    00000004     clock_pe66.oe66 (.const:ti_sysbios_knl_Swi_Module__diagsMask__C)
                  00818248    00000004     clock_pe66.oe66 (.const:ti_sysbios_knl_Swi_Module__loggerFxn1__C)
                  0081824c    00000004     clock_pe66.oe66 (.const:ti_sysbios_knl_Swi_Module__loggerFxn4__C)
                  00818250    00000004     clock_pe66.oe66 (.const:ti_sysbios_knl_Swi_Module__loggerObj__C)
                  00818254    00000004     clock_pe66.oe66 (.const:ti_sysbios_knl_Swi_Object__count__C)
                  00818258    00000004     clock_pe66.oe66 (.const:ti_sysbios_knl_Task_E_spOutOfBounds__C)
                  0081825c    00000004     clock_pe66.oe66 (.const:ti_sysbios_knl_Task_E_stackOverflow__C)
                  00818260    00000004     clock_pe66.oe66 (.const:ti_sysbios_knl_Task_LD_block__C)
                  00818264    00000004     clock_pe66.oe66 (.const:ti_sysbios_knl_Task_LD_exit__C)
                  00818268    00000004     clock_pe66.oe66 (.const:ti_sysbios_knl_Task_LD_ready__C)
                  0081826c    00000004     clock_pe66.oe66 (.const:ti_sysbios_knl_Task_LM_switch__C)
                  00818270    00000004     clock_pe66.oe66 (.const:ti_sysbios_knl_Task_Module_State_inactiveQ__O)
                  00818274    00000004     clock_pe66.oe66 (.const:ti_sysbios_knl_Task_Module__diagsEnabled__C)
                  00818278    00000004     clock_pe66.oe66 (.const:ti_sysbios_knl_Task_Module__diagsIncluded__C)
                  0081827c    00000004     clock_pe66.oe66 (.const:ti_sysbios_knl_Task_Module__diagsMask__C)
                  00818280    00000004     clock_pe66.oe66 (.const:ti_sysbios_knl_Task_Module__loggerFxn2__C)
                  00818284    00000004     clock_pe66.oe66 (.const:ti_sysbios_knl_Task_Module__loggerFxn4__C)
                  00818288    00000004     clock_pe66.oe66 (.const:ti_sysbios_knl_Task_Module__loggerObj__C)
                  0081828c    00000004     clock_pe66.oe66 (.const:ti_sysbios_knl_Task_Object__count__C)
                  00818290    00000004     clock_pe66.oe66 (.const:ti_sysbios_knl_Task_allBlockedFunc__C)
                  00818294    00000004     clock_pe66.oe66 (.const:ti_sysbios_knl_Task_numConstructedTasks__C)
                  00818298    00000004     clock_pe66.oe66 (.const:ti_sysbios_timers_timer64_Timer_A_notAvailable__C)
                  0081829c    00000004     clock_pe66.oe66 (.const:ti_sysbios_timers_timer64_Timer_E_cannotSupport__C)
                  008182a0    00000004     clock_pe66.oe66 (.const:ti_sysbios_timers_timer64_Timer_Module__diagsEnabled__C)
                  008182a4    00000004     clock_pe66.oe66 (.const:ti_sysbios_timers_timer64_Timer_Module__diagsIncluded__C)
                  008182a8    00000004     clock_pe66.oe66 (.const:ti_sysbios_timers_timer64_Timer_Module__diagsMask__C)
                  008182ac    00000004     clock_pe66.oe66 (.const:ti_sysbios_timers_timer64_Timer_anyMaskHigh__C)
                  008182b0    00000004     clock_pe66.oe66 (.const:ti_sysbios_timers_timer64_Timer_anyMask__C)
                  008182b4    00000004     clock_pe66.oe66 (.const:ti_sysbios_timers_timer64_Timer_freqDivisor__C)
                  008182b8    00000004     clock_pe66.oe66 (.const:ti_sysbios_timers_timer64_Timer_numLocalTimers__C)
                  008182bc    00000004     clock_pe66.oe66 (.const:ti_sysbios_timers_timer64_Timer_numTimerDevices__C)
                  008182c0    00000004     clock_pe66.oe66 (.const:xdc_runtime_Assert_E_assertFailed__C)
                  008182c4    00000004     clock_pe66.oe66 (.const:xdc_runtime_Core_A_initializedParams__C)
                  008182c8    00000004     clock_pe66.oe66 (.const:xdc_runtime_Core_Module__diagsEnabled__C)
                  008182cc    00000004     clock_pe66.oe66 (.const:xdc_runtime_Core_Module__diagsIncluded__C)
                  008182d0    00000004     clock_pe66.oe66 (.const:xdc_runtime_Core_Module__diagsMask__C)
                  008182d4    00000004     clock_pe66.oe66 (.const:xdc_runtime_Error_E_memory__C)
                  008182d8    00000004     clock_pe66.oe66 (.const:xdc_runtime_Error_Module__diagsEnabled__C)
                  008182dc    00000004     clock_pe66.oe66 (.const:xdc_runtime_Error_Module__diagsIncluded__C)
                  008182e0    00000004     clock_pe66.oe66 (.const:xdc_runtime_Error_Module__diagsMask__C)
                  008182e4    00000004     clock_pe66.oe66 (.const:xdc_runtime_Error_Module__loggerFxn8__C)
                  008182e8    00000004     clock_pe66.oe66 (.const:xdc_runtime_Error_Module__loggerObj__C)
                  008182ec    00000004     clock_pe66.oe66 (.const:xdc_runtime_Error_policyFxn__C)
                  008182f0    00000004     clock_pe66.oe66 (.const:xdc_runtime_Error_policy__C)
                  008182f4    00000004     clock_pe66.oe66 (.const:xdc_runtime_Error_raiseHook__C)
                  008182f8    00000004     clock_pe66.oe66 (.const:xdc_runtime_IFilterLogger_Interface__BASE__C)
                  008182fc    00000004     clock_pe66.oe66 (.const:xdc_runtime_IGateProvider_Interface__BASE__C)
                  00818300    00000004     clock_pe66.oe66 (.const:xdc_runtime_IHeap_Interface__BASE__C)
                  00818304    00000004     clock_pe66.oe66 (.const:xdc_runtime_ILogger_Interface__BASE__C)
                  00818308    00000004     clock_pe66.oe66 (.const:xdc_runtime_IModule_Interface__BASE__C)
                  0081830c    00000004     clock_pe66.oe66 (.const:xdc_runtime_Log_L_error__C)
                  00818310    00000004     clock_pe66.oe66 (.const:xdc_runtime_LoggerBuf_E_badLevel__C)
                  00818314    00000004     clock_pe66.oe66 (.const:xdc_runtime_LoggerBuf_Module__gateObj__C)
                  00818318    00000004     clock_pe66.oe66 (.const:xdc_runtime_LoggerBuf_Object__count__C)
                  0081831c    00000004     clock_pe66.oe66 (.const:xdc_runtime_LoggerBuf_statusLogger__C)
                  00818320    00000004     clock_pe66.oe66 (.const:xdc_runtime_Memory_defaultHeapInstance__C)
                  00818324    00000004     clock_pe66.oe66 (.const:xdc_runtime_Startup_execImpl__C)
                  00818328    00000004     clock_pe66.oe66 (.const:xdc_runtime_Startup_maxPasses__C)
                  0081832c    00000004     clock_pe66.oe66 (.const:xdc_runtime_Startup_sfxnRts__C)
                  00818330    00000004     clock_pe66.oe66 (.const:xdc_runtime_Startup_sfxnTab__C)
                  00818334    00000004     clock_pe66.oe66 (.const:xdc_runtime_SysMin_bufSize__C)
                  00818338    00000004     clock_pe66.oe66 (.const:xdc_runtime_SysMin_outputFunc__C)
                  0081833c    00000004     clock_pe66.oe66 (.const:xdc_runtime_System_Module__gateObj__C)
                  00818340    00000004     clock_pe66.oe66 (.const:xdc_runtime_System_abortFxn__C)
                  00818344    00000004     clock_pe66.oe66 (.const:xdc_runtime_System_exitFxn__C)
                  00818348    00000004     clock_pe66.oe66 (.const:xdc_runtime_System_extendFxn__C)
                  0081834c    00000004     clock_pe66.oe66 (.const:xdc_runtime_System_maxAtexitHandlers__C)
                  00818350    00000004     clock_pe66.oe66 (.const:xdc_runtime_Text_charTab__C)
                  00818354    00000004     clock_pe66.oe66 (.const:xdc_runtime_Text_nameEmpty__C)
                  00818358    00000004     clock_pe66.oe66 (.const:xdc_runtime_Text_nameStatic__C)
                  0081835c    00000004     clock_pe66.oe66 (.const:xdc_runtime_Text_nameUnknown__C)
                  00818360    00000004     clock_pe66.oe66 (.const:xdc_runtime_Text_nodeTab__C)
                  00818364    00000004     clock_pe66.oe66 (.const:xdc_runtime_Text_visitRopeFxn__C)
                  00818368    00000002     clock_pe66.oe66 (.const:ti_sysbios_family_c64p_Hwi_Module__loggerDefined__C)
                  0081836a    00000002     clock_pe66.oe66 (.const:ti_sysbios_gates_GateMutex_Module__id__C)
                  0081836c    00000002     clock_pe66.oe66 (.const:ti_sysbios_hal_Hwi_Module__id__C)
                  0081836e    00000002     clock_pe66.oe66 (.const:ti_sysbios_heaps_HeapMem_Module__id__C)
                  00818370    00000002     clock_pe66.oe66 (.const:ti_sysbios_knl_Clock_Module__id__C)
                  00818372    00000002     clock_pe66.oe66 (.const:ti_sysbios_knl_Clock_Module__loggerDefined__C)
                  00818374    00000002     clock_pe66.oe66 (.const:ti_sysbios_knl_Semaphore_Module__id__C)
                  00818376    00000002     clock_pe66.oe66 (.const:ti_sysbios_knl_Semaphore_Module__loggerDefined__C)
                  00818378    00000002     clock_pe66.oe66 (.const:ti_sysbios_knl_Swi_Module__id__C)
                  0081837a    00000002     clock_pe66.oe66 (.const:ti_sysbios_knl_Swi_Module__loggerDefined__C)
                  0081837c    00000002     clock_pe66.oe66 (.const:ti_sysbios_knl_Task_Module__id__C)
                  0081837e    00000002     clock_pe66.oe66 (.const:ti_sysbios_knl_Task_Module__loggerDefined__C)
                  00818380    00000002     clock_pe66.oe66 (.const:ti_sysbios_knl_Task_initStackFlag__C)
                  00818382    00000002     clock_pe66.oe66 (.const:ti_sysbios_timers_timer64_Timer_Module__id__C)
                  00818384    00000002     clock_pe66.oe66 (.const:ti_sysbios_timers_timer64_Timer_startupNeeded__C)
                  00818386    00000002     clock_pe66.oe66 (.const:ti_sysbios_timers_timer64_Timer_useTimer64pRegMap__C)
                  00818388    00000002     clock_pe66.oe66 (.const:xdc_runtime_Core_Module__id__C)
                  0081838a    00000002     clock_pe66.oe66 (.const:xdc_runtime_Error_Module__loggerDefined__C)
                  0081838c    00000002     clock_pe66.oe66 (.const:xdc_runtime_Error_maxDepth__C)
                  0081838e    00000002     clock_pe66.oe66 (.const:xdc_runtime_LoggerBuf_Module__id__C)
                  00818390    00000002     clock_pe66.oe66 (.const:xdc_runtime_LoggerBuf_filterByLevel__C)
                  00818392    00000002     clock_pe66.oe66 (.const:xdc_runtime_Memory_Module__id__C)
                  00818394    00000002     clock_pe66.oe66 (.const:xdc_runtime_SysMin_flushAtExit__C)
                  00818396    00000002     clock_pe66.oe66 (.const:xdc_runtime_Text_charCnt__C)
                  00818398    00000002     clock_pe66.oe66 (.const:xdc_runtime_Text_isLoaded__C)
                  0081839a    00000002     clock_pe66.oe66 (.const:xdc_runtime_Text_registryModsLastId__C)
                  0081839c    00000002     clock_pe66.oe66 (.const:xdc_runtime_Text_unnamedModsLastId__C)

.fardata   0    008193a0    00000b04     UNINITIALIZED
                  008193a0    00000200     clock_pe66.oe66 (.fardata)
                  008195a0    000001e0     rts6600_elf.lib : defs.obj (.fardata:_ftable)
                  00819780    00000180     clock_pe66.oe66 (.fardata:ti_sysbios_timers_timer64_Timer_Module_State_0_device__A)
                  00819900    000000a0     rts6600_elf.lib : lowlev.obj (.fardata:_stream)
                  008199a0    00000080     clock_pe66.oe66 (.fardata:ti_sysbios_knl_Swi_Module_State_0_readyQ__A)
                  00819a20    00000080     clock_pe66.oe66 (.fardata:ti_sysbios_knl_Task_Module_State_0_readyQ__A)
                  00819aa0    00000080     clock_pe66.oe66 (.fardata:ti_sysbios_timers_timer64_Timer_Module_State_0_gctrl__A)
                  00819b20    00000080     clock_pe66.oe66 (.fardata:ti_sysbios_timers_timer64_Timer_Module_State_0_handles__A)
                  00819ba0    00000080     clock_pe66.oe66 (.fardata:ti_sysbios_timers_timer64_Timer_Module_State_0_intFreqs__A)
                  00819c20    00000078     rts6600_elf.lib : lowlev.obj (.fardata:_device)
                  00819c98    00000050     clock_pe66.oe66 (.fardata:ti_sysbios_timers_timer64_Timer_Object__table__V)
                  00819ce8    0000004c     clock_pe66.oe66 (.fardata:ti_sysbios_knl_Task_Object__table__V)
                  00819d34    00000004     rts6600_elf.lib : _lock.obj (.fardata:_lock)
                  00819d38    00000040     clock_pe66.oe66 (.fardata:ti_sysbios_gates_GateMutex_Object__table__V)
                  00819d78    00000030     clock_pe66.oe66 (.fardata:ti_sysbios_knl_Swi_Object__table__V)
                  00819da8    00000024     clock_pe66.oe66 (.fardata:xdc_runtime_LoggerBuf_Object__table__V)
                  00819dcc    00000004     rts6600_elf.lib : _lock.obj (.fardata:_unlock)
                  00819dd0    00000018     clock_pe66.oe66 (.fardata:ti_sysbios_family_c64p_Hwi_Object__table__V)
                  00819de8    00000018     clock_pe66.oe66 (.fardata:ti_sysbios_heaps_HeapMem_Object__table__V)
                  00819e00    00000010     Adaptive.obj (.fardata:X)
                  00819e10    00000010     Adaptive_C.obj (.fardata:XC)
                  00819e20    00000010     LMSCLinear1.obj (.fardata:Xla)
                  00819e30    00000010     Adaptive.obj (.fardata:h)
                  00819e40    00000010     Adaptive_C.obj (.fardata:hC)
                  00819e50    00000010     LMSCLinear1.obj (.fardata:hla)
                  00819e60    00000010     clock_pe66.oe66 (.fardata:xdc_runtime_System_Module_State_0_atexitHandlers__A)
                  00819e70    0000000c     rts6600_elf.lib : exit.obj (.fardata)
                  00819e7c    00000004                     : defs.obj (.fardata)
                  00819e80    00000008     clock_pe66.oe66 (.fardata:ti_sysbios_hal_Hwi_Object__table__V)
                  00819e88    00000006     main.obj (.fardata:y)
                  00819e8e    00000002     --HOLE--
                  00819e90    00000004     rts6600_elf.lib : errno.obj (.fardata)
                  00819e94    00000004     --HOLE--
                  00819e98    00000004     clock_pe66.oe66 (.fardata:ti_sysbios_gates_GateHwi_Object__table__V)
                  00819e9c    00000004     --HOLE--
                  00819ea0    00000004     clock_pe66.oe66 (.fardata:ti_sysbios_knl_Task_Module_State_0_idleTask__A)

.cio       0    00819ea8    00000120     UNINITIALIZED
                  00819ea8    00000120     rts6600_elf.lib : trgmsg.obj (.cio)

.switch    0    00819fc8    00000038     
                  00819fc8    00000038     rts6600_elf.lib : _printfi.obj (.switch:_pproc_fgea)


LINKER GENERATED COPY TABLES

__TI_cinit_table @ 0081a7e8 records: 4, size/record: 8, table size: 32
	.fardata: load addr=0081a224, load size=00000595 bytes, run addr=008193a0, run size=00000b04 bytes, compression=rle
	.neardata: load addr=0081a7bc, load size=0000000d bytes, run addr=0081a208, run size=0000001c bytes, compression=rle
	.bss: load addr=0081a7d8, load size=00000008 bytes, run addr=0081a200, run size=00000008 bytes, compression=zero_init
	.far: load addr=0081a7e0, load size=00000008 bytes, run addr=00810ae0, run size=00005148 bytes, compression=zero_init


LINKER GENERATED HANDLER TABLE

__TI_handler_table @ 0081a7cc records: 3, size/record: 4, table size: 12
	index: 0, handler: __TI_zero_init
	index: 1, handler: __TI_decompress_rle24
	index: 2, handler: __TI_decompress_none


GLOBAL SYMBOLS: SORTED ALPHABETICALLY BY Name 

address   name                                                       
-------   ----                                                       
0081a220  A                                                          
00810220  C$$EXIT                                                    
0080dfc0  C$$IO$$                                                    
0081a20c  E                                                          
0081a214  EC                                                         
0081a21c  Ela                                                        
0080d300  HOSTclose                                                  
0080b680  HOSTlseek                                                  
0080bf80  HOSTopen                                                   
0080cac0  HOSTread                                                   
00809280  HOSTrename                                                 
0080cb80  HOSTunlink                                                 
0080c060  HOSTwrite                                                  
0081a200  Input_Data                                                 
0080a0a0  LMS_C_Linear                                               
0080ca00  LMS_isrNoOpt                                               
008090e0  LMS_isr_C                                                  
0080ede0  LinearAssembly1                                            
00810100  LoggerBuf_instanceStartup                                  
0081a202  Output_Data1                                               
0081a204  Output_Data2                                               
0081a206  Output_Data3                                               
00819ce8  TSK_idle                                                   
00819e00  X                                                          
00819e10  XC                                                         
00819e20  Xla                                                        
0081a208  Y                                                          
0081a210  YC                                                         
0081a218  Yla                                                        
00800000  __ASM__                                                    
00819ea8  __CIOBUF_                                                  
00800058  __ISA__                                                    
00800070  __PLAT__                                                   
00800098  __TARG__                                                   
0081a7e8  __TI_CINIT_Base                                            
0081a808  __TI_CINIT_Limit                                           
0081a7cc  __TI_Handler_Table_Base                                    
0081a7d8  __TI_Handler_Table_Limit                                   
UNDEFED   __TI_INITARRAY_Base                                        
UNDEFED   __TI_INITARRAY_Limit                                       
008193a0  __TI_STACK_END                                             
00001000  __TI_STACK_SIZE                                            
0081a200  __TI_STATIC_BASE                                           
00000001  __TI_args_main                                             
0080d3a0  __TI_cleanup                                               
00819e70  __TI_cleanup_ptr                                           
0080a4c0  __TI_closefile                                             
00810240  __TI_decompress_none                                       
00810260  __TI_decompress_rle24                                      
0080cc40  __TI_doflush                                               
00819e74  __TI_dtors_ptr                                             
00819e78  __TI_enable_exit_profile_output                            
0080ee40  __TI_frcmpyd_div                                           
00819e7c  __TI_ft_end                                                
ffffffff  __TI_pprof_out_hndl                                        
00803c60  __TI_printfi                                               
ffffffff  __TI_prof_data_size                                        
ffffffff  __TI_prof_data_start                                       
0080dee0  __TI_readmsg                                               
00815ae0  __TI_tmpnams                                               
0080df60  __TI_writemsg                                              
0080b780  __TI_wrt_ok                                                
0080c300  __TI_zero_init                                             
008000c0  __TRDR__                                                   
ffffffff  __binit__                                                  
00802b40  __c6xabi_divd                                              
0080cd00  __c6xabi_divu                                              
00808060  __c6xabi_divul                                             
00806200  __c6xabi_divull                                            
00810120  __c6xabi_errno_addr                                        
0080f800  __c6xabi_isinf                                             
0080dfe0  __c6xabi_llshl                                             
0080eea0  __c6xabi_llshru                                            
0080d440  __c6xabi_remu                                              
ffffffff  __c_args__                                                 
0080cd00  __divu                                                     
00819e90  __errno                                                    
0080d440  __remu                                                     
00810140  __xdc__init                                                
0081959c  __xdc__init__addr                                          
0080f880  _args_main                                                 
00000000  _argsize                                                   
0080ad80  _auto_init_elf                                             
0080d4e0  _c_int00                                                   
00817b30  _ctypes_                                                   
008195a0  _ftable                                                    
00819d34  _lock                                                      
00810160  _nop                                                       
008101c0  _register_lock                                             
008101e0  _register_unlock                                           
008183a0  _stack                                                     
0080ef00  _subcull                                                   
00819dcc  _unlock                                                    
00810220  abort                                                      
0080ba80  atoi                                                       
ffffffff  binit                                                      
00812ae0  buffer0                                                    
008132e0  buffer1                                                    
00813ae0  buffer2                                                    
008142e0  buffer3                                                    
0080c220  close                                                      
00819e90  errno                                                      
0080ce80  exit                                                       
0081a222  force                                                      
00807400  fputc                                                      
008040c0  fputs                                                      
0080f900  free                                                       
008095c0  frexp                                                      
0080aea0  fseek                                                      
00819e30  h                                                          
00819e40  hC                                                         
00819e50  hla                                                        
0080a740  ldexp                                                      
0080f020  lseek                                                      
0080c3e0  ltoa                                                       
00808278  main                                                       
0080f080  malloc                                                     
0080f0e0  memccpy                                                    
0080d6c0  memcpy                                                     
0080c4c0  memset                                                     
0080c5a0  printf                                                     
0080e860  remove                                                     
00806b00  setvbuf                                                    
00808240  sinegen                                                    
008193a0  ti_sysbios_BIOS_Module__state__V                           
00810280  ti_sysbios_BIOS_RtsGateProxy_enter__E                      
008102a0  ti_sysbios_BIOS_RtsGateProxy_leave__E                      
008104e0  ti_sysbios_BIOS_RtsGateProxy_query__E                      
0080e1e0  ti_sysbios_BIOS_atExitFunc__I                              
0080f140  ti_sysbios_BIOS_errorRaiseHook__I                          
0080f940  ti_sysbios_BIOS_exitFunc__I                                
008102c0  ti_sysbios_BIOS_nullFunc__I                                
0080e260  ti_sysbios_BIOS_registerRTSLock__I                         
0080f1a0  ti_sysbios_BIOS_removeRTSLock__I                           
0080f980  ti_sysbios_BIOS_rtsLock__I                                 
0080f9c0  ti_sysbios_BIOS_rtsUnlock__I                               
008102e0  ti_sysbios_BIOS_setThreadType__E                           
0080fa00  ti_sysbios_BIOS_startFunc__I                               
00810300  ti_sysbios_family_c62_TaskSupport_Module__startupDone__S   
0080f8c0  ti_sysbios_family_c62_TaskSupport_buildTaskStack           
00810320  ti_sysbios_family_c62_TaskSupport_checkStack__E            
00810200  ti_sysbios_family_c62_TaskSupport_glue                     
0080e2e0  ti_sysbios_family_c62_TaskSupport_start__E                 
0080e060  ti_sysbios_family_c62_TaskSupport_swap__E                  
00818158  ti_sysbios_family_c64p_Exception_E_exceptionMax__C         
00817216  ti_sysbios_family_c64p_Exception_Module__id__C             
008193c4  ti_sysbios_family_c64p_Exception_Module__state__V          
0080d760  ti_sysbios_family_c64p_Exception_Module_startup__E         
00809aa0  ti_sysbios_family_c64p_Exception_dispatch__E               
0081815c  ti_sysbios_family_c64p_Exception_exceptionHook__C          
00818160  ti_sysbios_family_c64p_Exception_externalHook__C           
00800860  ti_sysbios_family_c64p_Exception_handler__I                
00806d40  ti_sysbios_family_c64p_Exception_internalHandler__I        
00818164  ti_sysbios_family_c64p_Exception_internalHook__C           
00818168  ti_sysbios_family_c64p_Exception_nmiHook__C                
00817c32  ti_sysbios_family_c64p_Exception_useInternalBuffer__C      
0081a000  ti_sysbios_family_c64p_Hwi0                                
0081816c  ti_sysbios_family_c64p_Hwi_LD_end__C                       
00818170  ti_sysbios_family_c64p_Hwi_LM_begin__C                     
00818174  ti_sysbios_family_c64p_Hwi_Module__diagsEnabled__C         
00818178  ti_sysbios_family_c64p_Hwi_Module__diagsIncluded__C        
0081817c  ti_sysbios_family_c64p_Hwi_Module__diagsMask__C            
00818122  ti_sysbios_family_c64p_Hwi_Module__id__C                   
00818368  ti_sysbios_family_c64p_Hwi_Module__loggerDefined__C        
00818180  ti_sysbios_family_c64p_Hwi_Module__loggerFxn1__C           
00818184  ti_sysbios_family_c64p_Hwi_Module__loggerFxn8__C           
00818188  ti_sysbios_family_c64p_Hwi_Module__loggerObj__C            
008193f4  ti_sysbios_family_c64p_Hwi_Module__root__V                 
00810340  ti_sysbios_family_c64p_Hwi_Module__startupDone__F          
00810340  ti_sysbios_family_c64p_Hwi_Module__startupDone__S          
008193fc  ti_sysbios_family_c64p_Hwi_Module__state__V                
0080a880  ti_sysbios_family_c64p_Hwi_Module_startup__E               
00819dd0  ti_sysbios_family_c64p_Hwi_Object__table__V                
00810360  ti_sysbios_family_c64p_Hwi_clearInterrupt__E               
0080fa40  ti_sysbios_family_c64p_Hwi_disableInterrupt__E             
00807c60  ti_sysbios_family_c64p_Hwi_dispatchAlways                  
0080d800  ti_sysbios_family_c64p_Hwi_dispatchC__I                    
00805fa0  ti_sysbios_family_c64p_Hwi_dispatchCore__I                 
0080fa80  ti_sysbios_family_c64p_Hwi_enableInterrupt__E              
0080d8a0  ti_sysbios_family_c64p_Hwi_getStackInfo__E                 
0081a000  ti_sysbios_family_c64p_Hwi_int0                            
0081a020  ti_sysbios_family_c64p_Hwi_int1                            
0081a140  ti_sysbios_family_c64p_Hwi_int10                           
0081a160  ti_sysbios_family_c64p_Hwi_int11                           
0081a180  ti_sysbios_family_c64p_Hwi_int12                           
0081a1a0  ti_sysbios_family_c64p_Hwi_int13                           
0081a1c0  ti_sysbios_family_c64p_Hwi_int14                           
0081a1e0  ti_sysbios_family_c64p_Hwi_int15                           
0081a040  ti_sysbios_family_c64p_Hwi_int2                            
0081a060  ti_sysbios_family_c64p_Hwi_int3                            
0081a080  ti_sysbios_family_c64p_Hwi_int4                            
0081a0a0  ti_sysbios_family_c64p_Hwi_int5                            
0081a0c0  ti_sysbios_family_c64p_Hwi_int6                            
0081a0e0  ti_sysbios_family_c64p_Hwi_int7                            
0081a100  ti_sysbios_family_c64p_Hwi_int8                            
0081a120  ti_sysbios_family_c64p_Hwi_int9                            
00810380  ti_sysbios_family_c64p_Hwi_startup__E                      
0080ef60  ti_sysbios_family_c64p_Hwi_switchAndDispatch__I            
008103a0  ti_sysbios_family_c64p_Hwi_switchFromBootStack__E          
008103c0  ti_sysbios_family_c64p_TimestampProvider_Module_startup__E 
008103e0  ti_sysbios_family_c64p_TimestampProvider_get32__E          
00810400  ti_sysbios_family_c64p_TimestampProvider_get64__E          
00810420  ti_sysbios_family_c64p_tci6488_TimerSupport_enable__E      
0080afc0  ti_sysbios_family_c66_Cache_Module_startup__E              
00818124  ti_sysbios_family_c66_Cache_initSize__C                    
00817730  ti_sysbios_family_c66_Cache_marvalues__C                   
0080efc0  ti_sysbios_family_xxx_Hwi_switchAndRunFunc                 
0080fac0  ti_sysbios_gates_GateHwi_Handle__label__S                  
00810440  ti_sysbios_gates_GateHwi_Instance_init__E                  
00817f60  ti_sysbios_gates_GateHwi_Module__FXNS__C                   
00819464  ti_sysbios_gates_GateHwi_Module__root__V                   
00817ff0  ti_sysbios_gates_GateHwi_Object__DESC__C                   
008180b0  ti_sysbios_gates_GateHwi_Object__PARAMS__C                 
0080e360  ti_sysbios_gates_GateHwi_Object__create__S                 
0080fb00  ti_sysbios_gates_GateHwi_Object__delete__S                 
00819e98  ti_sysbios_gates_GateHwi_Object__table__V                  
00810460  ti_sysbios_gates_GateHwi_enter__E                          
00810480  ti_sysbios_gates_GateHwi_leave__E                          
008104a0  ti_sysbios_gates_GateHwi_query__E                          
0081818c  ti_sysbios_gates_GateMutex_A_badContext__C                 
0080fb40  ti_sysbios_gates_GateMutex_Handle__label__S                
00818190  ti_sysbios_gates_GateMutex_Instance_State_sem__O           
008104c0  ti_sysbios_gates_GateMutex_Instance_finalize__E            
0080fb80  ti_sysbios_gates_GateMutex_Instance_init__E                
00817f84  ti_sysbios_gates_GateMutex_Module__FXNS__C                 
00818194  ti_sysbios_gates_GateMutex_Module__diagsEnabled__C         
00818198  ti_sysbios_gates_GateMutex_Module__diagsIncluded__C        
0081819c  ti_sysbios_gates_GateMutex_Module__diagsMask__C            
0081836a  ti_sysbios_gates_GateMutex_Module__id__C                   
[...]
00818010  ti_sysbios_gates_GateMutex_Object__DESC__C                 
00818030  ti_sysbios_heaps_HeapMem_Object__DESC__C                   
00818050  ti_sysbios_knl_Queue_Object__DESC__C                       
00818070  ti_sysbios_knl_Semaphore_Object__DESC__C                   
00818090  xdc_runtime_LoggerBuf_Object__DESC__C                      
008180b0  ti_sysbios_gates_GateHwi_Object__PARAMS__C                 
008180c8  ti_sysbios_gates_GateMutex_Object__PARAMS__C               
008180e0  ti_sysbios_knl_Queue_Object__PARAMS__C                     
008180f8  xdc_runtime_Startup_sfxnRts__A                             
00818122  ti_sysbios_family_c64p_Hwi_Module__id__C                   
00818124  ti_sysbios_family_c66_Cache_initSize__C                    
00818138  ti_sysbios_knl_Idle_funcList__C                            
00818140  xdc_runtime_Startup_firstFxns__A                           
00818148  xdc_runtime_Startup_firstFxns__C                           
00818150  xdc_runtime_Startup_lastFxns__C                            
00818158  ti_sysbios_family_c64p_Exception_E_exceptionMax__C         
0081815c  ti_sysbios_family_c64p_Exception_exceptionHook__C          
00818160  ti_sysbios_family_c64p_Exception_externalHook__C           
00818164  ti_sysbios_family_c64p_Exception_internalHook__C           
00818168  ti_sysbios_family_c64p_Exception_nmiHook__C                
0081816c  ti_sysbios_family_c64p_Hwi_LD_end__C                       
00818170  ti_sysbios_family_c64p_Hwi_LM_begin__C                     
00818174  ti_sysbios_family_c64p_Hwi_Module__diagsEnabled__C         
00818178  ti_sysbios_family_c64p_Hwi_Module__diagsIncluded__C        
0081817c  ti_sysbios_family_c64p_Hwi_Module__diagsMask__C            
00818180  ti_sysbios_family_c64p_Hwi_Module__loggerFxn1__C           
00818184  ti_sysbios_family_c64p_Hwi_Module__loggerFxn8__C           
00818188  ti_sysbios_family_c64p_Hwi_Module__loggerObj__C            
0081818c  ti_sysbios_gates_GateMutex_A_badContext__C                 
00818190  ti_sysbios_gates_GateMutex_Instance_State_sem__O           
00818194  ti_sysbios_gates_GateMutex_Module__diagsEnabled__C         
00818198  ti_sysbios_gates_GateMutex_Module__diagsIncluded__C        
0081819c  ti_sysbios_gates_GateMutex_Module__diagsMask__C            
008181a0  ti_sysbios_hal_Hwi_E_stackOverflow__C                      
008181a4  ti_sysbios_heaps_HeapMem_A_align__C                        
008181a8  ti_sysbios_heaps_HeapMem_A_heapSize__C                     
008181ac  ti_sysbios_heaps_HeapMem_A_invalidFree__C                  
008181b0  ti_sysbios_heaps_HeapMem_A_zeroBlock__C                    
008181b4  ti_sysbios_heaps_HeapMem_E_memory__C                       
008181b8  ti_sysbios_heaps_HeapMem_Module__diagsEnabled__C           
008181bc  ti_sysbios_heaps_HeapMem_Module__diagsIncluded__C          
008181c0  ti_sysbios_heaps_HeapMem_Module__diagsMask__C              
008181c4  ti_sysbios_heaps_HeapMem_Module__gateObj__C                
008181c8  ti_sysbios_heaps_HeapMem_Object__count__C                  
008181cc  ti_sysbios_heaps_HeapMem_reqAlign__C                       
008181d0  ti_sysbios_knl_Clock_LM_begin__C                           
008181d4  ti_sysbios_knl_Clock_LM_tick__C                            
008181d8  ti_sysbios_knl_Clock_LW_delayed__C                         
008181dc  ti_sysbios_knl_Clock_Module_State_clockQ__O                
008181e0  ti_sysbios_knl_Clock_Module__diagsEnabled__C               
008181e4  ti_sysbios_knl_Clock_Module__diagsIncluded__C              
008181e8  ti_sysbios_knl_Clock_Module__diagsMask__C                  
008181ec  ti_sysbios_knl_Clock_Module__loggerFxn1__C                 
008181f0  ti_sysbios_knl_Clock_Module__loggerFxn2__C                 
008181f4  ti_sysbios_knl_Clock_Module__loggerObj__C                  
008181f8  ti_sysbios_knl_Idle_funcList__A                            
008181fc  ti_sysbios_knl_Semaphore_A_badContext__C                   
00818200  ti_sysbios_knl_Semaphore_A_noEvents__C                     
00818204  ti_sysbios_knl_Semaphore_A_overflow__C                     
00818208  ti_sysbios_knl_Semaphore_A_pendTaskDisabled__C             
0081820c  ti_sysbios_knl_Semaphore_Instance_State_pendQ__O           
00818210  ti_sysbios_knl_Semaphore_LM_pend__C                        
00818214  ti_sysbios_knl_Semaphore_LM_post__C                        
00818218  ti_sysbios_knl_Semaphore_Module__diagsEnabled__C           
0081821c  ti_sysbios_knl_Semaphore_Module__diagsIncluded__C          
00818220  ti_sysbios_knl_Semaphore_Module__diagsMask__C              
00818224  ti_sysbios_knl_Semaphore_Module__loggerFxn2__C             
00818228  ti_sysbios_knl_Semaphore_Module__loggerFxn4__C             
0081822c  ti_sysbios_knl_Semaphore_Module__loggerObj__C              
00818230  ti_sysbios_knl_Swi_LD_end__C                               
00818234  ti_sysbios_knl_Swi_LM_begin__C                             
00818238  ti_sysbios_knl_Swi_LM_post__C                              
0081823c  ti_sysbios_knl_Swi_Module__diagsEnabled__C                 
00818240  ti_sysbios_knl_Swi_Module__diagsIncluded__C                
00818244  ti_sysbios_knl_Swi_Module__diagsMask__C                    
00818248  ti_sysbios_knl_Swi_Module__loggerFxn1__C                   
0081824c  ti_sysbios_knl_Swi_Module__loggerFxn4__C                   
00818250  ti_sysbios_knl_Swi_Module__loggerObj__C                    
00818254  ti_sysbios_knl_Swi_Object__count__C                        
00818258  ti_sysbios_knl_Task_E_spOutOfBounds__C                     
0081825c  ti_sysbios_knl_Task_E_stackOverflow__C                     
00818260  ti_sysbios_knl_Task_LD_block__C                            
00818264  ti_sysbios_knl_Task_LD_exit__C                             
00818268  ti_sysbios_knl_Task_LD_ready__C                            
0081826c  ti_sysbios_knl_Task_LM_switch__C                           
00818270  ti_sysbios_knl_Task_Module_State_inactiveQ__O              
00818274  ti_sysbios_knl_Task_Module__diagsEnabled__C                
00818278  ti_sysbios_knl_Task_Module__diagsIncluded__C               
0081827c  ti_sysbios_knl_Task_Module__diagsMask__C                   
00818280  ti_sysbios_knl_Task_Module__loggerFxn2__C                  
00818284  ti_sysbios_knl_Task_Module__loggerFxn4__C                  
00818288  ti_sysbios_knl_Task_Module__loggerObj__C                   
0081828c  ti_sysbios_knl_Task_Object__count__C                       
00818290  ti_sysbios_knl_Task_allBlockedFunc__C                      
00818294  ti_sysbios_knl_Task_numConstructedTasks__C                 
00818298  ti_sysbios_timers_timer64_Timer_A_notAvailable__C          
0081829c  ti_sysbios_timers_timer64_Timer_E_cannotSupport__C         
008182a0  ti_sysbios_timers_timer64_Timer_Module__diagsEnabled__C    
008182a4  ti_sysbios_timers_timer64_Timer_Module__diagsIncluded__C   
008182a8  ti_sysbios_timers_timer64_Timer_Module__diagsMask__C       
008182ac  ti_sysbios_timers_timer64_Timer_anyMaskHigh__C             
008182b0  ti_sysbios_timers_timer64_Timer_anyMask__C                 
008182b4  ti_sysbios_timers_timer64_Timer_freqDivisor__C             
008182b8  ti_sysbios_timers_timer64_Timer_numLocalTimers__C          
008182bc  ti_sysbios_timers_timer64_Timer_numTimerDevices__C         
008182c0  xdc_runtime_Assert_E_assertFailed__C                       
008182c4  xdc_runtime_Core_A_initializedParams__C                    
008182c8  xdc_runtime_Core_Module__diagsEnabled__C                   
008182cc  xdc_runtime_Core_Module__diagsIncluded__C                  
008182d0  xdc_runtime_Core_Module__diagsMask__C                      
008182d4  xdc_runtime_Error_E_memory__C                              
008182d8  xdc_runtime_Error_Module__diagsEnabled__C                  
008182dc  xdc_runtime_Error_Module__diagsIncluded__C                 
008182e0  xdc_runtime_Error_Module__diagsMask__C                     
008182e4  xdc_runtime_Error_Module__loggerFxn8__C                    
008182e8  xdc_runtime_Error_Module__loggerObj__C                     
008182ec  xdc_runtime_Error_policyFxn__C                             
008182f0  xdc_runtime_Error_policy__C                                
008182f4  xdc_runtime_Error_raiseHook__C                             
008182f8  xdc_runtime_IFilterLogger_Interface__BASE__C               
008182fc  xdc_runtime_IGateProvider_Interface__BASE__C               
00818300  xdc_runtime_IHeap_Interface__BASE__C                       
00818304  xdc_runtime_ILogger_Interface__BASE__C                     
00818308  xdc_runtime_IModule_Interface__BASE__C                     
0081830c  xdc_runtime_Log_L_error__C                                 
00818310  xdc_runtime_LoggerBuf_E_badLevel__C                        
00818314  xdc_runtime_LoggerBuf_Module__gateObj__C                   
00818318  xdc_runtime_LoggerBuf_Object__count__C                     
0081831c  xdc_runtime_LoggerBuf_statusLogger__C                      
00818320  xdc_runtime_Memory_defaultHeapInstance__C                  
00818324  xdc_runtime_Startup_execImpl__C                            
00818328  xdc_runtime_Startup_maxPasses__C                           
0081832c  xdc_runtime_Startup_sfxnRts__C                             
00818330  xdc_runtime_Startup_sfxnTab__C                             
00818334  xdc_runtime_SysMin_bufSize__C                              
00818338  xdc_runtime_SysMin_outputFunc__C                           
0081833c  xdc_runtime_System_Module__gateObj__C                      
00818340  xdc_runtime_System_abortFxn__C                             
00818344  xdc_runtime_System_exitFxn__C                              
00818348  xdc_runtime_System_extendFxn__C                            
0081834c  xdc_runtime_System_maxAtexitHandlers__C                    
00818350  xdc_runtime_Text_charTab__C                                
00818354  xdc_runtime_Text_nameEmpty__C                              
00818358  xdc_runtime_Text_nameStatic__C                             
0081835c  xdc_runtime_Text_nameUnknown__C                            
00818360  xdc_runtime_Text_nodeTab__C                                
00818364  xdc_runtime_Text_visitRopeFxn__C                           
00818368  ti_sysbios_family_c64p_Hwi_Module__loggerDefined__C        
0081836a  ti_sysbios_gates_GateMutex_Module__id__C                   
0081836c  ti_sysbios_hal_Hwi_Module__id__C                           
0081836e  ti_sysbios_heaps_HeapMem_Module__id__C                     
00818370  ti_sysbios_knl_Clock_Module__id__C                         
00818372  ti_sysbios_knl_Clock_Module__loggerDefined__C              
00818374  ti_sysbios_knl_Semaphore_Module__id__C                     
00818376  ti_sysbios_knl_Semaphore_Module__loggerDefined__C          
00818378  ti_sysbios_knl_Swi_Module__id__C                           
0081837a  ti_sysbios_knl_Swi_Module__loggerDefined__C                
0081837c  ti_sysbios_knl_Task_Module__id__C                          
0081837e  ti_sysbios_knl_Task_Module__loggerDefined__C               
00818380  ti_sysbios_knl_Task_initStackFlag__C                       
00818382  ti_sysbios_timers_timer64_Timer_Module__id__C              
00818384  ti_sysbios_timers_timer64_Timer_startupNeeded__C           
00818386  ti_sysbios_timers_timer64_Timer_useTimer64pRegMap__C       
00818388  xdc_runtime_Core_Module__id__C                             
0081838a  xdc_runtime_Error_Module__loggerDefined__C                 
0081838c  xdc_runtime_Error_maxDepth__C                              
0081838e  xdc_runtime_LoggerBuf_Module__id__C                        
00818390  xdc_runtime_LoggerBuf_filterByLevel__C                     
00818392  xdc_runtime_Memory_Module__id__C                           
00818394  xdc_runtime_SysMin_flushAtExit__C                          
00818396  xdc_runtime_Text_charCnt__C                                
00818398  xdc_runtime_Text_isLoaded__C                               
0081839a  xdc_runtime_Text_registryModsLastId__C                     
0081839c  xdc_runtime_Text_unnamedModsLastId__C                      
008183a0  _stack                                                     
008193a0  __TI_STACK_END                                             
008193a0  ti_sysbios_BIOS_Module__state__V                           
008193c4  ti_sysbios_family_c64p_Exception_Module__state__V          
008193f4  ti_sysbios_family_c64p_Hwi_Module__root__V                 
008193fc  ti_sysbios_family_c64p_Hwi_Module__state__V                
00819464  ti_sysbios_gates_GateHwi_Module__root__V                   
0081946c  ti_sysbios_gates_GateMutex_Module__root__V                 
00819474  ti_sysbios_hal_Hwi_Module__root__V                         
0081947c  ti_sysbios_heaps_HeapMem_Module__root__V                   
00819484  ti_sysbios_knl_Clock_Module__root__V                       
0081948c  ti_sysbios_knl_Clock_Module__state__V                      
008194b8  ti_sysbios_knl_Queue_Module__root__V                       
008194c0  ti_sysbios_knl_Semaphore_Module__root__V                   
008194c8  ti_sysbios_knl_Swi_Module__root__V                         
008194d0  ti_sysbios_knl_Swi_Module__state__V                        
008194ec  ti_sysbios_knl_Task_Module__root__V                        
008194f4  ti_sysbios_knl_Task_Module__state__V                       
00819538  ti_sysbios_timers_timer64_Timer_Module__root__V            
00819540  ti_sysbios_timers_timer64_Timer_Module__state__V           
00819558  xdc_runtime_Error_Module__state__V                         
0081955c  xdc_runtime_LoggerBuf_Module__root__V                      
00819564  xdc_runtime_LoggerBuf_Module__state__V                     
0081956c  xdc_runtime_Memory_Module__state__V                        
00819570  xdc_runtime_Registry_Module__state__V                      
00819578  xdc_runtime_Startup_Module__state__V                       
00819580  xdc_runtime_SysMin_Module__state__V                        
0081958c  xdc_runtime_System_Module__state__V                        
00819594  xdc_runtime_Text_Module__state__V                          
0081959c  __xdc__init__addr                                          
008195a0  _ftable                                                    
00819780  ti_sysbios_timers_timer64_Timer_Module_State_0_device__A   
008199a0  ti_sysbios_knl_Swi_Module_State_0_readyQ__A                
00819a20  ti_sysbios_knl_Task_Module_State_0_readyQ__A               
00819aa0  ti_sysbios_timers_timer64_Timer_Module_State_0_gctrl__A    
00819b20  ti_sysbios_timers_timer64_Timer_Module_State_0_handles__A  
00819ba0  ti_sysbios_timers_timer64_Timer_Module_State_0_intFreqs__A 
00819c98  ti_sysbios_timers_timer64_Timer_Object__table__V           
00819ce8  TSK_idle                                                   
00819ce8  ti_sysbios_knl_Task_Object__table__V                       
00819d34  _lock                                                      
00819d38  ti_sysbios_gates_GateMutex_Object__table__V                
00819d78  ti_sysbios_knl_Swi_Object__table__V                        
00819da8  xdc_runtime_LoggerBuf_Object__table__V                     
00819dcc  _unlock                                                    
00819dd0  ti_sysbios_family_c64p_Hwi_Object__table__V                
00819de8  ti_sysbios_heaps_HeapMem_Object__table__V                  
00819e00  X                                                          
00819e10  XC                                                         
00819e20  Xla                                                        
00819e30  h                                                          
00819e40  hC                                                         
00819e50  hla                                                        
00819e60  xdc_runtime_System_Module_State_0_atexitHandlers__A        
00819e70  __TI_cleanup_ptr                                           
00819e74  __TI_dtors_ptr                                             
00819e78  __TI_enable_exit_profile_output                            
00819e7c  __TI_ft_end                                                
00819e80  ti_sysbios_hal_Hwi_Object__table__V                        
00819e88  y                                                          
00819e90  __errno                                                    
00819e90  errno                                                      
00819e98  ti_sysbios_gates_GateHwi_Object__table__V                  
00819ea0  ti_sysbios_knl_Task_Module_State_0_idleTask__A             
00819ea8  __CIOBUF_                                                  
0081a000  ti_sysbios_family_c64p_Hwi0                                
0081a000  ti_sysbios_family_c64p_Hwi_int0                            
0081a020  ti_sysbios_family_c64p_Hwi_int1                            
0081a040  ti_sysbios_family_c64p_Hwi_int2                            
0081a060  ti_sysbios_family_c64p_Hwi_int3                            
0081a080  ti_sysbios_family_c64p_Hwi_int4                            
0081a0a0  ti_sysbios_family_c64p_Hwi_int5                            
0081a0c0  ti_sysbios_family_c64p_Hwi_int6                            
0081a0e0  ti_sysbios_family_c64p_Hwi_int7                            
0081a100  ti_sysbios_family_c64p_Hwi_int8                            
0081a120  ti_sysbios_family_c64p_Hwi_int9                            
0081a140  ti_sysbios_family_c64p_Hwi_int10                           
0081a160  ti_sysbios_family_c64p_Hwi_int11                           
0081a180  ti_sysbios_family_c64p_Hwi_int12                           
0081a1a0  ti_sysbios_family_c64p_Hwi_int13                           
0081a1c0  ti_sysbios_family_c64p_Hwi_int14                           
0081a1e0  ti_sysbios_family_c64p_Hwi_int15                           
0081a200  Input_Data                                                 
0081a200  __TI_STATIC_BASE                                           
0081a202  Output_Data1                                               
0081a204  Output_Data2                                               
0081a206  Output_Data3                                               
0081a208  Y                                                          
0081a20c  E                                                          
0081a210  YC                                                         
0081a214  EC                                                         
0081a218  Yla                                                        
0081a21c  Ela                                                        
0081a220  A                                                          
0081a222  force                                                      
0081a7cc  __TI_Handler_Table_Base                                    
0081a7d8  __TI_Handler_Table_Limit                                   
0081a7e8  __TI_CINIT_Base                                            
0081a808  __TI_CINIT_Limit                                           
ffffffff  __TI_pprof_out_hndl                                        
ffffffff  __TI_prof_data_size                                        
ffffffff  __TI_prof_data_start                                       
ffffffff  __binit__                                                  
ffffffff  __c_args__                                                 
ffffffff  binit                                                      
UNDEFED   __TI_INITARRAY_Base                                        
UNDEFED   __TI_INITARRAY_Limit                                       

[621 symbols]
